###############################################################################
#
# IAR ELF Linker V9.30.1.335/W64 for ARM                  28/Nov/2022  12:00:35
# Copyright 2007-2022 IAR Systems AB.
#
#    Output file  =
#        C:\UserData\z004k66m\OneDrive - Siemens
#        AG\workspace_cloud\FI_FIRMWARE\EWARM\F7_Release\Exe\FI_FIRMWARE.out
#    Map file     =
#        C:\UserData\z004k66m\OneDrive - Siemens
#        AG\workspace_cloud\FI_FIRMWARE\EWARM\F7_Release\List\FI_FIRMWARE.map
#    Command line =
#        -f "C:\UserData\z004k66m\OneDrive - Siemens
#        AG\workspace_cloud\FI_FIRMWARE\EWARM\F7_Release\Exe\FI_FIRMWARE.out.rsp"
#        ("C:\UserData\z004k66m\OneDrive - Siemens
#        AG\workspace_cloud\FI_FIRMWARE\EWARM\F7_Release\Obj\Application\User\Core\Packages\Firmware\arm_math\arm_rms_q15.o"
#        "C:\UserData\z004k66m\OneDrive - Siemens
#        AG\workspace_cloud\FI_FIRMWARE\EWARM\F7_Release\Obj\Application\User\Core\Packages\Firmware\arm_math\arm_sqrt_q15.o"
#        "C:\UserData\z004k66m\OneDrive - Siemens
#        AG\workspace_cloud\FI_FIRMWARE\EWARM\F7_Release\Obj\Application\User\Core\Packages\Firmware\Tasks\calculation.o"
#        "C:\UserData\z004k66m\OneDrive - Siemens
#        AG\workspace_cloud\FI_FIRMWARE\EWARM\F7_Release\Obj\Middlewares\FreeRTOS_10_2_1\cmsis_os2.o"
#        "C:\UserData\z004k66m\OneDrive - Siemens
#        AG\workspace_cloud\FI_FIRMWARE\EWARM\F7_Release\Obj\Application\User\Core\STM32F7xx\Configuration\config.o"
#        "C:\UserData\z004k66m\OneDrive - Siemens
#        AG\workspace_cloud\FI_FIRMWARE\EWARM\F7_Release\Obj\Middlewares\FreeRTOS_10_2_1\croutine.o"
#        "C:\UserData\z004k66m\OneDrive - Siemens
#        AG\workspace_cloud\FI_FIRMWARE\EWARM\F7_Release\Obj\Application\User\Core\Packages\Firmware\Interrupt_Callback\DMA.o"
#        "C:\UserData\z004k66m\OneDrive - Siemens
#        AG\workspace_cloud\FI_FIRMWARE\EWARM\F7_Release\Obj\Middlewares\FreeRTOS_10_2_1\event_groups.o"
#        "C:\UserData\z004k66m\OneDrive - Siemens
#        AG\workspace_cloud\FI_FIRMWARE\EWARM\F7_Release\Obj\Application\User\Core\STM32F7xx\freertos.o"
#        "C:\UserData\z004k66m\OneDrive - Siemens
#        AG\workspace_cloud\FI_FIRMWARE\EWARM\F7_Release\Obj\Middlewares\FreeRTOS_10_2_1\heap_4.o"
#        "C:\UserData\z004k66m\OneDrive - Siemens
#        AG\workspace_cloud\FI_FIRMWARE\EWARM\F7_Release\Obj\Application\User\Core\STM32F7xx\initialize.o"
#        "C:\UserData\z004k66m\OneDrive - Siemens
#        AG\workspace_cloud\FI_FIRMWARE\EWARM\F7_Release\Obj\Application\User\Core\Packages\Firmware\Tasks\InitTask.o"
#        "C:\UserData\z004k66m\OneDrive - Siemens
#        AG\workspace_cloud\FI_FIRMWARE\EWARM\F7_Release\Obj\Middlewares\FreeRTOS_10_2_1\list.o"
#        "C:\UserData\z004k66m\OneDrive - Siemens
#        AG\workspace_cloud\FI_FIRMWARE\EWARM\F7_Release\Obj\Application\User\Core\Packages\Firmware\main.o"
#        "C:\UserData\z004k66m\OneDrive - Siemens
#        AG\workspace_cloud\FI_FIRMWARE\EWARM\F7_Release\Obj\Middlewares\FreeRTOS_10_2_1\port.o"
#        "C:\UserData\z004k66m\OneDrive - Siemens
#        AG\workspace_cloud\FI_FIRMWARE\EWARM\F7_Release\Obj\Middlewares\FreeRTOS_10_2_1\portasm.o"
#        "C:\UserData\z004k66m\OneDrive - Siemens
#        AG\workspace_cloud\FI_FIRMWARE\EWARM\F7_Release\Obj\Middlewares\FreeRTOS_10_2_1\queue.o"
#        "C:\UserData\z004k66m\OneDrive - Siemens
#        AG\workspace_cloud\FI_FIRMWARE\EWARM\F7_Release\Obj\Application\EWARM\startup_stm32f746xx.o"
#        "C:\UserData\z004k66m\OneDrive - Siemens
#        AG\workspace_cloud\FI_FIRMWARE\EWARM\F7_Release\Obj\Drivers\STM32F7xx_HAL_Driver\stm32f7xx_hal.o"
#        "C:\UserData\z004k66m\OneDrive - Siemens
#        AG\workspace_cloud\FI_FIRMWARE\EWARM\F7_Release\Obj\Drivers\STM32F7xx_HAL_Driver\stm32f7xx_hal_adc.o"
#        "C:\UserData\z004k66m\OneDrive - Siemens
#        AG\workspace_cloud\FI_FIRMWARE\EWARM\F7_Release\Obj\Drivers\STM32F7xx_HAL_Driver\stm32f7xx_hal_adc_ex.o"
#        "C:\UserData\z004k66m\OneDrive - Siemens
#        AG\workspace_cloud\FI_FIRMWARE\EWARM\F7_Release\Obj\Drivers\STM32F7xx_HAL_Driver\stm32f7xx_hal_cortex.o"
#        "C:\UserData\z004k66m\OneDrive - Siemens
#        AG\workspace_cloud\FI_FIRMWARE\EWARM\F7_Release\Obj\Drivers\STM32F7xx_HAL_Driver\stm32f7xx_hal_dma.o"
#        "C:\UserData\z004k66m\OneDrive - Siemens
#        AG\workspace_cloud\FI_FIRMWARE\EWARM\F7_Release\Obj\Drivers\STM32F7xx_HAL_Driver\stm32f7xx_hal_dma_ex.o"
#        "C:\UserData\z004k66m\OneDrive - Siemens
#        AG\workspace_cloud\FI_FIRMWARE\EWARM\F7_Release\Obj\Drivers\STM32F7xx_HAL_Driver\stm32f7xx_hal_exti.o"
#        "C:\UserData\z004k66m\OneDrive - Siemens
#        AG\workspace_cloud\FI_FIRMWARE\EWARM\F7_Release\Obj\Drivers\STM32F7xx_HAL_Driver\stm32f7xx_hal_flash.o"
#        "C:\UserData\z004k66m\OneDrive - Siemens
#        AG\workspace_cloud\FI_FIRMWARE\EWARM\F7_Release\Obj\Drivers\STM32F7xx_HAL_Driver\stm32f7xx_hal_flash_ex.o"
#        "C:\UserData\z004k66m\OneDrive - Siemens
#        AG\workspace_cloud\FI_FIRMWARE\EWARM\F7_Release\Obj\Drivers\STM32F7xx_HAL_Driver\stm32f7xx_hal_gpio.o"
#        "C:\UserData\z004k66m\OneDrive - Siemens
#        AG\workspace_cloud\FI_FIRMWARE\EWARM\F7_Release\Obj\Drivers\STM32F7xx_HAL_Driver\stm32f7xx_hal_i2c.o"
#        "C:\UserData\z004k66m\OneDrive - Siemens
#        AG\workspace_cloud\FI_FIRMWARE\EWARM\F7_Release\Obj\Drivers\STM32F7xx_HAL_Driver\stm32f7xx_hal_i2c_ex.o"
#        "C:\UserData\z004k66m\OneDrive - Siemens
#        AG\workspace_cloud\FI_FIRMWARE\EWARM\F7_Release\Obj\Application\User\Core\STM32F7xx\stm32f7xx_hal_msp.o"
#        "C:\UserData\z004k66m\OneDrive - Siemens
#        AG\workspace_cloud\FI_FIRMWARE\EWARM\F7_Release\Obj\Drivers\STM32F7xx_HAL_Driver\stm32f7xx_hal_pwr.o"
#        "C:\UserData\z004k66m\OneDrive - Siemens
#        AG\workspace_cloud\FI_FIRMWARE\EWARM\F7_Release\Obj\Drivers\STM32F7xx_HAL_Driver\stm32f7xx_hal_pwr_ex.o"
#        "C:\UserData\z004k66m\OneDrive - Siemens
#        AG\workspace_cloud\FI_FIRMWARE\EWARM\F7_Release\Obj\Drivers\STM32F7xx_HAL_Driver\stm32f7xx_hal_rcc.o"
#        "C:\UserData\z004k66m\OneDrive - Siemens
#        AG\workspace_cloud\FI_FIRMWARE\EWARM\F7_Release\Obj\Drivers\STM32F7xx_HAL_Driver\stm32f7xx_hal_rcc_ex.o"
#        "C:\UserData\z004k66m\OneDrive - Siemens
#        AG\workspace_cloud\FI_FIRMWARE\EWARM\F7_Release\Obj\Drivers\STM32F7xx_HAL_Driver\stm32f7xx_hal_tim.o"
#        "C:\UserData\z004k66m\OneDrive - Siemens
#        AG\workspace_cloud\FI_FIRMWARE\EWARM\F7_Release\Obj\Drivers\STM32F7xx_HAL_Driver\stm32f7xx_hal_tim_ex.o"
#        "C:\UserData\z004k66m\OneDrive - Siemens
#        AG\workspace_cloud\FI_FIRMWARE\EWARM\F7_Release\Obj\Application\User\Core\STM32F7xx\stm32f7xx_hal_timebase_tim.o"
#        "C:\UserData\z004k66m\OneDrive - Siemens
#        AG\workspace_cloud\FI_FIRMWARE\EWARM\F7_Release\Obj\Application\User\Core\STM32F7xx\stm32f7xx_it.o"
#        "C:\UserData\z004k66m\OneDrive - Siemens
#        AG\workspace_cloud\FI_FIRMWARE\EWARM\F7_Release\Obj\Middlewares\FreeRTOS_10_2_1\stream_buffer.o"
#        "C:\UserData\z004k66m\OneDrive - Siemens
#        AG\workspace_cloud\FI_FIRMWARE\EWARM\F7_Release\Obj\Drivers\CMSIS\system_stm32f7xx.o"
#        "C:\UserData\z004k66m\OneDrive - Siemens
#        AG\workspace_cloud\FI_FIRMWARE\EWARM\F7_Release\Obj\Middlewares\FreeRTOS_10_2_1\tasks.o"
#        "C:\UserData\z004k66m\OneDrive - Siemens
#        AG\workspace_cloud\FI_FIRMWARE\EWARM\F7_Release\Obj\Middlewares\FreeRTOS_10_2_1\timers.o"
#        --no_out_extension -o "C:\UserData\z004k66m\OneDrive - Siemens
#        AG\workspace_cloud\FI_FIRMWARE\EWARM\F7_Release\Exe\FI_FIRMWARE.out"
#        --redirect _Printf=_PrintfFullNoMb --redirect _Scanf=_ScanfFullNoMb
#        --map "C:\UserData\z004k66m\OneDrive - Siemens
#        AG\workspace_cloud\FI_FIRMWARE\EWARM\F7_Release\List\FI_FIRMWARE.map"
#        --config "C:\Program Files\IAR Systems\Embedded Workbench
#        9.1\arm/config/linker/ST/stm32f746xG.icf" --semihosting --entry
#        __iar_program_start --vfe --text_out locale --cpu=Cortex-M7
#        --fpu=VFPv5_sp)
#
###############################################################################

*******************************************************************************
*** RUNTIME MODEL ATTRIBUTES
***

CppFlavor       = *
__CPP_Runtime   = 1
__SystemLibrary = DLib
__dlib_version  = 6


*******************************************************************************
*** HEAP SELECTION
***

The basic heap was selected because --advanced_heap
was not specified and the application did not appear to
be primarily optimized for speed.


*******************************************************************************
*** PLACEMENT SUMMARY
***

"A0":  place at address 0x20'0000 { ro section .intvec };
"P1":  place in [from 0x20'0000 to 0x2f'ffff] { ro };
define block CSTACK with size = 8K, alignment = 8 { };
define block PROC_STACK with size = 0, alignment = 8 { };
"P4":  place in [from 0x2000'0000 to 0x2000'ffff] {
          block CSTACK, block PROC_STACK };
define block HEAP with size = 8K, alignment = 8 { };
"P5":  place in [from 0x2001'0000 to 0x2004'bfff] |
                [from 0x2004'c000 to 0x2004'ffff] { rw, block HEAP };
initialize by copy { rw };

No sections matched the following patterns:

  ro section application_specific_ro  in "P2|P7"
  rw section application_specific_rw  in "P2|P7"
  section .backup_sram                in "P6"
  section .textrw                     in "P3"


  Section            Kind         Address    Size  Object
  -------            ----         -------    ----  ------
"A0":                                       0x1c8
  .intvec            ro code    0x20'0000   0x1c8  startup_stm32f746xx.o [1]
                              - 0x20'01c8   0x1c8

"P1":                                      0x3a94
  .text              ro code    0x20'01c8   0x7a4  tasks.o [10]
  .text              ro code    0x20'096c   0x1c4  heap_4.o [10]
  .text              ro code    0x20'0b30    0x3a  ABImemset48.o [13]
  .text              ro code    0x20'0b6a    0x94  list.o [10]
  .text              ro code    0x20'0bfe    0x2a  copy_init3.o [13]
  .text              ro code    0x20'0c28   0x1b8  port.o [10]
  .text              ro code    0x20'0de0   0x318  cmsis_os2.o [10]
  .text              ro code    0x20'10f8   0x370  timers.o [10]
  .text              ro code    0x20'1468    0x2c  port.o [10]
  CODE               ro code    0x20'1494    0xb4  portasm.o [10]
  .text              ro code    0x20'1548   0x660  queue.o [10]
  .text              ro code    0x20'1ba8    0x18  ABImemcpy_small.o [13]
  .text              ro code    0x20'1bc0   0x4fc  stm32f7xx_hal_rcc.o [9]
  .text              ro code    0x20'20bc     0xc  stm32f7xx_hal.o [9]
  .text              ro code    0x20'20c8    0x9c  stm32f7xx_hal_timebase_tim.o [6]
  .text              ro code    0x20'2164   0x14a  I64DivMod_small.o [13]
  .text              ro code    0x20'22b0   0x46e  stm32f7xx_hal_tim.o [9]
  .text              ro code    0x20'2720    0x98  stm32f7xx_hal_cortex.o [9]
  .text              ro code    0x20'27b8     0x2  I64DivZer.o [13]
  .text              ro code    0x20'27bc   0x110  stm32f7xx_hal_msp.o [6]
  .text              ro code    0x20'28cc     0x2  stm32f7xx_hal_tim.o [9]
  .text              ro code    0x20'28ce     0x2  stm32f7xx_hal_tim.o [9]
  .text              ro code    0x20'28d0   0x250  initialize.o [6]
  .text              ro code    0x20'2b20     0x2  stm32f7xx_hal_tim_ex.o [9]
  .text              ro code    0x20'2b22     0x2  stm32f7xx_hal_tim_ex.o [9]
  .text              ro code    0x20'2b24     0x2  stm32f7xx_hal_tim.o [9]
  .text              ro code    0x20'2b26     0x2  stm32f7xx_hal_tim_ex.o [9]
  .text              ro code    0x20'2b28     0x2  stm32f7xx_hal_tim.o [9]
  .text              ro code    0x20'2b2c     0x6  ABImemclr4.o [13]
  .text              ro code    0x20'2b34   0x228  stm32f7xx_hal_gpio.o [9]
  .text              ro code    0x20'2d5c   0x374  stm32f7xx_hal_dma.o [9]
  .text              ro code    0x20'30d0    0x2c  stm32f7xx_hal.o [9]
  .text              ro code    0x20'30fc   0x4e2  stm32f7xx_hal_adc.o [9]
  .text              ro code    0x20'35e0    0xa0  stm32f7xx_hal_tim_ex.o [9]
  .text              ro code    0x20'3680    0x74  InitTask.o [4]
  .text              ro code    0x20'36f4    0x10  stm32f7xx_hal.o [9]
  .text              ro code    0x20'3704    0x28  DMA.o [3]
  .text              ro code    0x20'372c     0x2  stm32f7xx_hal_adc.o [9]
  .text              ro code    0x20'3730    0xc4  arm_sqrt_q15.o [5]
  .rodata            const      0x20'37f4    0x6c  InitTask.o [4]
  .text              ro code    0x20'3860    0x64  calculation.o [4]
  .text              ro code    0x20'38c4    0x56  arm_rms_q15.o [5]
  .text              ro code    0x20'391a    0x38  zero_init3.o [13]
  .text              ro code    0x20'3954    0x28  data_init.o [13]
  .text              ro code    0x20'397c    0x22  fpinit_M.o [12]
  .iar.init_table    const      0x20'39a0    0x24  - Linker created -
  .text              ro code    0x20'39c4    0x20  stm32f7xx_it.o [6]
  .text              ro code    0x20'39e4    0x20  system_stm32f7xx.o [8]
  .text              ro code    0x20'3a04    0x1e  cmain.o [13]
  .text              ro code    0x20'3a22     0x4  low_level_init.o [11]
  .text              ro code    0x20'3a26     0xa  main.o [2]
  .text              ro code    0x20'3a30     0x4  exit.o [11]
  .text              ro code    0x20'3a34     0xa  cexit.o [13]
  .text              ro code    0x20'3a40    0x14  exit.o [14]
  .text              ro code    0x20'3a54    0x1c  cstartup_M.o [13]
  .rodata            const      0x20'3a70    0x14  InitTask.o [4]
  .rodata            const      0x20'3a84    0x10  InitTask.o [4]
  .text              ro code    0x20'3a94    0x10  startup_stm32f746xx.o [1]
  .rodata            const      0x20'3aa4     0xc  InitTask.o [4]
  .rodata            const      0x20'3ab0     0xc  InitTask.o [4]
  .rodata            const      0x20'3abc     0x8  system_stm32f7xx.o [8]
  .text              ro code    0x20'3ac4     0x4  startup_stm32f746xx.o [1]
  .text              ro code    0x20'3ac8     0x4  startup_stm32f746xx.o [1]
  .text              ro code    0x20'3acc     0x4  startup_stm32f746xx.o [1]
  .text              ro code    0x20'3ad0     0x4  startup_stm32f746xx.o [1]
  .text              ro code    0x20'3ad4     0x4  startup_stm32f746xx.o [1]
  .text              ro code    0x20'3ad8     0x4  startup_stm32f746xx.o [1]
  .text              ro code    0x20'3adc     0x4  startup_stm32f746xx.o [1]
  .text              ro code    0x20'3ae0     0x4  startup_stm32f746xx.o [1]
  .text              ro code    0x20'3ae4     0x4  startup_stm32f746xx.o [1]
  .text              ro code    0x20'3ae8     0x4  startup_stm32f746xx.o [1]
  .text              ro code    0x20'3aec     0x4  startup_stm32f746xx.o [1]
  .text              ro code    0x20'3af0     0x4  startup_stm32f746xx.o [1]
  .text              ro code    0x20'3af4     0x4  startup_stm32f746xx.o [1]
  .text              ro code    0x20'3af8     0x4  startup_stm32f746xx.o [1]
  .text              ro code    0x20'3afc     0x4  startup_stm32f746xx.o [1]
  .text              ro code    0x20'3b00     0x4  startup_stm32f746xx.o [1]
  .text              ro code    0x20'3b04     0x4  startup_stm32f746xx.o [1]
  .text              ro code    0x20'3b08     0x4  startup_stm32f746xx.o [1]
  .text              ro code    0x20'3b0c     0x4  startup_stm32f746xx.o [1]
  .text              ro code    0x20'3b10     0x4  startup_stm32f746xx.o [1]
  .text              ro code    0x20'3b14     0x4  startup_stm32f746xx.o [1]
  .text              ro code    0x20'3b18     0x4  startup_stm32f746xx.o [1]
  .text              ro code    0x20'3b1c     0x4  startup_stm32f746xx.o [1]
  .text              ro code    0x20'3b20     0x4  startup_stm32f746xx.o [1]
  .text              ro code    0x20'3b24     0x4  startup_stm32f746xx.o [1]
  .text              ro code    0x20'3b28     0x4  startup_stm32f746xx.o [1]
  .text              ro code    0x20'3b2c     0x4  startup_stm32f746xx.o [1]
  .text              ro code    0x20'3b30     0x4  startup_stm32f746xx.o [1]
  .text              ro code    0x20'3b34     0x4  startup_stm32f746xx.o [1]
  .text              ro code    0x20'3b38     0x4  startup_stm32f746xx.o [1]
  .text              ro code    0x20'3b3c     0x4  startup_stm32f746xx.o [1]
  .text              ro code    0x20'3b40     0x4  startup_stm32f746xx.o [1]
  .text              ro code    0x20'3b44     0x4  startup_stm32f746xx.o [1]
  .text              ro code    0x20'3b48     0x4  startup_stm32f746xx.o [1]
  .text              ro code    0x20'3b4c     0x4  startup_stm32f746xx.o [1]
  .text              ro code    0x20'3b50     0x4  startup_stm32f746xx.o [1]
  .text              ro code    0x20'3b54     0x4  startup_stm32f746xx.o [1]
  .text              ro code    0x20'3b58     0x4  startup_stm32f746xx.o [1]
  .text              ro code    0x20'3b5c     0x4  startup_stm32f746xx.o [1]
  .text              ro code    0x20'3b60     0x4  startup_stm32f746xx.o [1]
  .text              ro code    0x20'3b64     0x4  startup_stm32f746xx.o [1]
  .text              ro code    0x20'3b68     0x4  startup_stm32f746xx.o [1]
  .text              ro code    0x20'3b6c     0x4  startup_stm32f746xx.o [1]
  .text              ro code    0x20'3b70     0x4  startup_stm32f746xx.o [1]
  .text              ro code    0x20'3b74     0x4  startup_stm32f746xx.o [1]
  .text              ro code    0x20'3b78     0x4  startup_stm32f746xx.o [1]
  .text              ro code    0x20'3b7c     0x4  startup_stm32f746xx.o [1]
  .text              ro code    0x20'3b80     0x4  startup_stm32f746xx.o [1]
  .text              ro code    0x20'3b84     0x4  startup_stm32f746xx.o [1]
  .text              ro code    0x20'3b88     0x4  startup_stm32f746xx.o [1]
  .text              ro code    0x20'3b8c     0x4  startup_stm32f746xx.o [1]
  .text              ro code    0x20'3b90     0x4  startup_stm32f746xx.o [1]
  .text              ro code    0x20'3b94     0x4  startup_stm32f746xx.o [1]
  .text              ro code    0x20'3b98     0x4  startup_stm32f746xx.o [1]
  .text              ro code    0x20'3b9c     0x4  startup_stm32f746xx.o [1]
  .text              ro code    0x20'3ba0     0x4  startup_stm32f746xx.o [1]
  .text              ro code    0x20'3ba4     0x4  startup_stm32f746xx.o [1]
  .text              ro code    0x20'3ba8     0x4  startup_stm32f746xx.o [1]
  .text              ro code    0x20'3bac     0x4  startup_stm32f746xx.o [1]
  .text              ro code    0x20'3bb0     0x4  startup_stm32f746xx.o [1]
  .text              ro code    0x20'3bb4     0x4  startup_stm32f746xx.o [1]
  .text              ro code    0x20'3bb8     0x4  startup_stm32f746xx.o [1]
  .text              ro code    0x20'3bbc     0x4  startup_stm32f746xx.o [1]
  .text              ro code    0x20'3bc0     0x4  startup_stm32f746xx.o [1]
  .text              ro code    0x20'3bc4     0x4  startup_stm32f746xx.o [1]
  .text              ro code    0x20'3bc8     0x4  startup_stm32f746xx.o [1]
  .text              ro code    0x20'3bcc     0x4  startup_stm32f746xx.o [1]
  .text              ro code    0x20'3bd0     0x4  startup_stm32f746xx.o [1]
  .text              ro code    0x20'3bd4     0x4  startup_stm32f746xx.o [1]
  .text              ro code    0x20'3bd8     0x4  startup_stm32f746xx.o [1]
  .text              ro code    0x20'3bdc     0x4  startup_stm32f746xx.o [1]
  .text              ro code    0x20'3be0     0x4  startup_stm32f746xx.o [1]
  .text              ro code    0x20'3be4     0x4  startup_stm32f746xx.o [1]
  .text              ro code    0x20'3be8     0x4  startup_stm32f746xx.o [1]
  .text              ro code    0x20'3bec     0x4  startup_stm32f746xx.o [1]
  .text              ro code    0x20'3bf0     0x4  startup_stm32f746xx.o [1]
  .text              ro code    0x20'3bf4     0x4  startup_stm32f746xx.o [1]
  .text              ro code    0x20'3bf8     0x4  startup_stm32f746xx.o [1]
  .text              ro code    0x20'3bfc     0x4  startup_stm32f746xx.o [1]
  .text              ro code    0x20'3c00     0x4  startup_stm32f746xx.o [1]
  .text              ro code    0x20'3c04     0x4  startup_stm32f746xx.o [1]
  .text              ro code    0x20'3c08     0x4  startup_stm32f746xx.o [1]
  .text              ro code    0x20'3c0c     0x4  startup_stm32f746xx.o [1]
  .text              ro code    0x20'3c10     0x4  startup_stm32f746xx.o [1]
  .text              ro code    0x20'3c14     0x4  startup_stm32f746xx.o [1]
  .text              ro code    0x20'3c18     0x4  startup_stm32f746xx.o [1]
  .text              ro code    0x20'3c1c     0x4  startup_stm32f746xx.o [1]
  .text              ro code    0x20'3c20     0x4  startup_stm32f746xx.o [1]
  .text              ro code    0x20'3c24     0x4  startup_stm32f746xx.o [1]
  .text              ro code    0x20'3c28     0x4  startup_stm32f746xx.o [1]
  .text              ro code    0x20'3c2c     0x4  startup_stm32f746xx.o [1]
  .text              ro code    0x20'3c30     0x4  startup_stm32f746xx.o [1]
  .text              ro code    0x20'3c34     0x4  startup_stm32f746xx.o [1]
  .text              ro code    0x20'3c38     0x4  startup_stm32f746xx.o [1]
  .text              ro code    0x20'3c3c     0x4  startup_stm32f746xx.o [1]
  .rodata            const      0x20'3c40     0x0  zero_init3.o [13]
  .rodata            const      0x20'3c40     0x0  copy_init3.o [13]
  Initializer bytes  const      0x20'3c40    0x1c  <for P5 s0>
                              - 0x20'3c5c  0x3a94

"P4":                                      0x2000
  CSTACK                      0x2000'0000  0x2000  <Block>
    CSTACK           uninit   0x2000'0000  0x2000  <Block tail>
                            - 0x2000'2000  0x2000

"P5", part 1 of 2:                           0x1c
  P5 s0                       0x2001'0000    0x1c  <Init block>
    .data            inited   0x2001'0000     0xc  port.o [10]
    .data            inited   0x2001'000c     0xc  stm32f7xx_hal.o [9]
    .data            inited   0x2001'0018     0x4  system_stm32f7xx.o [8]
                            - 0x2001'001c    0x1c

"P5", part 2 of 2:                         0x69d0
  .bss               zero     0x2001'001c  0x3c18  heap_4.o [10]
  .bss               zero     0x2001'3c34  0x1fd4  initialize.o [6]
  .bss               zero     0x2001'5c08   0x460  tasks.o [10]
  .bss               zero     0x2001'6068   0x45c  cmsis_os2.o [10]
  .bss               zero     0x2001'64c4   0x25c  cmsis_os2.o [10]
  .bss               zero     0x2001'6720   0x12c  timers.o [10]
  .bss               zero     0x2001'684c    0x9c  tasks.o [10]
  .bss               zero     0x2001'68e8    0x60  initialize.o [6]
  .bss               zero     0x2001'6948    0x4c  stm32f7xx_hal_timebase_tim.o [6]
  .bss               zero     0x2001'6994    0x40  queue.o [10]
  .bss               zero     0x2001'69d4    0x10  InitTask.o [4]
  .bss               zero     0x2001'69e4     0x4  cmsis_os2.o [10]
  .bss               zero     0x2001'69e8     0x2  DMA.o [3]
                            - 0x2001'69ea  0x69ce

Unused ranges:

         From           To      Size
         ----           --      ----
    0x20'3c5c    0x2f'ffff  0xf'c3a4
  0x2000'2000  0x2000'ffff    0xe000
  0x2001'69ec  0x2004'bfff  0x3'5614
  0x2004'c000  0x2004'ffff    0x4000


*******************************************************************************
*** INIT TABLE
***

          Address      Size
          -------      ----
Zero (__iar_zero_init3)
    1 destination range, total size 0x69ce:
          0x2001'001c  0x69ce

Copy (__iar_copy_init3)
    1 source range, total size 0x1c:
            0x20'3c40    0x1c
    1 destination range, total size 0x1c:
          0x2001'0000    0x1c



*******************************************************************************
*** MODULE SUMMARY
***

    Module                        ro code  ro data  rw data
    ------                        -------  -------  -------
command line/config:
    -------------------------------------------------------
    Total:

C:\UserData\z004k66m\OneDrive - Siemens AG\workspace_cloud\FI_FIRMWARE\EWARM\F7_Release\Obj\Application\EWARM: [1]
    startup_stm32f746xx.o             852
    -------------------------------------------------------
    Total:                            852

C:\UserData\z004k66m\OneDrive - Siemens AG\workspace_cloud\FI_FIRMWARE\EWARM\F7_Release\Obj\Application\User\Core\Packages\Firmware: [2]
    main.o                             10
    -------------------------------------------------------
    Total:                             10

C:\UserData\z004k66m\OneDrive - Siemens AG\workspace_cloud\FI_FIRMWARE\EWARM\F7_Release\Obj\Application\User\Core\Packages\Firmware\Interrupt_Callback: [3]
    DMA.o                              40                 2
    -------------------------------------------------------
    Total:                             40                 2

C:\UserData\z004k66m\OneDrive - Siemens AG\workspace_cloud\FI_FIRMWARE\EWARM\F7_Release\Obj\Application\User\Core\Packages\Firmware\Tasks: [4]
    InitTask.o                        116      168       16
    calculation.o                     100
    -------------------------------------------------------
    Total:                            216      168       16

C:\UserData\z004k66m\OneDrive - Siemens AG\workspace_cloud\FI_FIRMWARE\EWARM\F7_Release\Obj\Application\User\Core\Packages\Firmware\arm_math: [5]
    arm_rms_q15.o                      86
    arm_sqrt_q15.o                    196
    -------------------------------------------------------
    Total:                            282

C:\UserData\z004k66m\OneDrive - Siemens AG\workspace_cloud\FI_FIRMWARE\EWARM\F7_Release\Obj\Application\User\Core\STM32F7xx: [6]
    initialize.o                      592             8'244
    stm32f7xx_hal_msp.o               272
    stm32f7xx_hal_timebase_tim.o      156                76
    stm32f7xx_it.o                     32
    -------------------------------------------------------
    Total:                          1'052             8'320

C:\UserData\z004k66m\OneDrive - Siemens AG\workspace_cloud\FI_FIRMWARE\EWARM\F7_Release\Obj\Application\User\Core\STM32F7xx\Configuration: [7]
    -------------------------------------------------------
    Total:

C:\UserData\z004k66m\OneDrive - Siemens AG\workspace_cloud\FI_FIRMWARE\EWARM\F7_Release\Obj\Drivers\CMSIS: [8]
    system_stm32f7xx.o                 32       12        4
    -------------------------------------------------------
    Total:                             32       12        4

C:\UserData\z004k66m\OneDrive - Siemens AG\workspace_cloud\FI_FIRMWARE\EWARM\F7_Release\Obj\Drivers\STM32F7xx_HAL_Driver: [9]
    stm32f7xx_hal.o                    72       12       12
    stm32f7xx_hal_adc.o             1'252
    stm32f7xx_hal_cortex.o            152
    stm32f7xx_hal_dma.o               884
    stm32f7xx_hal_gpio.o              552
    stm32f7xx_hal_rcc.o             1'276
    stm32f7xx_hal_tim.o             1'142
    stm32f7xx_hal_tim_ex.o            166
    -------------------------------------------------------
    Total:                          5'496       12       12

C:\UserData\z004k66m\OneDrive - Siemens AG\workspace_cloud\FI_FIRMWARE\EWARM\F7_Release\Obj\Middlewares\FreeRTOS_10_2_1: [10]
    cmsis_os2.o                       792             1'724
    heap_4.o                          452            15'384
    list.o                            148
    port.o                            484       12       12
    portasm.o                         180
    queue.o                         1'632                64
    tasks.o                         1'956             1'276
    timers.o                          880               300
    -------------------------------------------------------
    Total:                          6'524       12   18'760

dl7M_tlf.a: [11]
    exit.o                              4
    low_level_init.o                    4
    -------------------------------------------------------
    Total:                              8

m7M_tls.a: [12]
    fpinit_M.o                         34
    -------------------------------------------------------
    Total:                             34

rt7M_tl.a: [13]
    ABImemclr4.o                        6
    ABImemcpy_small.o                  24
    ABImemset48.o                      58
    I64DivMod_small.o                 330
    I64DivZer.o                         2
    cexit.o                            10
    cmain.o                            30
    copy_init3.o                       42
    cstartup_M.o                       28
    data_init.o                        40
    zero_init3.o                       56
    -------------------------------------------------------
    Total:                            626

shb_l.a: [14]
    exit.o                             20
    -------------------------------------------------------
    Total:                             20

    Gaps                               18        2
    Linker created                              36    8'192
-----------------------------------------------------------
    Grand Total:                   15'210      242   35'306


*******************************************************************************
*** ENTRY LIST
***

Entry                       Address    Size  Type      Object
-----                       -------    ----  ----      ------
.iar.init_table$$Base     0x20'39a0           --   Gb  - Linker created -
.iar.init_table$$Limit    0x20'39c4           --   Gb  - Linker created -
?main                     0x20'3a05          Code  Gb  cmain.o [13]
ACCalculationTask         0x20'3861    0x4a  Code  Gb  calculation.o [4]
AC_CalculationTHandle   0x2001'69d8     0x4  Data  Gb  InitTask.o [4]
AC_CalculationT_attributes
                          0x20'3818    0x24  Data  Gb  InitTask.o [4]
ADC_DMAConvCplt           0x20'3551    0x74  Code  Lc  stm32f7xx_hal_adc.o [9]
ADC_DMAError              0x20'35cd    0x12  Code  Lc  stm32f7xx_hal_adc.o [9]
ADC_DMAHalfConvCplt       0x20'35c5     0x6  Code  Lc  stm32f7xx_hal_adc.o [9]
ADC_IRQHandler            0x20'3b0d          Code  Wk  startup_stm32f746xx.o [1]
AHBPrescTable             0x20'39f4    0x10  Data  Gb  system_stm32f7xx.o [8]
APBPrescTable             0x20'3abc     0x8  Data  Gb  system_stm32f7xx.o [8]
BusFault_Handler          0x20'39cb     0x2  Code  Gb  stm32f7xx_it.o [6]
CAN1_RX0_IRQHandler       0x20'3b15          Code  Wk  startup_stm32f746xx.o [1]
CAN1_RX1_IRQHandler       0x20'3b19          Code  Wk  startup_stm32f746xx.o [1]
CAN1_SCE_IRQHandler       0x20'3b1d          Code  Wk  startup_stm32f746xx.o [1]
CAN1_TX_IRQHandler        0x20'3b11          Code  Wk  startup_stm32f746xx.o [1]
CAN2_RX0_IRQHandler       0x20'3bbd          Code  Wk  startup_stm32f746xx.o [1]
CAN2_RX1_IRQHandler       0x20'3bc1          Code  Wk  startup_stm32f746xx.o [1]
CAN2_SCE_IRQHandler       0x20'3bc5          Code  Wk  startup_stm32f746xx.o [1]
CAN2_TX_IRQHandler        0x20'3bb9          Code  Wk  startup_stm32f746xx.o [1]
CEC_IRQHandler            0x20'3c31          Code  Wk  startup_stm32f746xx.o [1]
CSTACK$$Base            0x2000'0000           --   Gb  - Linker created -
CSTACK$$Limit           0x2000'2000           --   Gb  - Linker created -
CalculationNotifyHandle
                        0x2001'69e0     0x4  Data  Gb  InitTask.o [4]
CalculationNotify_attributes
                          0x20'36dc    0x18  Data  Gb  InitTask.o [4]
DCMI_IRQHandler           0x20'3bf5          Code  Wk  startup_stm32f746xx.o [1]
DMA1_Stream0_IRQHandler
                          0x20'3af1          Code  Wk  startup_stm32f746xx.o [1]
DMA1_Stream1_IRQHandler
                          0x20'3af5          Code  Wk  startup_stm32f746xx.o [1]
DMA1_Stream2_IRQHandler
                          0x20'3af9          Code  Wk  startup_stm32f746xx.o [1]
DMA1_Stream3_IRQHandler
                          0x20'3afd          Code  Wk  startup_stm32f746xx.o [1]
DMA1_Stream4_IRQHandler
                          0x20'3b01          Code  Wk  startup_stm32f746xx.o [1]
DMA1_Stream5_IRQHandler
                          0x20'3b05          Code  Wk  startup_stm32f746xx.o [1]
DMA1_Stream6_IRQHandler
                          0x20'3b09          Code  Wk  startup_stm32f746xx.o [1]
DMA1_Stream7_IRQHandler
                          0x20'3b7d          Code  Wk  startup_stm32f746xx.o [1]
DMA2D_IRQHandler          0x20'3c21          Code  Wk  startup_stm32f746xx.o [1]
DMA2_Stream0_IRQHandler
                          0x20'39d7     0x6  Code  Gb  stm32f7xx_it.o [6]
DMA2_Stream1_IRQHandler
                          0x20'3ba1          Code  Wk  startup_stm32f746xx.o [1]
DMA2_Stream2_IRQHandler
                          0x20'3ba5          Code  Wk  startup_stm32f746xx.o [1]
DMA2_Stream3_IRQHandler
                          0x20'3ba9          Code  Wk  startup_stm32f746xx.o [1]
DMA2_Stream4_IRQHandler
                          0x20'3bad          Code  Wk  startup_stm32f746xx.o [1]
DMA2_Stream5_IRQHandler
                          0x20'3bcd          Code  Wk  startup_stm32f746xx.o [1]
DMA2_Stream6_IRQHandler
                          0x20'3bd1          Code  Wk  startup_stm32f746xx.o [1]
DMA2_Stream7_IRQHandler
                          0x20'3bd5          Code  Wk  startup_stm32f746xx.o [1]
DMA_CalcBaseAndBitshift
                          0x20'30a1    0x26  Code  Lc  stm32f7xx_hal_dma.o [9]
DMA_CalcBaseAndBitshift::flagBitshiftOffset
                          0x20'30c8     0x8  Data  Lc  stm32f7xx_hal_dma.o [9]
DMA_SetConfig             0x20'3081    0x20  Code  Lc  stm32f7xx_hal_dma.o [9]
DebugMon_Handler          0x20'39cf     0x2  Code  Gb  stm32f7xx_it.o [6]
ETH_IRQHandler            0x20'3bb1          Code  Wk  startup_stm32f746xx.o [1]
ETH_WKUP_IRQHandler       0x20'3bb5          Code  Wk  startup_stm32f746xx.o [1]
EXTI0_IRQHandler          0x20'3add          Code  Wk  startup_stm32f746xx.o [1]
EXTI15_10_IRQHandler      0x20'3b61          Code  Wk  startup_stm32f746xx.o [1]
EXTI1_IRQHandler          0x20'3ae1          Code  Wk  startup_stm32f746xx.o [1]
EXTI2_IRQHandler          0x20'3ae5          Code  Wk  startup_stm32f746xx.o [1]
EXTI3_IRQHandler          0x20'3ae9          Code  Wk  startup_stm32f746xx.o [1]
EXTI4_IRQHandler          0x20'3aed          Code  Wk  startup_stm32f746xx.o [1]
EXTI9_5_IRQHandler        0x20'3b21          Code  Wk  startup_stm32f746xx.o [1]
Error_Handler             0x20'2b1d     0x4  Code  Gb  initialize.o [6]
FLASH_IRQHandler          0x20'3ad5          Code  Wk  startup_stm32f746xx.o [1]
FMC_IRQHandler            0x20'3b81          Code  Wk  startup_stm32f746xx.o [1]
FPU_IRQHandler            0x20'3bfd          Code  Wk  startup_stm32f746xx.o [1]
HAL_ADC_ConfigChannel     0x20'33bf   0x152  Code  Gb  stm32f7xx_hal_adc.o [9]
HAL_ADC_ConvCpltCallback
                          0x20'370d     0x6  Code  Gb  DMA.o [3]
HAL_ADC_ConvHalfCpltCallback
                          0x20'3705     0x8  Code  Gb  DMA.o [3]
HAL_ADC_ErrorCallback     0x20'372d     0x2  Code  Wk  stm32f7xx_hal_adc.o [9]
HAL_ADC_Init              0x20'30fd   0x172  Code  Gb  stm32f7xx_hal_adc.o [9]
HAL_ADC_MspInit           0x20'27f3    0x98  Code  Gb  stm32f7xx_hal_msp.o [6]
HAL_ADC_Start_DMA         0x20'3281   0x13e  Code  Gb  stm32f7xx_hal_adc.o [9]
HAL_DMA_IRQHandler        0x20'2ec7   0x19c  Code  Gb  stm32f7xx_hal_dma.o [9]
HAL_DMA_Init              0x20'2d5d    0xe8  Code  Gb  stm32f7xx_hal_dma.o [9]
HAL_DMA_Start_IT          0x20'2e45    0x76  Code  Gb  stm32f7xx_hal_dma.o [9]
HAL_GPIO_Init             0x20'2b35   0x1ea  Code  Gb  stm32f7xx_hal_gpio.o [9]
HAL_GPIO_WritePin         0x20'2d1f     0x8  Code  Gb  stm32f7xx_hal_gpio.o [9]
HAL_GetTick               0x20'20bd     0xc  Code  Wk  stm32f7xx_hal.o [9]
HAL_IncTick               0x20'36f5    0x10  Code  Wk  stm32f7xx_hal.o [9]
HAL_Init                  0x20'30d1    0x28  Code  Gb  stm32f7xx_hal.o [9]
HAL_InitTick              0x20'20c9    0x86  Code  Gb  stm32f7xx_hal_timebase_tim.o [6]
HAL_MspInit               0x20'27bd    0x36  Code  Gb  stm32f7xx_hal_msp.o [6]
HAL_NVIC_EnableIRQ        0x20'278f    0x16  Code  Gb  stm32f7xx_hal_cortex.o [9]
HAL_NVIC_SetPriority      0x20'2755    0x3a  Code  Gb  stm32f7xx_hal_cortex.o [9]
HAL_NVIC_SetPriorityGrouping
                          0x20'273b    0x1a  Code  Gb  stm32f7xx_hal_cortex.o [9]
HAL_RCC_ClockConfig       0x20'1ee9    0xfa  Code  Gb  stm32f7xx_hal_rcc.o [9]
HAL_RCC_GetClockConfig    0x20'2059    0x36  Code  Gb  stm32f7xx_hal_rcc.o [9]
HAL_RCC_GetPCLK1Freq      0x20'2043    0x10  Code  Gb  stm32f7xx_hal_rcc.o [9]
HAL_RCC_GetSysClockFreq
                          0x20'1ff7    0x4c  Code  Gb  stm32f7xx_hal_rcc.o [9]
HAL_RCC_OscConfig         0x20'1bc1   0x328  Code  Gb  stm32f7xx_hal_rcc.o [9]
HAL_TIMEx_Break2Callback
                          0x20'2b23     0x2  Code  Wk  stm32f7xx_hal_tim_ex.o [9]
HAL_TIMEx_BreakCallback
                          0x20'2b21     0x2  Code  Wk  stm32f7xx_hal_tim_ex.o [9]
HAL_TIMEx_CommutCallback
                          0x20'2b27     0x2  Code  Wk  stm32f7xx_hal_tim_ex.o [9]
HAL_TIMEx_MasterConfigSynchronization
                          0x20'35e1    0x84  Code  Gb  stm32f7xx_hal_tim_ex.o [9]
HAL_TIM_Base_Init         0x20'22b1    0x1a  Code  Gb  stm32f7xx_hal_tim.o [9]
HAL_TIM_Base_MspInit      0x20'288b    0x22  Code  Gb  stm32f7xx_hal_msp.o [6]
HAL_TIM_Base_Start_IT     0x20'22cb    0x7e  Code  Gb  stm32f7xx_hal_tim.o [9]
HAL_TIM_ConfigClockSource
                          0x20'2523    0xac  Code  Gb  stm32f7xx_hal_tim.o [9]
HAL_TIM_IC_CaptureCallback
                          0x20'28cd     0x2  Code  Wk  stm32f7xx_hal_tim.o [9]
HAL_TIM_IRQHandler        0x20'23c1   0x15c  Code  Gb  stm32f7xx_hal_tim.o [9]
HAL_TIM_OC_DelayElapsedCallback
                          0x20'28cf     0x2  Code  Wk  stm32f7xx_hal_tim.o [9]
HAL_TIM_PWM_PulseFinishedCallback
                          0x20'2b29     0x2  Code  Wk  stm32f7xx_hal_tim.o [9]
HAL_TIM_PeriodElapsedCallback
                          0x20'2aed     0xe  Code  Gb  initialize.o [6]
HAL_TIM_TriggerCallback
                          0x20'2b25     0x2  Code  Wk  stm32f7xx_hal_tim.o [9]
HardFault_Handler         0x20'39c7     0x2  Code  Gb  stm32f7xx_it.o [6]
I2C1_ER_IRQHandler        0x20'3b41          Code  Wk  startup_stm32f746xx.o [1]
I2C1_EV_IRQHandler        0x20'3b3d          Code  Wk  startup_stm32f746xx.o [1]
I2C2_ER_IRQHandler        0x20'3b49          Code  Wk  startup_stm32f746xx.o [1]
I2C2_EV_IRQHandler        0x20'3b45          Code  Wk  startup_stm32f746xx.o [1]
I2C3_ER_IRQHandler        0x20'3be1          Code  Wk  startup_stm32f746xx.o [1]
I2C3_EV_IRQHandler        0x20'3bdd          Code  Wk  startup_stm32f746xx.o [1]
I2C4_ER_IRQHandler        0x20'3c39          Code  Wk  startup_stm32f746xx.o [1]
I2C4_EV_IRQHandler        0x20'3c35          Code  Wk  startup_stm32f746xx.o [1]
Idle_Stack              0x2001'6520   0x200  Data  Lc  cmsis_os2.o [10]
Idle_TCB                0x2001'64c4    0x5c  Data  Lc  cmsis_os2.o [10]
KernelState             0x2001'69e4     0x4  Data  Lc  cmsis_os2.o [10]
LPTIM1_IRQHandler         0x20'3c2d          Code  Wk  startup_stm32f746xx.o [1]
LTDC_ER_IRQHandler        0x20'3c1d          Code  Wk  startup_stm32f746xx.o [1]
LTDC_IRQHandler           0x20'3c19          Code  Wk  startup_stm32f746xx.o [1]
MemManage_Handler         0x20'39c9     0x2  Code  Gb  stm32f7xx_it.o [6]
NMI_Handler               0x20'39c5     0x2  Code  Gb  stm32f7xx_it.o [6]
OTG_FS_IRQHandler         0x20'3bc9          Code  Wk  startup_stm32f746xx.o [1]
OTG_FS_WKUP_IRQHandler    0x20'3b69          Code  Wk  startup_stm32f746xx.o [1]
OTG_HS_EP1_IN_IRQHandler
                          0x20'3be9          Code  Wk  startup_stm32f746xx.o [1]
OTG_HS_EP1_OUT_IRQHandler
                          0x20'3be5          Code  Wk  startup_stm32f746xx.o [1]
OTG_HS_IRQHandler         0x20'3bf1          Code  Wk  startup_stm32f746xx.o [1]
OTG_HS_WKUP_IRQHandler    0x20'3bed          Code  Wk  startup_stm32f746xx.o [1]
PVD_IRQHandler            0x20'3ac9          Code  Wk  startup_stm32f746xx.o [1]
PendSV_Handler            0x20'1495          Code  Gb  portasm.o [10]
QUADSPI_IRQHandler        0x20'3c29          Code  Wk  startup_stm32f746xx.o [1]
QUEUE_msg               0x2001'69e8     0x2  Data  Gb  DMA.o [3]
RCC_IRQHandler            0x20'3ad9          Code  Wk  startup_stm32f746xx.o [1]
RNG_IRQHandler            0x20'3bf9          Code  Wk  startup_stm32f746xx.o [1]
RTC_Alarm_IRQHandler      0x20'3b65          Code  Wk  startup_stm32f746xx.o [1]
RTC_WKUP_IRQHandler       0x20'3ad1          Code  Wk  startup_stm32f746xx.o [1]
Region$$Table$$Base       0x20'39a0           --   Gb  - Linker created -
Region$$Table$$Limit      0x20'39c4           --   Gb  - Linker created -
Reset_Handler             0x20'3a95          Code  Wk  startup_stm32f746xx.o [1]
SAI1_IRQHandler           0x20'3c15          Code  Wk  startup_stm32f746xx.o [1]
SAI2_IRQHandler           0x20'3c25          Code  Wk  startup_stm32f746xx.o [1]
SDMMC1_IRQHandler         0x20'3b85          Code  Wk  startup_stm32f746xx.o [1]
SPDIF_RX_IRQHandler       0x20'3c3d          Code  Wk  startup_stm32f746xx.o [1]
SPI1_IRQHandler           0x20'3b4d          Code  Wk  startup_stm32f746xx.o [1]
SPI2_IRQHandler           0x20'3b51          Code  Wk  startup_stm32f746xx.o [1]
SPI3_IRQHandler           0x20'3b8d          Code  Wk  startup_stm32f746xx.o [1]
SPI4_IRQHandler           0x20'3c09          Code  Wk  startup_stm32f746xx.o [1]
SPI5_IRQHandler           0x20'3c0d          Code  Wk  startup_stm32f746xx.o [1]
SPI6_IRQHandler           0x20'3c11          Code  Wk  startup_stm32f746xx.o [1]
SVC_Handler               0x20'14f1          Code  Gb  portasm.o [10]
StartDefaultTask          0x20'38b9     0xa  Code  Gb  calculation.o [4]
SysTick_Handler           0x20'0d67    0x1c  Code  Gb  port.o [10]
SystemClock_Config        0x20'2a5b    0x92  Code  Gb  initialize.o [6]
SystemCoreClock         0x2001'0018     0x4  Data  Gb  system_stm32f7xx.o [8]
SystemInit                0x20'39e5     0xc  Code  Gb  system_stm32f7xx.o [8]
TAMP_STAMP_IRQHandler     0x20'3acd          Code  Wk  startup_stm32f746xx.o [1]
TIM1_BRK_TIM9_IRQHandler
                          0x20'3b25          Code  Wk  startup_stm32f746xx.o [1]
TIM1_CC_IRQHandler        0x20'3b31          Code  Wk  startup_stm32f746xx.o [1]
TIM1_TRG_COM_TIM11_IRQHandler
                          0x20'3b2d          Code  Wk  startup_stm32f746xx.o [1]
TIM1_UP_TIM10_IRQHandler
                          0x20'3b29          Code  Wk  startup_stm32f746xx.o [1]
TIM2_IRQHandler           0x20'3b35          Code  Wk  startup_stm32f746xx.o [1]
TIM3_IRQHandler           0x20'3b39          Code  Wk  startup_stm32f746xx.o [1]
TIM4_IRQHandler           0x20'39d1     0x6  Code  Gb  stm32f7xx_it.o [6]
TIM5_IRQHandler           0x20'3b89          Code  Wk  startup_stm32f746xx.o [1]
TIM6_DAC_IRQHandler       0x20'3b99          Code  Wk  startup_stm32f746xx.o [1]
TIM7_IRQHandler           0x20'3b9d          Code  Wk  startup_stm32f746xx.o [1]
TIM8_BRK_TIM12_IRQHandler
                          0x20'3b6d          Code  Wk  startup_stm32f746xx.o [1]
TIM8_CC_IRQHandler        0x20'3b79          Code  Wk  startup_stm32f746xx.o [1]
TIM8_TRG_COM_TIM14_IRQHandler
                          0x20'3b75          Code  Wk  startup_stm32f746xx.o [1]
TIM8_UP_TIM13_IRQHandler
                          0x20'3b71          Code  Wk  startup_stm32f746xx.o [1]
TIM_Base_SetConfig        0x20'25e1    0xa4  Code  Gb  stm32f7xx_hal_tim.o [9]
TIM_ETR_SetConfig         0x20'270b    0x14  Code  Gb  stm32f7xx_hal_tim.o [9]
TIM_ITRx_SetConfig        0x20'26fb    0x10  Code  Lc  stm32f7xx_hal_tim.o [9]
TIM_TI1_ConfigInputStage
                          0x20'26b5    0x22  Code  Lc  stm32f7xx_hal_tim.o [9]
TIM_TI2_ConfigInputStage
                          0x20'26d7    0x24  Code  Lc  stm32f7xx_hal_tim.o [9]
TestTask                  0x20'38c3     0x2  Code  Gb  calculation.o [4]
TestTask_TaskHandle     0x2001'69dc     0x4  Data  Gb  InitTask.o [4]
TestTask_attributes       0x20'383c    0x24  Data  Gb  InitTask.o [4]
Timer_Stack             0x2001'60c4   0x400  Data  Lc  cmsis_os2.o [10]
Timer_TCB               0x2001'6068    0x5c  Data  Lc  cmsis_os2.o [10]
UART4_IRQHandler          0x20'3b91          Code  Wk  startup_stm32f746xx.o [1]
UART5_IRQHandler          0x20'3b95          Code  Wk  startup_stm32f746xx.o [1]
UART7_IRQHandler          0x20'3c01          Code  Wk  startup_stm32f746xx.o [1]
UART8_IRQHandler          0x20'3c05          Code  Wk  startup_stm32f746xx.o [1]
USART1_IRQHandler         0x20'3b55          Code  Wk  startup_stm32f746xx.o [1]
USART2_IRQHandler         0x20'3b59          Code  Wk  startup_stm32f746xx.o [1]
USART3_IRQHandler         0x20'3b5d          Code  Wk  startup_stm32f746xx.o [1]
USART6_IRQHandler         0x20'3bd9          Code  Wk  startup_stm32f746xx.o [1]
UsageFault_Handler        0x20'39cd     0x2  Code  Gb  stm32f7xx_it.o [6]
WWDG_IRQHandler           0x20'3ac5          Code  Wk  startup_stm32f746xx.o [1]
__NVIC_SetPriority        0x20'2721    0x1a  Code  Lc  stm32f7xx_hal_cortex.o [9]
__aeabi_ldiv0             0x20'27b9          Code  Gb  I64DivZer.o [13]
__aeabi_memclr4           0x20'2b2d          Code  Gb  ABImemclr4.o [13]
__aeabi_memset4           0x20'0b31          Code  Gb  ABImemset48.o [13]
__aeabi_memset8           0x20'0b31          Code  Gb  ABImemset48.o [13]
__cmain                   0x20'3a05          Code  Gb  cmain.o [13]
__exit                    0x20'3a41    0x14  Code  Gb  exit.o [14]
__iar_Memset4_word        0x20'0b39          Code  Gb  ABImemset48.o [13]
__iar_Memset8_word        0x20'0b39          Code  Gb  ABImemset48.o [13]
__iar_copy_init3          0x20'0bff    0x2a  Code  Gb  copy_init3.o [13]
__iar_data_init3          0x20'3955    0x28  Code  Gb  data_init.o [13]
__iar_init_vfp            0x20'397d          Code  Gb  fpinit_M.o [12]
__iar_program_start       0x20'3a55          Code  Gb  cstartup_M.o [13]
__iar_small_Memcpy        0x20'1bad          Code  Gb  ABImemcpy_small.o [13]
__iar_small_ldivmod       0x20'2165          Code  Gb  I64DivMod_small.o [13]
__iar_small_memcpy        0x20'1ba9          Code  Gb  ABImemcpy_small.o [13]
__iar_small_memcpy4       0x20'1ba9          Code  Gb  ABImemcpy_small.o [13]
__iar_small_memcpy8       0x20'1ba9          Code  Gb  ABImemcpy_small.o [13]
__iar_small_uldivmod      0x20'21a9          Code  Gb  I64DivMod_small.o [13]
__iar_zero_init3          0x20'391b    0x38  Code  Gb  zero_init3.o [13]
__low_level_init          0x20'3a23     0x4  Code  Gb  low_level_init.o [11]
__vector_table            0x20'0000          Data  Gb  startup_stm32f746xx.o [1]
_call_main                0x20'3a11          Code  Gb  cmain.o [13]
_exit                     0x20'3a35          Code  Gb  cexit.o [13]
arm_rms_q15               0x20'38c5    0x56  Code  Gb  arm_rms_q15.o [5]
arm_sqrt_q15              0x20'3731    0xc4  Code  Gb  arm_sqrt_q15.o [5]
defaultTaskHandle       0x2001'69d4     0x4  Data  Gb  InitTask.o [4]
defaultTask_attributes    0x20'37f4    0x24  Data  Gb  InitTask.o [4]
dmabuffer               0x2001'3cc8  0x1f40  Data  Gb  initialize.o [6]
exit                      0x20'3a31     0x4  Code  Gb  exit.o [11]
hadc3                   0x2001'3c34    0x48  Data  Gb  initialize.o [6]
hdma_adc3               0x2001'68e8    0x60  Data  Gb  initialize.o [6]
htim1                   0x2001'3c7c    0x4c  Data  Gb  initialize.o [6]
htim4                   0x2001'6948    0x4c  Data  Gb  stm32f7xx_hal_timebase_tim.o [6]
init_tasks                0x20'3681    0x48  Code  Gb  InitTask.o [4]
initialize                0x20'28d1   0x18a  Code  Gb  initialize.o [6]
main                      0x20'3a27     0xa  Code  Gb  main.o [2]
osDelay                   0x20'0f11    0x2e  Code  Gb  cmsis_os2.o [10]
osKernelInitialize        0x20'0de1    0x2c  Code  Gb  cmsis_os2.o [10]
osKernelStart             0x20'0e15    0x36  Code  Gb  cmsis_os2.o [10]
osMessageQueueGet         0x20'1059    0x62  Code  Gb  cmsis_os2.o [10]
osMessageQueueNew         0x20'0f6d    0x76  Code  Gb  cmsis_os2.o [10]
osMessageQueuePut         0x20'0ff3    0x66  Code  Gb  cmsis_os2.o [10]
osThreadNew               0x20'0e57    0xac  Code  Gb  cmsis_os2.o [10]
prvAddCurrentTaskToDelayedList
                          0x20'08ff    0x4e  Code  Lc  tasks.o [10]
prvAddNewTaskToReadyList
                          0x20'031b    0xb0  Code  Lc  tasks.o [10]
prvCheckForValidListAndQueue
                          0x20'1401    0x4e  Code  Lc  timers.o [10]
prvCheckForValidListAndQueue{1}{2}{3}{4}::ucStaticTimerQueueStorage
                        0x2001'67ac    0xa0  Data  Lc  timers.o [10]
prvCheckForValidListAndQueue{1}{2}{3}{4}::xStaticTimerQueue
                        0x2001'675c    0x50  Data  Lc  timers.o [10]
prvCopyDataFromQueue      0x20'1a95    0x26  Code  Lc  queue.o [10]
prvCopyDataToQueue        0x20'1a2d    0x68  Code  Lc  queue.o [10]
prvDeleteTCB              0x20'07ff    0x2a  Code  Lc  tasks.o [10]
prvIdleTask               0x20'07b5    0x4a  Code  Lc  tasks.o [10]
prvInitialiseNewQueue     0x20'1659    0x20  Code  Lc  queue.o [10]
prvInitialiseNewTask      0x20'028d    0x8e  Code  Lc  tasks.o [10]
prvInsertBlockIntoFreeList
                          0x20'0ae3    0x46  Code  Lc  heap_4.o [10]
prvInsertTimerInActiveList
                          0x20'13cd    0x34  Code  Lc  timers.o [10]
prvIsQueueEmpty           0x20'1b23    0x16  Code  Lc  queue.o [10]
prvResetNextTaskUnblockTime
                          0x20'0829    0x1c  Code  Lc  tasks.o [10]
prvSampleTimeNow          0x20'1333    0x86  Code  Lc  timers.o [10]
prvSampleTimeNow::xLastTime
                        0x2001'6730     0x4  Data  Lc  timers.o [10]
prvTaskExitError          0x20'0c51    0x20  Code  Lc  port.o [10]
prvTimerTask              0x20'11a5   0x18e  Code  Lc  timers.o [10]
prvUnlockQueue            0x20'1abb    0x68  Code  Lc  queue.o [10]
pvPortMalloc              0x20'096d   0x112  Code  Gb  heap_4.o [10]
pxCurrentTCB            0x2001'6874     0x4  Data  Gb  tasks.o [10]
pxCurrentTimerList      0x2001'6720     0x4  Data  Lc  timers.o [10]
pxDelayedTaskList       0x2001'6878     0x4  Data  Lc  tasks.o [10]
pxEnd                   0x2001'0024     0x4  Data  Lc  heap_4.o [10]
pxOverflowDelayedTaskList
                        0x2001'687c     0x4  Data  Lc  tasks.o [10]
pxOverflowTimerList     0x2001'6724     0x4  Data  Lc  timers.o [10]
pxPortInitialiseStack     0x20'0c29    0x26  Code  Gb  port.o [10]
pxReadyTasksLists       0x2001'5c08   0x460  Data  Lc  tasks.o [10]
ucHeap                  0x2001'0034  0x3c00  Data  Lc  heap_4.o [10]
ucMaxSysCallPriority    0x2001'0000     0x1  Data  Lc  port.o [10]
ulMaxPRIGROUPValue      0x2001'0008     0x4  Data  Lc  port.o [10]
uwTick                  0x2001'0010     0x4  Data  Gb  stm32f7xx_hal.o [9]
uwTickFreq              0x2001'000c     0x1  Data  Gb  stm32f7xx_hal.o [9]
uwTickPrio              0x2001'0014     0x4  Data  Gb  stm32f7xx_hal.o [9]
uxCriticalNesting       0x2001'0004     0x4  Data  Lc  port.o [10]
uxCurrentNumberOfTasks  0x2001'6898     0x4  Data  Lc  tasks.o [10]
uxDeletedTasksWaitingCleanUp
                        0x2001'6880     0x4  Data  Lc  tasks.o [10]
uxListRemove              0x20'0bd7    0x28  Code  Gb  list.o [10]
uxPendedTicks           0x2001'68a8     0x4  Data  Lc  tasks.o [10]
uxSchedulerSuspended    0x2001'68bc     0x4  Data  Lc  tasks.o [10]
uxTaskNumber            0x2001'68b4     0x4  Data  Lc  tasks.o [10]
uxTopReadyPriority      0x2001'68a0     0x4  Data  Lc  tasks.o [10]
vApplicationGetIdleTaskMemory
                          0x20'10c9    0x10  Code  Gb  cmsis_os2.o [10]
vApplicationGetTimerTaskMemory
                          0x20'10d9    0x12  Code  Gb  cmsis_os2.o [10]
vListInitialise           0x20'0b6b    0x1a  Code  Gb  list.o [10]
vListInitialiseItem       0x20'0b85     0x6  Code  Gb  list.o [10]
vListInsert               0x20'0ba5    0x32  Code  Gb  list.o [10]
vListInsertEnd            0x20'0b8b    0x1a  Code  Gb  list.o [10]
vPortEnableVFP            0x20'152d          Code  Gb  portasm.o [10]
vPortEnterCritical        0x20'0d07    0x3a  Code  Gb  port.o [10]
vPortExitCritical         0x20'0d41    0x26  Code  Gb  port.o [10]
vPortFree                 0x20'0a91    0x52  Code  Gb  heap_4.o [10]
vPortSetupTimerInterrupt
                          0x20'1469    0x2c  Code  Wk  port.o [10]
vPortStartFirstTask       0x20'150d          Code  Gb  portasm.o [10]
vPortValidateInterruptPriority
                          0x20'0d85    0x40  Code  Gb  port.o [10]
vQueueAddToRegistry       0x20'1b39    0x20  Code  Gb  queue.o [10]
vQueueWaitForMessageRestricted
                          0x20'1b61    0x48  Code  Gb  queue.o [10]
vTaskDelay                0x20'03e9    0x2a  Code  Gb  tasks.o [10]
vTaskInternalSetTimeOutState
                          0x20'072d     0xe  Code  Gb  tasks.o [10]
vTaskMissedYield          0x20'07ab     0xa  Code  Gb  tasks.o [10]
vTaskPlaceOnEventList     0x20'0677    0x20  Code  Gb  tasks.o [10]
vTaskPlaceOnEventListRestricted
                          0x20'0697    0x20  Code  Gb  tasks.o [10]
vTaskStartScheduler       0x20'043b    0x66  Code  Gb  tasks.o [10]
vTaskSuspendAll           0x20'04b3     0xc  Code  Gb  tasks.o [10]
vTaskSwitchContext        0x20'062b    0x4c  Code  Gb  tasks.o [10]
xActiveTimerList1       0x2001'6734    0x14  Data  Lc  timers.o [10]
xActiveTimerList2       0x2001'6748    0x14  Data  Lc  timers.o [10]
xBlockAllocatedBit      0x2001'0030     0x4  Data  Lc  heap_4.o [10]
xDelayedTaskList1       0x2001'68c0    0x14  Data  Lc  tasks.o [10]
xDelayedTaskList2       0x2001'68d4    0x14  Data  Lc  tasks.o [10]
xFreeBytesRemaining     0x2001'0028     0x4  Data  Lc  heap_4.o [10]
xMinimumEverFreeBytesRemaining
                        0x2001'002c     0x4  Data  Lc  heap_4.o [10]
xNextTaskUnblockTime    0x2001'68b8     0x4  Data  Lc  tasks.o [10]
xNumOfOverflows         0x2001'68b0     0x4  Data  Lc  tasks.o [10]
xPendingReadyList       0x2001'684c    0x14  Data  Lc  tasks.o [10]
xPortStartScheduler       0x20'0c71    0x82  Code  Gb  port.o [10]
xQueueGenericCreate       0x20'161b    0x3e  Code  Gb  queue.o [10]
xQueueGenericCreateStatic
                          0x20'15bb    0x4e  Code  Gb  queue.o [10]
xQueueGenericReset        0x20'1549    0x72  Code  Gb  queue.o [10]
xQueueGenericSend         0x20'168d   0x11a  Code  Gb  queue.o [10]
xQueueGenericSendFromISR
                          0x20'17bd    0x94  Code  Gb  queue.o [10]
xQueueReceive             0x20'1863    0xea  Code  Gb  queue.o [10]
xQueueReceiveFromISR      0x20'19a5    0x76  Code  Gb  queue.o [10]
xQueueRegistry          0x2001'6994    0x40  Data  Gb  queue.o [10]
xSchedulerRunning       0x2001'68a4     0x4  Data  Lc  tasks.o [10]
xStart                  0x2001'001c     0x8  Data  Lc  heap_4.o [10]
xSuspendedTaskList      0x2001'6884    0x14  Data  Lc  tasks.o [10]
xTaskCheckForTimeOut      0x20'073b    0x5e  Code  Gb  tasks.o [10]
xTaskCreate               0x20'0231    0x5c  Code  Gb  tasks.o [10]
xTaskCreateStatic         0x20'01c9    0x56  Code  Gb  tasks.o [10]
xTaskGetSchedulerState    0x20'0845    0x18  Code  Gb  tasks.o [10]
xTaskGetTickCount         0x20'0555     0x8  Code  Gb  tasks.o [10]
xTaskIncrementTick        0x20'055d    0xba  Code  Gb  tasks.o [10]
xTaskPriorityDisinherit
                          0x20'0863    0x52  Code  Gb  tasks.o [10]
xTaskRemoveFromEventList
                          0x20'06c9    0x4c  Code  Gb  tasks.o [10]
xTaskResumeAll            0x20'04bf    0x96  Code  Gb  tasks.o [10]
xTasksWaitingTermination
                        0x2001'6860    0x14  Data  Lc  tasks.o [10]
xTickCount              0x2001'689c     0x4  Data  Lc  tasks.o [10]
xTimerCreateTimerTask     0x20'10f9    0x5c  Code  Gb  timers.o [10]
xTimerGenericCommand      0x20'1155    0x4e  Code  Gb  timers.o [10]
xTimerQueue             0x2001'6728     0x4  Data  Lc  timers.o [10]
xTimerTaskHandle        0x2001'672c     0x4  Data  Lc  timers.o [10]
xYieldPending           0x2001'68ac     0x4  Data  Lc  tasks.o [10]


[1] = C:\UserData\z004k66m\OneDrive - Siemens AG\workspace_cloud\FI_FIRMWARE\EWARM\F7_Release\Obj\Application\EWARM
[2] = C:\UserData\z004k66m\OneDrive - Siemens AG\workspace_cloud\FI_FIRMWARE\EWARM\F7_Release\Obj\Application\User\Core\Packages\Firmware
[3] = C:\UserData\z004k66m\OneDrive - Siemens AG\workspace_cloud\FI_FIRMWARE\EWARM\F7_Release\Obj\Application\User\Core\Packages\Firmware\Interrupt_Callback
[4] = C:\UserData\z004k66m\OneDrive - Siemens AG\workspace_cloud\FI_FIRMWARE\EWARM\F7_Release\Obj\Application\User\Core\Packages\Firmware\Tasks
[5] = C:\UserData\z004k66m\OneDrive - Siemens AG\workspace_cloud\FI_FIRMWARE\EWARM\F7_Release\Obj\Application\User\Core\Packages\Firmware\arm_math
[6] = C:\UserData\z004k66m\OneDrive - Siemens AG\workspace_cloud\FI_FIRMWARE\EWARM\F7_Release\Obj\Application\User\Core\STM32F7xx
[7] = C:\UserData\z004k66m\OneDrive - Siemens AG\workspace_cloud\FI_FIRMWARE\EWARM\F7_Release\Obj\Application\User\Core\STM32F7xx\Configuration
[8] = C:\UserData\z004k66m\OneDrive - Siemens AG\workspace_cloud\FI_FIRMWARE\EWARM\F7_Release\Obj\Drivers\CMSIS
[9] = C:\UserData\z004k66m\OneDrive - Siemens AG\workspace_cloud\FI_FIRMWARE\EWARM\F7_Release\Obj\Drivers\STM32F7xx_HAL_Driver
[10] = C:\UserData\z004k66m\OneDrive - Siemens AG\workspace_cloud\FI_FIRMWARE\EWARM\F7_Release\Obj\Middlewares\FreeRTOS_10_2_1
[11] = dl7M_tlf.a
[12] = m7M_tls.a
[13] = rt7M_tl.a
[14] = shb_l.a

  15'210 bytes of readonly  code memory
     242 bytes of readonly  data memory
  35'306 bytes of readwrite data memory

Errors: none
Warnings: none
