###############################################################################
#
# IAR ELF Linker V9.30.1.335/W64 for ARM                  23/Nov/2022  15:37:03
# Copyright 2007-2022 IAR Systems AB.
#
#    Output file  =
#        C:\UserData\z004k66m\OneDrive - Siemens
#        AG\workspace_cloud\FI_FIRMWARE\EWARM\STM32F407_Debug_BareMetal\Exe\FI_FIRMWARE.out
#    Map file     =
#        C:\UserData\z004k66m\OneDrive - Siemens
#        AG\workspace_cloud\FI_FIRMWARE\EWARM\STM32F407_Debug_BareMetal\List\FI_FIRMWARE.map
#    Command line =
#        -f "C:\UserData\z004k66m\OneDrive - Siemens
#        AG\workspace_cloud\FI_FIRMWARE\EWARM\STM32F407_Debug_BareMetal\Exe\FI_FIRMWARE.out.rsp"
#        ("C:\UserData\z004k66m\OneDrive - Siemens
#        AG\workspace_cloud\FI_FIRMWARE\EWARM\STM32F407_Debug_BareMetal\Obj\Application\User\Core\Packages\Firmware\arm_math\arm_rms_q15.o"
#        "C:\UserData\z004k66m\OneDrive - Siemens
#        AG\workspace_cloud\FI_FIRMWARE\EWARM\STM32F407_Debug_BareMetal\Obj\Application\User\Core\Packages\Firmware\arm_math\arm_sqrt_q15.o"
#        "C:\UserData\z004k66m\OneDrive - Siemens
#        AG\workspace_cloud\FI_FIRMWARE\EWARM\STM32F407_Debug_BareMetal\Obj\Application\User\Core\Packages\Firmware\Tasks\calculation.o"
#        "C:\UserData\z004k66m\OneDrive - Siemens
#        AG\workspace_cloud\FI_FIRMWARE\EWARM\STM32F407_Debug_BareMetal\Obj\Middlewares\FreeRTOS\cmsis_os2.o"
#        "C:\UserData\z004k66m\OneDrive - Siemens
#        AG\workspace_cloud\FI_FIRMWARE\EWARM\STM32F407_Debug_BareMetal\Obj\Application\User\Core\Packages\Firmware\Configuration\config.o"
#        "C:\UserData\z004k66m\OneDrive - Siemens
#        AG\workspace_cloud\FI_FIRMWARE\EWARM\STM32F407_Debug_BareMetal\Obj\Middlewares\FreeRTOS\croutine.o"
#        "C:\UserData\z004k66m\OneDrive - Siemens
#        AG\workspace_cloud\FI_FIRMWARE\EWARM\STM32F407_Debug_BareMetal\Obj\Application\User\Core\Packages\Debug\SerialWireDebug\DebugTest.o"
#        "C:\UserData\z004k66m\OneDrive - Siemens
#        AG\workspace_cloud\FI_FIRMWARE\EWARM\STM32F407_Debug_BareMetal\Obj\Middlewares\FreeRTOS\event_groups.o"
#        "C:\UserData\z004k66m\OneDrive - Siemens
#        AG\workspace_cloud\FI_FIRMWARE\EWARM\STM32F407_Debug_BareMetal\Obj\Application\User\Core\Packages\Stm32F4xx_BareMetal\freertos.o"
#        "C:\UserData\z004k66m\OneDrive - Siemens
#        AG\workspace_cloud\FI_FIRMWARE\EWARM\STM32F407_Debug_BareMetal\Obj\Middlewares\FreeRTOS\heap_4.o"
#        "C:\UserData\z004k66m\OneDrive - Siemens
#        AG\workspace_cloud\FI_FIRMWARE\EWARM\STM32F407_Debug_BareMetal\Obj\Application\User\Core\Packages\Stm32F4xx_BareMetal\initialize.o"
#        "C:\UserData\z004k66m\OneDrive - Siemens
#        AG\workspace_cloud\FI_FIRMWARE\EWARM\STM32F407_Debug_BareMetal\Obj\Application\User\Core\Packages\Firmware\Tasks\InitTask.o"
#        "C:\UserData\z004k66m\OneDrive - Siemens
#        AG\workspace_cloud\FI_FIRMWARE\EWARM\STM32F407_Debug_BareMetal\Obj\Middlewares\FreeRTOS\list.o"
#        "C:\UserData\z004k66m\OneDrive - Siemens
#        AG\workspace_cloud\FI_FIRMWARE\EWARM\STM32F407_Debug_BareMetal\Obj\Application\User\Core\Packages\Firmware\main.o"
#        "C:\UserData\z004k66m\OneDrive - Siemens
#        AG\workspace_cloud\FI_FIRMWARE\EWARM\STM32F407_Debug_BareMetal\Obj\Middlewares\FreeRTOS\port.o"
#        "C:\UserData\z004k66m\OneDrive - Siemens
#        AG\workspace_cloud\FI_FIRMWARE\EWARM\STM32F407_Debug_BareMetal\Obj\Middlewares\FreeRTOS\portasm.o"
#        "C:\UserData\z004k66m\OneDrive - Siemens
#        AG\workspace_cloud\FI_FIRMWARE\EWARM\STM32F407_Debug_BareMetal\Obj\Middlewares\FreeRTOS\queue.o"
#        "C:\UserData\z004k66m\OneDrive - Siemens
#        AG\workspace_cloud\FI_FIRMWARE\EWARM\STM32F407_Debug_BareMetal\Obj\Application\User\Core\Packages\Debug\SystemView\SEGGER\SEGGER_RTT.o"
#        "C:\UserData\z004k66m\OneDrive - Siemens
#        AG\workspace_cloud\FI_FIRMWARE\EWARM\STM32F407_Debug_BareMetal\Obj\Application\User\Core\Packages\Debug\SystemView\SEGGER\SEGGER_RTT_ASM_ARMv7M.o"
#        "C:\UserData\z004k66m\OneDrive - Siemens
#        AG\workspace_cloud\FI_FIRMWARE\EWARM\STM32F407_Debug_BareMetal\Obj\Application\User\Core\Packages\Debug\SystemView\SEGGER\SEGGER_RTT_printf.o"
#        "C:\UserData\z004k66m\OneDrive - Siemens
#        AG\workspace_cloud\FI_FIRMWARE\EWARM\STM32F407_Debug_BareMetal\Obj\Application\User\Core\Packages\Debug\SystemView\SEGGER\Syscalls\SEGGER_RTT_Syscalls_IAR.o"
#        "C:\UserData\z004k66m\OneDrive - Siemens
#        AG\workspace_cloud\FI_FIRMWARE\EWARM\STM32F407_Debug_BareMetal\Obj\Application\User\Core\Packages\Debug\SystemView\SEGGER\SEGGER_SYSVIEW.o"
#        "C:\UserData\z004k66m\OneDrive - Siemens
#        AG\workspace_cloud\FI_FIRMWARE\EWARM\STM32F407_Debug_BareMetal\Obj\Application\User\Core\Packages\Debug\SystemView\Config\SEGGER_SYSVIEW_Config_FreeRTOS.o"
#        "C:\UserData\z004k66m\OneDrive - Siemens
#        AG\workspace_cloud\FI_FIRMWARE\EWARM\STM32F407_Debug_BareMetal\Obj\Application\User\Core\Packages\Debug\SystemView\Config\SEGGER_SYSVIEW_FreeRTOS.o"
#        "C:\UserData\z004k66m\OneDrive - Siemens
#        AG\workspace_cloud\FI_FIRMWARE\EWARM\STM32F407_Debug_BareMetal\Obj\Application\EWARM\startup_stm32f407xx.o"
#        "C:\UserData\z004k66m\OneDrive - Siemens
#        AG\workspace_cloud\FI_FIRMWARE\EWARM\STM32F407_Debug_BareMetal\Obj\Middlewares\FreeRTOS\stream_buffer.o"
#        "C:\UserData\z004k66m\OneDrive - Siemens
#        AG\workspace_cloud\FI_FIRMWARE\EWARM\STM32F407_Debug_BareMetal\Obj\Drivers\CMSIS\system_stm32f4xx.o"
#        "C:\UserData\z004k66m\OneDrive - Siemens
#        AG\workspace_cloud\FI_FIRMWARE\EWARM\STM32F407_Debug_BareMetal\Obj\Middlewares\FreeRTOS\tasks.o"
#        "C:\UserData\z004k66m\OneDrive - Siemens
#        AG\workspace_cloud\FI_FIRMWARE\EWARM\STM32F407_Debug_BareMetal\Obj\Middlewares\FreeRTOS\timers.o"
#        --no_out_extension -o "C:\UserData\z004k66m\OneDrive - Siemens
#        AG\workspace_cloud\FI_FIRMWARE\EWARM\STM32F407_Debug_BareMetal\Exe\FI_FIRMWARE.out"
#        --redirect _Printf=_PrintfFullNoMb --redirect _Scanf=_ScanfFullNoMb
#        --map "C:\UserData\z004k66m\OneDrive - Siemens
#        AG\workspace_cloud\FI_FIRMWARE\EWARM\STM32F407_Debug_BareMetal\List\FI_FIRMWARE.map"
#        --config "C:\UserData\z004k66m\OneDrive - Siemens
#        AG\workspace_cloud\FI_FIRMWARE\EWARM/stm32f407xx_flash.icf"
#        --semihosting --entry __iar_program_start --vfe --text_out locale
#        --cpu=Cortex-M4 --fpu=VFPv4_sp)
#
###############################################################################

*******************************************************************************
*** RUNTIME MODEL ATTRIBUTES
***

CppFlavor       = *
__CPP_Runtime   = 1
__SystemLibrary = DLib
__dlib_version  = 6


*******************************************************************************
*** HEAP SELECTION
***

The basic heap was selected because --advanced_heap
was not specified and the application did not appear to
be primarily optimized for speed.


*******************************************************************************
*** PLACEMENT SUMMARY
***

"A0":  place at address 0x800'0000 { ro section .intvec };
"P1":  place in [from 0x800'0000 to 0x80f'ffff] { ro };
define block CSTACK with size = 1K, alignment = 8 { };
define block HEAP with size = 512, alignment = 8 { };
"P2":  place in [from 0x2000'0000 to 0x2001'ffff] {
          rw, block CSTACK, block HEAP };
initialize by copy { rw };

  Section            Kind         Address    Size  Object
  -------            ----         -------    ----  ------
"A0":                                       0x188
  .intvec            ro code   0x800'0000   0x188  startup_stm32f407xx.o [1]
                             - 0x800'0188   0x188

"P1":                                      0x309c
  .text              ro code   0x800'0188   0x84c  tasks.o [12]
  .text              ro code   0x800'09d4   0x1b0  heap_4.o [12]
  .text              ro code   0x800'0b84    0x3a  ABImemset48.o [15]
  .text              ro code   0x800'0bbe    0x92  list.o [12]
  .text              ro code   0x800'0c50   0x1d2  port.o [12]
  .text              ro code   0x800'0e22    0x2a  copy_init3.o [15]
  .text              ro code   0x800'0e4c   0x798  SEGGER_SYSVIEW.o [4]
  .text              ro code   0x800'15e4    0xd8  SEGGER_SYSVIEW_FreeRTOS.o [3]
  .text              ro code   0x800'16bc    0x14  cmsis_os2.o [12]
  .text              ro code   0x800'16d0   0x354  timers.o [12]
  .text              ro code   0x800'1a24    0x1e  memcmp_small.o [15]
  .text              ro code   0x800'1a44    0x28  port.o [12]
  CODE               ro code   0x800'1a6c    0xb0  portasm.o [12]
  .text              ro code   0x800'1b1c   0x200  SEGGER_RTT.o [4]
  .text              ro code   0x800'1d1c    0x94  SEGGER_RTT_ASM_ARMv7M.o [4]
  .text              ro code   0x800'1db0     0x6  ABImemclr4.o [15]
  .text              ro code   0x800'1db8    0x18  cmsis_os2.o [12]
  .text              ro code   0x800'1dd0   0x738  queue.o [12]
  .text              ro code   0x800'2508    0x18  ABImemcpy_small.o [15]
  .text              ro code   0x800'2520   0x28c  initialize.o [10]
  .text              ro code   0x800'27ac    0x5c  SEGGER_SYSVIEW_Config_FreeRTOS.o [3]
  .text              ro code   0x800'2808    0x74  InitTask.o [8]
  .text              ro code   0x800'287c    0x90  system_stm32f4xx.o [11]
  .text              ro code   0x800'290c     0xc  DebugTest.o [2]
  .text              ro code   0x800'2918   0x260  cmsis_os2.o [12]
  .text              ro code   0x800'2b78   0x14a  I64DivMod_small.o [15]
  .text              ro code   0x800'2cc4     0x2  I64DivZer.o [15]
  .text              ro code   0x800'2cc8    0xb4  arm_sqrt_q15.o [9]
  .text              ro code   0x800'2d7c    0x90  calculation.o [8]
  .text              ro code   0x800'2e0c    0x56  arm_rms_q15.o [9]
  .rodata            const     0x800'2e64    0x6c  InitTask.o [8]
  .rodata            const     0x800'2ed0    0x50  SEGGER_SYSVIEW_FreeRTOS.o [3]
  .text              ro code   0x800'2f20    0x38  zero_init3.o [15]
  .rodata            const     0x800'2f58    0x34  SEGGER_SYSVIEW_Config_FreeRTOS.o [3]
  .text              ro code   0x800'2f8c    0x28  data_init.o [15]
  .text              ro code   0x800'2fb4    0x22  fpinit_M.o [14]
  .iar.init_table    const     0x800'2fd8    0x24  - Linker created -
  .text              ro code   0x800'2ffc    0x1e  cmain.o [15]
  .text              ro code   0x800'301a     0x4  low_level_init.o [13]
  .text              ro code   0x800'301e     0xa  main.o [6]
  .text              ro code   0x800'3028     0x4  exit.o [13]
  .text              ro code   0x800'302c     0xa  cexit.o [15]
  .text              ro code   0x800'3038    0x14  exit.o [16]
  .text              ro code   0x800'304c    0x1c  cstartup_M.o [15]
  .rodata            const     0x800'3068    0x14  InitTask.o [8]
  Initializer bytes  const     0x800'307c    0x14  <for P2-1>
  .rodata            const     0x800'3090    0x10  InitTask.o [8]
  .text              ro code   0x800'30a0    0x10  startup_stm32f407xx.o [1]
  .rodata            const     0x800'30b0     0xc  InitTask.o [8]
  .rodata            const     0x800'30bc     0xc  InitTask.o [8]
  .rodata            const     0x800'30c8     0x8  SEGGER_SYSVIEW_FreeRTOS.o [3]
  .text              ro code   0x800'30d0     0x4  startup_stm32f407xx.o [1]
  .text              ro code   0x800'30d4     0x4  startup_stm32f407xx.o [1]
  .text              ro code   0x800'30d8     0x4  startup_stm32f407xx.o [1]
  .text              ro code   0x800'30dc     0x4  startup_stm32f407xx.o [1]
  .text              ro code   0x800'30e0     0x4  startup_stm32f407xx.o [1]
  .text              ro code   0x800'30e4     0x4  startup_stm32f407xx.o [1]
  .text              ro code   0x800'30e8     0x4  startup_stm32f407xx.o [1]
  .text              ro code   0x800'30ec     0x4  startup_stm32f407xx.o [1]
  .text              ro code   0x800'30f0     0x4  startup_stm32f407xx.o [1]
  .text              ro code   0x800'30f4     0x4  startup_stm32f407xx.o [1]
  .text              ro code   0x800'30f8     0x4  startup_stm32f407xx.o [1]
  .text              ro code   0x800'30fc     0x4  startup_stm32f407xx.o [1]
  .text              ro code   0x800'3100     0x4  startup_stm32f407xx.o [1]
  .text              ro code   0x800'3104     0x4  startup_stm32f407xx.o [1]
  .text              ro code   0x800'3108     0x4  startup_stm32f407xx.o [1]
  .text              ro code   0x800'310c     0x4  startup_stm32f407xx.o [1]
  .text              ro code   0x800'3110     0x4  startup_stm32f407xx.o [1]
  .text              ro code   0x800'3114     0x4  startup_stm32f407xx.o [1]
  .text              ro code   0x800'3118     0x4  startup_stm32f407xx.o [1]
  .text              ro code   0x800'311c     0x4  startup_stm32f407xx.o [1]
  .text              ro code   0x800'3120     0x4  startup_stm32f407xx.o [1]
  .text              ro code   0x800'3124     0x4  startup_stm32f407xx.o [1]
  .text              ro code   0x800'3128     0x4  startup_stm32f407xx.o [1]
  .text              ro code   0x800'312c     0x4  startup_stm32f407xx.o [1]
  .text              ro code   0x800'3130     0x4  startup_stm32f407xx.o [1]
  .text              ro code   0x800'3134     0x4  startup_stm32f407xx.o [1]
  .text              ro code   0x800'3138     0x4  startup_stm32f407xx.o [1]
  .text              ro code   0x800'313c     0x4  startup_stm32f407xx.o [1]
  .text              ro code   0x800'3140     0x4  startup_stm32f407xx.o [1]
  .text              ro code   0x800'3144     0x4  startup_stm32f407xx.o [1]
  .text              ro code   0x800'3148     0x4  startup_stm32f407xx.o [1]
  .text              ro code   0x800'314c     0x4  startup_stm32f407xx.o [1]
  .text              ro code   0x800'3150     0x4  startup_stm32f407xx.o [1]
  .text              ro code   0x800'3154     0x4  startup_stm32f407xx.o [1]
  .text              ro code   0x800'3158     0x4  startup_stm32f407xx.o [1]
  .text              ro code   0x800'315c     0x4  startup_stm32f407xx.o [1]
  .text              ro code   0x800'3160     0x4  startup_stm32f407xx.o [1]
  .text              ro code   0x800'3164     0x4  startup_stm32f407xx.o [1]
  .text              ro code   0x800'3168     0x4  startup_stm32f407xx.o [1]
  .text              ro code   0x800'316c     0x4  startup_stm32f407xx.o [1]
  .text              ro code   0x800'3170     0x4  startup_stm32f407xx.o [1]
  .text              ro code   0x800'3174     0x4  startup_stm32f407xx.o [1]
  .text              ro code   0x800'3178     0x4  startup_stm32f407xx.o [1]
  .text              ro code   0x800'317c     0x4  startup_stm32f407xx.o [1]
  .text              ro code   0x800'3180     0x4  startup_stm32f407xx.o [1]
  .text              ro code   0x800'3184     0x4  startup_stm32f407xx.o [1]
  .text              ro code   0x800'3188     0x4  startup_stm32f407xx.o [1]
  .text              ro code   0x800'318c     0x4  startup_stm32f407xx.o [1]
  .text              ro code   0x800'3190     0x4  startup_stm32f407xx.o [1]
  .text              ro code   0x800'3194     0x4  startup_stm32f407xx.o [1]
  .text              ro code   0x800'3198     0x4  startup_stm32f407xx.o [1]
  .text              ro code   0x800'319c     0x4  startup_stm32f407xx.o [1]
  .text              ro code   0x800'31a0     0x4  startup_stm32f407xx.o [1]
  .text              ro code   0x800'31a4     0x4  startup_stm32f407xx.o [1]
  .text              ro code   0x800'31a8     0x4  startup_stm32f407xx.o [1]
  .text              ro code   0x800'31ac     0x4  startup_stm32f407xx.o [1]
  .text              ro code   0x800'31b0     0x4  startup_stm32f407xx.o [1]
  .text              ro code   0x800'31b4     0x4  startup_stm32f407xx.o [1]
  .text              ro code   0x800'31b8     0x4  startup_stm32f407xx.o [1]
  .text              ro code   0x800'31bc     0x4  startup_stm32f407xx.o [1]
  .text              ro code   0x800'31c0     0x4  startup_stm32f407xx.o [1]
  .text              ro code   0x800'31c4     0x4  startup_stm32f407xx.o [1]
  .text              ro code   0x800'31c8     0x4  startup_stm32f407xx.o [1]
  .text              ro code   0x800'31cc     0x4  startup_stm32f407xx.o [1]
  .text              ro code   0x800'31d0     0x4  startup_stm32f407xx.o [1]
  .text              ro code   0x800'31d4     0x4  startup_stm32f407xx.o [1]
  .text              ro code   0x800'31d8     0x4  startup_stm32f407xx.o [1]
  .text              ro code   0x800'31dc     0x4  startup_stm32f407xx.o [1]
  .text              ro code   0x800'31e0     0x4  startup_stm32f407xx.o [1]
  .text              ro code   0x800'31e4     0x4  startup_stm32f407xx.o [1]
  .text              ro code   0x800'31e8     0x4  startup_stm32f407xx.o [1]
  .text              ro code   0x800'31ec     0x4  startup_stm32f407xx.o [1]
  .text              ro code   0x800'31f0     0x4  startup_stm32f407xx.o [1]
  .text              ro code   0x800'31f4     0x4  startup_stm32f407xx.o [1]
  .text              ro code   0x800'31f8     0x4  startup_stm32f407xx.o [1]
  .text              ro code   0x800'31fc     0x4  startup_stm32f407xx.o [1]
  .text              ro code   0x800'3200     0x4  startup_stm32f407xx.o [1]
  .text              ro code   0x800'3204     0x4  startup_stm32f407xx.o [1]
  .text              ro code   0x800'3208     0x4  startup_stm32f407xx.o [1]
  .text              ro code   0x800'320c     0x4  startup_stm32f407xx.o [1]
  .text              ro code   0x800'3210     0x4  startup_stm32f407xx.o [1]
  .text              ro code   0x800'3214     0x4  startup_stm32f407xx.o [1]
  .text              ro code   0x800'3218     0x4  startup_stm32f407xx.o [1]
  .text              ro code   0x800'321c     0x4  startup_stm32f407xx.o [1]
  .text              ro code   0x800'3220     0x4  startup_stm32f407xx.o [1]
  .rodata            const     0x800'3224     0x0  zero_init3.o [15]
  .rodata            const     0x800'3224     0x0  copy_init3.o [15]
                             - 0x800'3224  0x309c

"P2", part 1 of 3:                           0x14
  P2-1                        0x2000'0000    0x12  <Init block>
    .data            inited   0x2000'0000     0xc  port.o [12]
    .data            inited   0x2000'000c     0x4  system_stm32f4xx.o [11]
    .data            inited   0x2000'0010     0x2  initialize.o [10]
                            - 0x2000'0012    0x12

"P2", part 2 of 3:                         0x6250
  .bss               zero     0x2000'0014  0x1f40  initialize.o [10]
  .bss               zero     0x2000'1f54  0x1f40  initialize.o [10]
  .bss               zero     0x2000'3e94   0xc20  heap_4.o [12]
  .bss               zero     0x2000'4ab4   0x518  SEGGER_SYSVIEW.o [4]
  .bss               zero     0x2000'4fcc   0x4b8  SEGGER_RTT.o [4]
  .bss               zero     0x2000'5484   0x460  tasks.o [12]
  .bss               zero     0x2000'58e4   0x45c  cmsis_os2.o [12]
  .bss               zero     0x2000'5d40   0x25c  cmsis_os2.o [12]
  .bss               zero     0x2000'5f9c   0x12c  timers.o [12]
  .bss               zero     0x2000'60c8    0xa0  SEGGER_SYSVIEW_FreeRTOS.o [3]
  .bss               zero     0x2000'6168    0xa0  tasks.o [12]
  .bss               zero     0x2000'6208    0x40  queue.o [12]
  .bss               zero     0x2000'6248    0x10  InitTask.o [8]
  .bss               zero     0x2000'6258     0x4  cmsis_os2.o [12]
  .bss               zero     0x2000'625c     0x4  SEGGER_SYSVIEW_FreeRTOS.o [3]
  .bss               zero     0x2000'6260     0x2  initialize.o [10]
  .bss               zero     0x2000'6262     0x1  SEGGER_SYSVIEW.o [4]
                            - 0x2000'6263  0x624f

"P2", part 3 of 3:                          0x400
  CSTACK                      0x2000'6268   0x400  <Block>
    CSTACK           uninit   0x2000'6268   0x400  <Block tail>
                            - 0x2000'6668   0x400

Unused ranges:

         From           To      Size
         ----           --      ----
   0x800'3224   0x80f'ffff  0xf'cddc
  0x2000'6264  0x2000'6267       0x4
  0x2000'6668  0x2001'ffff  0x1'9998


*******************************************************************************
*** INIT TABLE
***

          Address      Size
          -------      ----
Zero (__iar_zero_init3)
    1 destination range, total size 0x624f:
          0x2000'0014  0x624f

Copy (__iar_copy_init3)
    1 source range, total size 0x14 (111% of destination):
           0x800'307c    0x14
    1 destination range, total size 0x12:
          0x2000'0000    0x12



*******************************************************************************
*** MODULE SUMMARY
***

    Module                            ro code  ro data  rw data
    ------                            -------  -------  -------
command line/config:
    -----------------------------------------------------------
    Total:

C:\UserData\z004k66m\OneDrive - Siemens AG\workspace_cloud\FI_FIRMWARE\EWARM\STM32F407_Debug_BareMetal\Obj\Application\EWARM: [1]
    startup_stm32f407xx.o                 748
    -----------------------------------------------------------
    Total:                                748

C:\UserData\z004k66m\OneDrive - Siemens AG\workspace_cloud\FI_FIRMWARE\EWARM\STM32F407_Debug_BareMetal\Obj\Application\User\Core\Packages\Debug\SerialWireDebug: [2]
    DebugTest.o                            12
    -----------------------------------------------------------
    Total:                                 12

C:\UserData\z004k66m\OneDrive - Siemens AG\workspace_cloud\FI_FIRMWARE\EWARM\STM32F407_Debug_BareMetal\Obj\Application\User\Core\Packages\Debug\SystemView\Config: [3]
    SEGGER_SYSVIEW_Config_FreeRTOS.o       92       52
    SEGGER_SYSVIEW_FreeRTOS.o             216       88      164
    -----------------------------------------------------------
    Total:                                308      140      164

C:\UserData\z004k66m\OneDrive - Siemens AG\workspace_cloud\FI_FIRMWARE\EWARM\STM32F407_Debug_BareMetal\Obj\Application\User\Core\Packages\Debug\SystemView\SEGGER: [4]
    SEGGER_RTT.o                          512             1'208
    SEGGER_RTT_ASM_ARMv7M.o               148
    SEGGER_SYSVIEW.o                    1'944             1'305
    -----------------------------------------------------------
    Total:                              2'604             2'513

C:\UserData\z004k66m\OneDrive - Siemens AG\workspace_cloud\FI_FIRMWARE\EWARM\STM32F407_Debug_BareMetal\Obj\Application\User\Core\Packages\Debug\SystemView\SEGGER\Syscalls: [5]
    -----------------------------------------------------------
    Total:

C:\UserData\z004k66m\OneDrive - Siemens AG\workspace_cloud\FI_FIRMWARE\EWARM\STM32F407_Debug_BareMetal\Obj\Application\User\Core\Packages\Firmware: [6]
    main.o                                 10
    -----------------------------------------------------------
    Total:                                 10

C:\UserData\z004k66m\OneDrive - Siemens AG\workspace_cloud\FI_FIRMWARE\EWARM\STM32F407_Debug_BareMetal\Obj\Application\User\Core\Packages\Firmware\Configuration: [7]
    -----------------------------------------------------------
    Total:

C:\UserData\z004k66m\OneDrive - Siemens AG\workspace_cloud\FI_FIRMWARE\EWARM\STM32F407_Debug_BareMetal\Obj\Application\User\Core\Packages\Firmware\Tasks: [8]
    InitTask.o                            116      168       16
    calculation.o                         144
    -----------------------------------------------------------
    Total:                                260      168       16

C:\UserData\z004k66m\OneDrive - Siemens AG\workspace_cloud\FI_FIRMWARE\EWARM\STM32F407_Debug_BareMetal\Obj\Application\User\Core\Packages\Firmware\arm_math: [9]
    arm_rms_q15.o                          86
    arm_sqrt_q15.o                        180
    -----------------------------------------------------------
    Total:                                266

C:\UserData\z004k66m\OneDrive - Siemens AG\workspace_cloud\FI_FIRMWARE\EWARM\STM32F407_Debug_BareMetal\Obj\Application\User\Core\Packages\Stm32F4xx_BareMetal: [10]
    initialize.o                          652        2   16'004
    -----------------------------------------------------------
    Total:                                652        2   16'004

C:\UserData\z004k66m\OneDrive - Siemens AG\workspace_cloud\FI_FIRMWARE\EWARM\STM32F407_Debug_BareMetal\Obj\Drivers\CMSIS: [11]
    system_stm32f4xx.o                    144        4        4
    -----------------------------------------------------------
    Total:                                144        4        4

C:\UserData\z004k66m\OneDrive - Siemens AG\workspace_cloud\FI_FIRMWARE\EWARM\STM32F407_Debug_BareMetal\Obj\Middlewares\FreeRTOS: [12]
    cmsis_os2.o                           652             1'724
    heap_4.o                              432             3'104
    list.o                                146
    port.o                                506       12       12
    portasm.o                             176
    queue.o                             1'848                64
    tasks.o                             2'124             1'280
    timers.o                              852               300
    -----------------------------------------------------------
    Total:                              6'736       12    6'484

dl7M_tlf.a: [13]
    exit.o                                  4
    low_level_init.o                        4
    -----------------------------------------------------------
    Total:                                  8

m7M_tls.a: [14]
    fpinit_M.o                             34
    -----------------------------------------------------------
    Total:                                 34

rt7M_tl.a: [15]
    ABImemclr4.o                            6
    ABImemcpy_small.o                      24
    ABImemset48.o                          58
    I64DivMod_small.o                     330
    I64DivZer.o                             2
    cexit.o                                10
    cmain.o                                30
    copy_init3.o                           42
    cstartup_M.o                           28
    data_init.o                            40
    memcmp_small.o                         30
    zero_init3.o                           56
    -----------------------------------------------------------
    Total:                                656

shb_l.a: [16]
    exit.o                                 20
    -----------------------------------------------------------
    Total:                                 20

    Gaps                                   10        4
    Linker created                                  38    1'024
---------------------------------------------------------------
    Grand Total:                       12'468      368   26'209


*******************************************************************************
*** ENTRY LIST
***

Entry                       Address    Size  Type      Object
-----                       -------    ----  ----      ------
.iar.init_table$$Base    0x800'2fd8           --   Gb  - Linker created -
.iar.init_table$$Limit   0x800'2ffc           --   Gb  - Linker created -
?main                    0x800'2ffd          Code  Gb  cmain.o [15]
ACCalculationTask        0x800'2d7d    0x60  Code  Gb  calculation.o [8]
AC_CalculationTHandle   0x2000'624c     0x4  Data  Gb  InitTask.o [8]
AC_CalculationT_attributes
                         0x800'2e88    0x24  Data  Gb  InitTask.o [8]
ADC_IRQHandler           0x800'3131          Code  Wk  startup_stm32f407xx.o [1]
AHBPrescTable            0x800'28fc    0x10  Data  Gb  system_stm32f4xx.o [11]
BusFault_Handler         0x800'30dd          Code  Wk  startup_stm32f407xx.o [1]
CAN1_RX0_IRQHandler      0x800'3139          Code  Wk  startup_stm32f407xx.o [1]
CAN1_RX1_IRQHandler      0x800'313d          Code  Wk  startup_stm32f407xx.o [1]
CAN1_SCE_IRQHandler      0x800'3141          Code  Wk  startup_stm32f407xx.o [1]
CAN1_TX_IRQHandler       0x800'3135          Code  Wk  startup_stm32f407xx.o [1]
CAN2_RX0_IRQHandler      0x800'31e1          Code  Wk  startup_stm32f407xx.o [1]
CAN2_RX1_IRQHandler      0x800'31e5          Code  Wk  startup_stm32f407xx.o [1]
CAN2_SCE_IRQHandler      0x800'31e9          Code  Wk  startup_stm32f407xx.o [1]
CAN2_TX_IRQHandler       0x800'31dd          Code  Wk  startup_stm32f407xx.o [1]
CSTACK$$Base            0x2000'6268           --   Gb  - Linker created -
CSTACK$$Limit           0x2000'6668           --   Gb  - Linker created -
CalculationNotifyHandle
                        0x2000'6254     0x4  Data  Gb  InitTask.o [8]
CalculationNotify_attributes
                         0x800'2864    0x18  Data  Gb  InitTask.o [8]
DCMI_IRQHandler          0x800'3219          Code  Wk  startup_stm32f407xx.o [1]
DMA1_Stream0_IRQHandler
                         0x800'3115          Code  Wk  startup_stm32f407xx.o [1]
DMA1_Stream1_IRQHandler
                         0x800'3119          Code  Wk  startup_stm32f407xx.o [1]
DMA1_Stream2_IRQHandler
                         0x800'311d          Code  Wk  startup_stm32f407xx.o [1]
DMA1_Stream3_IRQHandler
                         0x800'3121          Code  Wk  startup_stm32f407xx.o [1]
DMA1_Stream4_IRQHandler
                         0x800'3125          Code  Wk  startup_stm32f407xx.o [1]
DMA1_Stream5_IRQHandler
                         0x800'3129          Code  Wk  startup_stm32f407xx.o [1]
DMA1_Stream6_IRQHandler
                         0x800'312d          Code  Wk  startup_stm32f407xx.o [1]
DMA1_Stream7_IRQHandler
                         0x800'31a1          Code  Wk  startup_stm32f407xx.o [1]
DMA2_Stream0_IRQHandler
                         0x800'2709    0x5a  Code  Gb  initialize.o [10]
DMA2_Stream1_IRQHandler
                         0x800'31c5          Code  Wk  startup_stm32f407xx.o [1]
DMA2_Stream2_IRQHandler
                         0x800'31c9          Code  Wk  startup_stm32f407xx.o [1]
DMA2_Stream3_IRQHandler
                         0x800'31cd          Code  Wk  startup_stm32f407xx.o [1]
DMA2_Stream4_IRQHandler
                         0x800'31d1          Code  Wk  startup_stm32f407xx.o [1]
DMA2_Stream5_IRQHandler
                         0x800'31f1          Code  Wk  startup_stm32f407xx.o [1]
DMA2_Stream6_IRQHandler
                         0x800'31f5          Code  Wk  startup_stm32f407xx.o [1]
DMA2_Stream7_IRQHandler
                         0x800'31f9          Code  Wk  startup_stm32f407xx.o [1]
DMA_Config               0x800'26f7    0x12  Code  Gb  initialize.o [10]
DebugMon_Handler         0x800'30e5          Code  Wk  startup_stm32f407xx.o [1]
DebugPinControl          0x800'2917     0x2  Code  Gb  DebugTest.o [2]
ETH_IRQHandler           0x800'31d5          Code  Wk  startup_stm32f407xx.o [1]
ETH_WKUP_IRQHandler      0x800'31d9          Code  Wk  startup_stm32f407xx.o [1]
EXTI0_IRQHandler         0x800'3101          Code  Wk  startup_stm32f407xx.o [1]
EXTI15_10_IRQHandler     0x800'3185          Code  Wk  startup_stm32f407xx.o [1]
EXTI1_IRQHandler         0x800'3105          Code  Wk  startup_stm32f407xx.o [1]
EXTI2_IRQHandler         0x800'3109          Code  Wk  startup_stm32f407xx.o [1]
EXTI3_IRQHandler         0x800'310d          Code  Wk  startup_stm32f407xx.o [1]
EXTI4_IRQHandler         0x800'3111          Code  Wk  startup_stm32f407xx.o [1]
EXTI9_5_IRQHandler       0x800'3145          Code  Wk  startup_stm32f407xx.o [1]
FLASH_IRQHandler         0x800'30f9          Code  Wk  startup_stm32f407xx.o [1]
FPU_IRQHandler           0x800'3221          Code  Wk  startup_stm32f407xx.o [1]
FSMC_IRQHandler          0x800'31a5          Code  Wk  startup_stm32f407xx.o [1]
HASH_RNG_IRQHandler      0x800'321d          Code  Wk  startup_stm32f407xx.o [1]
HardFault_Handler        0x800'30d5          Code  Wk  startup_stm32f407xx.o [1]
I2C1_ER_IRQHandler       0x800'3165          Code  Wk  startup_stm32f407xx.o [1]
I2C1_EV_IRQHandler       0x800'3161          Code  Wk  startup_stm32f407xx.o [1]
I2C2_ER_IRQHandler       0x800'316d          Code  Wk  startup_stm32f407xx.o [1]
I2C2_EV_IRQHandler       0x800'3169          Code  Wk  startup_stm32f407xx.o [1]
I2C3_ER_IRQHandler       0x800'3205          Code  Wk  startup_stm32f407xx.o [1]
I2C3_EV_IRQHandler       0x800'3201          Code  Wk  startup_stm32f407xx.o [1]
KernelState             0x2000'6258     0x4  Data  Lc  cmsis_os2.o [12]
MemManage_Handler        0x800'30d9          Code  Wk  startup_stm32f407xx.o [1]
NMI_Handler              0x800'30d1          Code  Wk  startup_stm32f407xx.o [1]
OTG_FS_IRQHandler        0x800'31ed          Code  Wk  startup_stm32f407xx.o [1]
OTG_FS_WKUP_IRQHandler   0x800'318d          Code  Wk  startup_stm32f407xx.o [1]
OTG_HS_EP1_IN_IRQHandler
                         0x800'320d          Code  Wk  startup_stm32f407xx.o [1]
OTG_HS_EP1_OUT_IRQHandler
                         0x800'3209          Code  Wk  startup_stm32f407xx.o [1]
OTG_HS_IRQHandler        0x800'3215          Code  Wk  startup_stm32f407xx.o [1]
OTG_HS_WKUP_IRQHandler   0x800'3211          Code  Wk  startup_stm32f407xx.o [1]
PVD_IRQHandler           0x800'30ed          Code  Wk  startup_stm32f407xx.o [1]
PendSV_Handler           0x800'1a6d          Code  Gb  portasm.o [12]
QUEUE_msg               0x2000'6260     0x2  Data  Gb  initialize.o [10]
RCC_IRQHandler           0x800'30fd          Code  Wk  startup_stm32f407xx.o [1]
RTC_Alarm_IRQHandler     0x800'3189          Code  Wk  startup_stm32f407xx.o [1]
RTC_WKUP_IRQHandler      0x800'30f5          Code  Wk  startup_stm32f407xx.o [1]
Region$$Table$$Base      0x800'2fd8           --   Gb  - Linker created -
Region$$Table$$Limit     0x800'2ffc           --   Gb  - Linker created -
Reset_Handler            0x800'30a1          Code  Wk  startup_stm32f407xx.o [1]
RxData                  0x2000'1f54  0x1f40  Data  Gb  initialize.o [10]
SDIO_IRQHandler          0x800'31a9          Code  Wk  startup_stm32f407xx.o [1]
SEGGER_RTT_ASM_WriteSkipNoLock
                         0x800'1d1d          Code  Gb  SEGGER_RTT_ASM_ARMv7M.o [4]
SEGGER_RTT_AllocUpBuffer
                         0x800'1c09    0x50  Code  Gb  SEGGER_RTT.o [4]
SEGGER_RTT_ConfigDownBuffer
                         0x800'1c8d    0x38  Code  Gb  SEGGER_RTT.o [4]
SEGGER_RTT_ReadNoLock    0x800'1b91    0x40  Code  Gb  SEGGER_RTT.o [4]
SEGGER_SYSVIEW_Conf      0x800'27bf    0x1c  Code  Gb  SEGGER_SYSVIEW_Config_FreeRTOS.o [3]
SEGGER_SYSVIEW_GetSysDesc
                         0x800'127f    0x3a  Code  Gb  SEGGER_SYSVIEW.o [4]
SEGGER_SYSVIEW_Init      0x800'1085    0x56  Code  Gb  SEGGER_SYSVIEW.o [4]
SEGGER_SYSVIEW_OnIdle    0x800'13f3     0xa  Code  Gb  SEGGER_SYSVIEW.o [4]
SEGGER_SYSVIEW_OnTaskCreate
                         0x800'13fd     0xa  Code  Gb  SEGGER_SYSVIEW.o [4]
SEGGER_SYSVIEW_OnTaskStartExec
                         0x800'1437     0xa  Code  Gb  SEGGER_SYSVIEW.o [4]
SEGGER_SYSVIEW_OnTaskStartReady
                         0x800'1441     0xa  Code  Gb  SEGGER_SYSVIEW.o [4]
SEGGER_SYSVIEW_OnTaskStopReady
                         0x800'144b    0x44  Code  Gb  SEGGER_SYSVIEW.o [4]
SEGGER_SYSVIEW_RecordEnterISR
                         0x800'137f    0x1e  Code  Gb  SEGGER_SYSVIEW.o [4]
SEGGER_SYSVIEW_RecordExitISR
                         0x800'13b5     0x8  Code  Gb  SEGGER_SYSVIEW.o [4]
SEGGER_SYSVIEW_RecordExitISRToScheduler
                         0x800'13c9     0xa  Code  Gb  SEGGER_SYSVIEW.o [4]
SEGGER_SYSVIEW_RecordSystime
                         0x800'1355    0x2a  Code  Gb  SEGGER_SYSVIEW.o [4]
SEGGER_SYSVIEW_RecordU32
                         0x800'10f1    0x24  Code  Gb  SEGGER_SYSVIEW.o [4]
SEGGER_SYSVIEW_RecordU32x2
                         0x800'1115    0x40  Code  Gb  SEGGER_SYSVIEW.o [4]
SEGGER_SYSVIEW_RecordU32x3
                         0x800'1155    0x10  Code  Gb  SEGGER_SYSVIEW.o [4]
SEGGER_SYSVIEW_RecordU32x4
                         0x800'1165    0x12  Code  Gb  SEGGER_SYSVIEW.o [4]
SEGGER_SYSVIEW_RecordVoid
                         0x800'10e3     0xe  Code  Gb  SEGGER_SYSVIEW.o [4]
SEGGER_SYSVIEW_SendModule
                         0x800'14fd    0x4a  Code  Gb  SEGGER_SYSVIEW.o [4]
SEGGER_SYSVIEW_SendModuleDescription
                         0x800'155d    0x16  Code  Gb  SEGGER_SYSVIEW.o [4]
SEGGER_SYSVIEW_SendNumModules
                         0x800'1573    0x14  Code  Gb  SEGGER_SYSVIEW.o [4]
SEGGER_SYSVIEW_SendSysDesc
                         0x800'1349     0xc  Code  Gb  SEGGER_SYSVIEW.o [4]
SEGGER_SYSVIEW_SendTaskInfo
                         0x800'12b9    0x5c  Code  Gb  SEGGER_SYSVIEW.o [4]
SEGGER_SYSVIEW_SendTaskList
                         0x800'1339    0x10  Code  Gb  SEGGER_SYSVIEW.o [4]
SEGGER_SYSVIEW_SetRAMBase
                         0x800'10db     0x8  Code  Gb  SEGGER_SYSVIEW.o [4]
SEGGER_SYSVIEW_ShrinkId
                         0x800'14e5     0x8  Code  Gb  SEGGER_SYSVIEW.o [4]
SEGGER_SYSVIEW_Start     0x800'11eb    0x6a  Code  Gb  SEGGER_SYSVIEW.o [4]
SEGGER_SYSVIEW_Stop      0x800'1255    0x1e  Code  Gb  SEGGER_SYSVIEW.o [4]
SEGGER_SYSVIEW_Warn      0x800'1587     0xa  Code  Gb  SEGGER_SYSVIEW.o [4]
SPI1_IRQHandler          0x800'3171          Code  Wk  startup_stm32f407xx.o [1]
SPI2_IRQHandler          0x800'3175          Code  Wk  startup_stm32f407xx.o [1]
SPI3_IRQHandler          0x800'31b1          Code  Wk  startup_stm32f407xx.o [1]
SVC_Handler              0x800'1ac5          Code  Gb  portasm.o [12]
SYSVIEW_AddTask          0x800'1625    0x54  Code  Gb  SEGGER_SYSVIEW_FreeRTOS.o [3]
SYSVIEW_SendTaskInfo     0x800'1685    0x30  Code  Gb  SEGGER_SYSVIEW_FreeRTOS.o [3]
SYSVIEW_X_OS_TraceAPI    0x800'30c8     0x8  Data  Gb  SEGGER_SYSVIEW_FreeRTOS.o [3]
SerialWireSend           0x800'290d     0xa  Code  Gb  DebugTest.o [2]
StartDefaultTask         0x800'2de9     0xa  Code  Gb  calculation.o [8]
SysTick_Handler          0x800'2919    0x1a  Code  Gb  cmsis_os2.o [12]
SystemClock_Config       0x800'2677    0x60  Code  Gb  initialize.o [10]
SystemCoreClock         0x2000'000c     0x4  Data  Gb  system_stm32f4xx.o [11]
SystemCoreClockUpdate    0x800'2889    0x5e  Code  Gb  system_stm32f4xx.o [11]
SystemInit               0x800'287d     0xc  Code  Gb  system_stm32f4xx.o [11]
TAMP_STAMP_IRQHandler    0x800'30f1          Code  Wk  startup_stm32f407xx.o [1]
TIM1_BRK_TIM9_IRQHandler
                         0x800'3149          Code  Wk  startup_stm32f407xx.o [1]
TIM1_CC_IRQHandler       0x800'3155          Code  Wk  startup_stm32f407xx.o [1]
TIM1_TRG_COM_TIM11_IRQHandler
                         0x800'3151          Code  Wk  startup_stm32f407xx.o [1]
TIM1_UP_TIM10_IRQHandler
                         0x800'314d          Code  Wk  startup_stm32f407xx.o [1]
TIM2_IRQHandler          0x800'26d7    0x20  Code  Gb  initialize.o [10]
TIM3_IRQHandler          0x800'3159          Code  Wk  startup_stm32f407xx.o [1]
TIM4_IRQHandler          0x800'315d          Code  Wk  startup_stm32f407xx.o [1]
TIM5_IRQHandler          0x800'31ad          Code  Wk  startup_stm32f407xx.o [1]
TIM6_DAC_IRQHandler      0x800'31bd          Code  Wk  startup_stm32f407xx.o [1]
TIM7_IRQHandler          0x800'31c1          Code  Wk  startup_stm32f407xx.o [1]
TIM8_BRK_TIM12_IRQHandler
                         0x800'3191          Code  Wk  startup_stm32f407xx.o [1]
TIM8_CC_IRQHandler       0x800'319d          Code  Wk  startup_stm32f407xx.o [1]
TIM8_TRG_COM_TIM14_IRQHandler
                         0x800'3199          Code  Wk  startup_stm32f407xx.o [1]
TIM8_UP_TIM13_IRQHandler
                         0x800'3195          Code  Wk  startup_stm32f407xx.o [1]
TestTask                 0x800'2df3    0x1a  Code  Gb  calculation.o [8]
TestTask_TaskHandle     0x2000'6250     0x4  Data  Gb  InitTask.o [8]
TestTask_attributes      0x800'2eac    0x24  Data  Gb  InitTask.o [8]
UART4_IRQHandler         0x800'31b5          Code  Wk  startup_stm32f407xx.o [1]
UART5_IRQHandler         0x800'31b9          Code  Wk  startup_stm32f407xx.o [1]
USART1_IRQHandler        0x800'3179          Code  Wk  startup_stm32f407xx.o [1]
USART2_IRQHandler        0x800'317d          Code  Wk  startup_stm32f407xx.o [1]
USART3_IRQHandler        0x800'3181          Code  Wk  startup_stm32f407xx.o [1]
USART6_IRQHandler        0x800'31fd          Code  Wk  startup_stm32f407xx.o [1]
UsageFault_Handler       0x800'30e1          Code  Wk  startup_stm32f407xx.o [1]
WWDG_IRQHandler          0x800'30e9          Code  Wk  startup_stm32f407xx.o [1]
_DoInit                  0x800'1b1d    0x66  Code  Lc  SEGGER_RTT.o [4]
_DoInit::_aInitStr       0x800'1d08    0x14  Data  Lc  SEGGER_RTT.o [4]
_DownBuffer             0x2000'4ee0     0x8  Data  Lc  SEGGER_SYSVIEW.o [4]
_EncodeStr               0x800'0e4d    0x42  Code  Lc  SEGGER_SYSVIEW.o [4]
_HandleIncomingPacket    0x800'0e8f    0x7c  Code  Lc  SEGGER_SYSVIEW.o [4]
_NumModules             0x2000'6262     0x1  Data  Lc  SEGGER_SYSVIEW.o [4]
_NumTasks               0x2000'625c     0x4  Data  Lc  SEGGER_SYSVIEW_FreeRTOS.o [3]
_SEGGER_RTT             0x2000'4fcc    0xa8  Data  Gb  SEGGER_RTT.o [4]
_SYSVIEW_Globals        0x2000'4ab4    0x28  Data  Lc  SEGGER_SYSVIEW.o [4]
_SendPacket              0x800'0f15   0x15a  Code  Lc  SEGGER_SYSVIEW.o [4]
_UpBuffer               0x2000'4ae0   0x400  Data  Lc  SEGGER_SYSVIEW.o [4]
__aeabi_ldiv0            0x800'2cc5          Code  Gb  I64DivZer.o [15]
__aeabi_memclr4          0x800'1db1          Code  Gb  ABImemclr4.o [15]
__aeabi_memset4          0x800'0b85          Code  Gb  ABImemset48.o [15]
__aeabi_memset8          0x800'0b85          Code  Gb  ABImemset48.o [15]
__cmain                  0x800'2ffd          Code  Gb  cmain.o [15]
__exit                   0x800'3039    0x14  Code  Gb  exit.o [16]
__iar_Memset4_word       0x800'0b8d          Code  Gb  ABImemset48.o [15]
__iar_Memset8_word       0x800'0b8d          Code  Gb  ABImemset48.o [15]
__iar_copy_init3         0x800'0e23    0x2a  Code  Gb  copy_init3.o [15]
__iar_data_init3         0x800'2f8d    0x28  Code  Gb  data_init.o [15]
__iar_init_vfp           0x800'2fb5          Code  Gb  fpinit_M.o [14]
__iar_program_start      0x800'304d          Code  Gb  cstartup_M.o [15]
__iar_small_Memcpy       0x800'250d          Code  Gb  ABImemcpy_small.o [15]
__iar_small_ldivmod      0x800'2b79          Code  Gb  I64DivMod_small.o [15]
__iar_small_memcmp       0x800'1a25          Code  Gb  memcmp_small.o [15]
__iar_small_memcpy       0x800'2509          Code  Gb  ABImemcpy_small.o [15]
__iar_small_memcpy4      0x800'2509          Code  Gb  ABImemcpy_small.o [15]
__iar_small_memcpy8      0x800'2509          Code  Gb  ABImemcpy_small.o [15]
__iar_small_uldivmod     0x800'2bbd          Code  Gb  I64DivMod_small.o [15]
__iar_zero_init3         0x800'2f21    0x38  Code  Gb  zero_init3.o [15]
__low_level_init         0x800'301b     0x4  Code  Gb  low_level_init.o [13]
__vector_table           0x800'0000          Data  Gb  startup_stm32f407xx.o [1]
_aPacket                0x2000'4ee8    0xe4  Data  Lc  SEGGER_SYSVIEW.o [4]
_aTasks                 0x2000'60c8    0xa0  Data  Lc  SEGGER_SYSVIEW_FreeRTOS.o [3]
_abSync                  0x800'15d8     0xc  Data  Lc  SEGGER_SYSVIEW.o [4]
_acDownBuffer           0x2000'5474    0x10  Data  Lc  SEGGER_RTT.o [4]
_acUpBuffer             0x2000'5074   0x400  Data  Lc  SEGGER_RTT.o [4]
_call_main               0x800'3009          Code  Gb  cmain.o [15]
_cbGetTime               0x800'1615    0x10  Code  Lc  SEGGER_SYSVIEW_FreeRTOS.o [3]
_cbSendSystemDesc        0x800'27ad    0x12  Code  Lc  SEGGER_SYSVIEW_Config_FreeRTOS.o [3]
_cbSendTaskList          0x800'15e5    0x30  Code  Lc  SEGGER_SYSVIEW_FreeRTOS.o [3]
_exit                    0x800'302d          Code  Gb  cexit.o [15]
_pFirstModule           0x2000'4adc     0x4  Data  Lc  SEGGER_SYSVIEW.o [4]
adcval                  0x2000'0010     0x2  Data  Gb  initialize.o [10]
arm_rms_q15              0x800'2e0d    0x56  Code  Gb  arm_rms_q15.o [9]
arm_sqrt_q15             0x800'2cc9    0x92  Code  Gb  arm_sqrt_q15.o [9]
defaultTaskHandle       0x2000'6248     0x4  Data  Gb  InitTask.o [8]
defaultTask_attributes   0x800'2e64    0x24  Data  Gb  InitTask.o [8]
dmabuffer               0x2000'0014  0x1f40  Data  Gb  initialize.o [10]
exit                     0x800'3029     0x4  Code  Gb  exit.o [13]
init_tasks               0x800'2809    0x48  Code  Gb  InitTask.o [8]
initialize               0x800'2521   0x156  Code  Gb  initialize.o [10]
main                     0x800'301f     0xa  Code  Gb  main.o [6]
osDelay                  0x800'2a1f    0x1a  Code  Gb  cmsis_os2.o [12]
osKernelInitialize       0x800'2933    0x16  Code  Gb  cmsis_os2.o [12]
osKernelStart            0x800'2951    0x2a  Code  Gb  cmsis_os2.o [12]
osMessageQueueGet        0x800'2b0f    0x58  Code  Gb  cmsis_os2.o [12]
osMessageQueueNew        0x800'2a55    0x60  Code  Gb  cmsis_os2.o [12]
osMessageQueuePut        0x800'2ab5    0x5a  Code  Gb  cmsis_os2.o [12]
osThreadNew              0x800'2987    0x92  Code  Gb  cmsis_os2.o [12]
prvAddCurrentTaskToDelayedList
                         0x800'0961    0x60  Code  Lc  tasks.o [12]
prvAddNewTaskToReadyList
                         0x800'02d5    0xd0  Code  Lc  tasks.o [12]
prvCheckForValidListAndQueue
                         0x800'19bd    0x4e  Code  Lc  timers.o [12]
prvCheckForValidListAndQueue{1}{2}{3}{4}::ucStaticTimerQueueStorage
                        0x2000'6028    0xa0  Data  Lc  timers.o [12]
prvCheckForValidListAndQueue{1}{2}{3}{4}::xStaticTimerQueue
                        0x2000'5fd8    0x50  Data  Lc  timers.o [12]
prvCopyDataFromQueue     0x800'23db    0x28  Code  Lc  queue.o [12]
prvCopyDataToQueue       0x800'2373    0x68  Code  Lc  queue.o [12]
prvDeleteTCB             0x800'0879    0x2e  Code  Lc  tasks.o [12]
prvIdleTask              0x800'080d    0x40  Code  Lc  tasks.o [12]
prvInitialiseNewQueue    0x800'1edd    0x32  Code  Lc  queue.o [12]
prvInitialiseNewTask     0x800'0247    0x8e  Code  Lc  tasks.o [12]
prvInsertBlockIntoFreeList
                         0x800'0b3b    0x46  Code  Lc  heap_4.o [12]
prvInsertTimerInActiveList
                         0x800'1989    0x34  Code  Lc  timers.o [12]
prvIsQueueEmpty          0x800'246b    0x16  Code  Lc  queue.o [12]
prvResetNextTaskUnblockTime
                         0x800'08a7    0x1c  Code  Lc  tasks.o [12]
prvSampleTimeNow         0x800'1913    0x76  Code  Lc  timers.o [12]
prvSampleTimeNow::xLastTime
                        0x2000'5fac     0x4  Data  Lc  timers.o [12]
prvTaskCheckFreeStackSpace
                         0x800'0851    0x16  Code  Lc  tasks.o [12]
prvTaskExitError         0x800'0c79    0x1c  Code  Lc  port.o [12]
prvTimerTask             0x800'1789   0x18a  Code  Lc  timers.o [12]
prvUnlockQueue           0x800'2403    0x68  Code  Lc  queue.o [12]
pvPortMalloc             0x800'09d5   0x104  Code  Gb  heap_4.o [12]
pxCurrentTCB            0x2000'6190     0x4  Data  Gb  tasks.o [12]
pxCurrentTimerList      0x2000'5f9c     0x4  Data  Lc  timers.o [12]
pxDelayedTaskList       0x2000'6194     0x4  Data  Lc  tasks.o [12]
pxEnd                   0x2000'3e9c     0x4  Data  Lc  heap_4.o [12]
pxOverflowDelayedTaskList
                        0x2000'6198     0x4  Data  Lc  tasks.o [12]
pxOverflowTimerList     0x2000'5fa0     0x4  Data  Lc  timers.o [12]
pxPortInitialiseStack    0x800'0c51    0x26  Code  Gb  port.o [12]
pxReadyTasksLists       0x2000'5484   0x460  Data  Lc  tasks.o [12]
ucHeap                  0x2000'3eb4   0xc00  Data  Lc  heap_4.o [12]
ucMaxSysCallPriority    0x2000'0000     0x1  Data  Lc  port.o [12]
ulMaxPRIGROUPValue      0x2000'0008     0x4  Data  Lc  port.o [12]
uxCriticalNesting       0x2000'0004     0x4  Data  Lc  port.o [12]
uxCurrentNumberOfTasks  0x2000'61b4     0x4  Data  Lc  tasks.o [12]
uxDeletedTasksWaitingCleanUp
                        0x2000'619c     0x4  Data  Lc  tasks.o [12]
uxListRemove             0x800'0c2b    0x26  Code  Gb  list.o [12]
uxSchedulerSuspended    0x2000'61dc     0x4  Data  Lc  tasks.o [12]
uxTaskGetStackHighWaterMark
                         0x800'0867     0xc  Code  Gb  tasks.o [12]
uxTaskNumber            0x2000'61d0     0x4  Data  Lc  tasks.o [12]
uxTopReadyPriority      0x2000'61bc     0x4  Data  Lc  tasks.o [12]
vApplicationGetIdleTaskMemory
                         0x800'16bd    0x14  Code  Wk  cmsis_os2.o [12]
vApplicationGetIdleTaskMemory::Idle_Stack
                        0x2000'5d9c   0x200  Data  Lc  cmsis_os2.o [12]
vApplicationGetIdleTaskMemory::Idle_TCB
                        0x2000'5d40    0x5c  Data  Lc  cmsis_os2.o [12]
vApplicationGetTimerTaskMemory
                         0x800'1db9    0x18  Code  Wk  cmsis_os2.o [12]
vApplicationGetTimerTaskMemory::Timer_Stack
                        0x2000'5940   0x400  Data  Lc  cmsis_os2.o [12]
vApplicationGetTimerTaskMemory::Timer_TCB
                        0x2000'58e4    0x5c  Data  Lc  cmsis_os2.o [12]
vListInitialise          0x800'0bbf    0x1a  Code  Gb  list.o [12]
vListInitialiseItem      0x800'0bd9     0x6  Code  Gb  list.o [12]
vListInsert              0x800'0bf9    0x32  Code  Gb  list.o [12]
vListInsertEnd           0x800'0bdf    0x1a  Code  Gb  list.o [12]
vPortEnableVFP           0x800'1b01          Code  Gb  portasm.o [12]
vPortEnterCritical       0x800'0d35    0x32  Code  Gb  port.o [12]
vPortExitCritical        0x800'0d67    0x22  Code  Gb  port.o [12]
vPortFree                0x800'0ae7    0x54  Code  Gb  heap_4.o [12]
vPortSetupTimerInterrupt
                         0x800'1a45    0x28  Code  Wk  port.o [12]
vPortStartFirstTask      0x800'1ae1          Code  Gb  portasm.o [12]
vPortValidateInterruptPriority
                         0x800'0dbd    0x34  Code  Gb  port.o [12]
vQueueAddToRegistry      0x800'2481    0x32  Code  Gb  queue.o [12]
vQueueWaitForMessageRestricted
                         0x800'24c1    0x48  Code  Gb  queue.o [12]
vTaskDelay               0x800'03a5    0x3a  Code  Gb  tasks.o [12]
vTaskInternalSetTimeOutState
                         0x800'078d     0xe  Code  Gb  tasks.o [12]
vTaskMissedYield         0x800'0801     0xa  Code  Gb  tasks.o [12]
vTaskPlaceOnEventList    0x800'0689    0x20  Code  Gb  tasks.o [12]
vTaskPlaceOnEventListRestricted
                         0x800'06c3    0x32  Code  Gb  tasks.o [12]
vTaskStartScheduler      0x800'03ed    0x8c  Code  Gb  tasks.o [12]
vTaskSuspendAll          0x800'0479     0xc  Code  Gb  tasks.o [12]
vTaskSwitchContext       0x800'0605    0x72  Code  Gb  tasks.o [12]
xActiveTimerList1       0x2000'5fb0    0x14  Data  Lc  timers.o [12]
xActiveTimerList2       0x2000'5fc4    0x14  Data  Lc  timers.o [12]
xBlockAllocatedBit      0x2000'3eb0     0x4  Data  Lc  heap_4.o [12]
xDelayedTaskList1       0x2000'61e0    0x14  Data  Lc  tasks.o [12]
xDelayedTaskList2       0x2000'61f4    0x14  Data  Lc  tasks.o [12]
xFreeBytesRemaining     0x2000'3ea0     0x4  Data  Lc  heap_4.o [12]
xIdleTaskHandle         0x2000'61d8     0x4  Data  Lc  tasks.o [12]
xMinimumEverFreeBytesRemaining
                        0x2000'3ea4     0x4  Data  Lc  heap_4.o [12]
xNextTaskUnblockTime    0x2000'61d4     0x4  Data  Lc  tasks.o [12]
xNumOfOverflows         0x2000'61cc     0x4  Data  Lc  tasks.o [12]
xNumberOfSuccessfulAllocations
                        0x2000'3ea8     0x4  Data  Lc  heap_4.o [12]
xNumberOfSuccessfulFrees
                        0x2000'3eac     0x4  Data  Lc  heap_4.o [12]
xPendedTicks            0x2000'61c4     0x4  Data  Lc  tasks.o [12]
xPendingReadyList       0x2000'6168    0x14  Data  Lc  tasks.o [12]
xPortStartScheduler      0x800'0c95    0xa0  Code  Gb  port.o [12]
xPortSysTickHandler      0x800'0d89    0x34  Code  Gb  port.o [12]
xQueueGenericCreate      0x800'1ea5    0x38  Code  Gb  queue.o [12]
xQueueGenericCreateStatic
                         0x800'1e43    0x62  Code  Gb  queue.o [12]
xQueueGenericReset       0x800'1dd1    0x72  Code  Gb  queue.o [12]
xQueueGenericSend        0x800'1f1f   0x142  Code  Gb  queue.o [12]
xQueueGenericSendFromISR
                         0x800'2077    0xb2  Code  Gb  queue.o [12]
xQueueReceive            0x800'2133   0x11c  Code  Gb  queue.o [12]
xQueueReceiveFromISR     0x800'22ad    0xba  Code  Gb  queue.o [12]
xQueueRegistry          0x2000'6208    0x40  Data  Gb  queue.o [12]
xSchedulerRunning       0x2000'61c0     0x4  Data  Lc  tasks.o [12]
xStart                  0x2000'3e94     0x8  Data  Lc  heap_4.o [12]
xSuspendedTaskList      0x2000'61a0    0x14  Data  Lc  tasks.o [12]
xTaskCheckForTimeOut     0x800'079b    0x66  Code  Gb  tasks.o [12]
xTaskCreate              0x800'01eb    0x5c  Code  Gb  tasks.o [12]
xTaskCreateStatic        0x800'0189    0x62  Code  Gb  tasks.o [12]
xTaskGetSchedulerState   0x800'08c3    0x18  Code  Gb  tasks.o [12]
xTaskGetTickCount        0x800'052b     0x8  Code  Gb  tasks.o [12]
xTaskGetTickCountFromISR
                         0x800'0533     0xe  Code  Gb  tasks.o [12]
xTaskIncrementTick       0x800'0541    0xc4  Code  Gb  tasks.o [12]
xTaskPriorityDisinherit
                         0x800'08db    0x68  Code  Gb  tasks.o [12]
xTaskRemoveFromEventList
                         0x800'0701    0x50  Code  Gb  tasks.o [12]
xTaskResumeAll           0x800'0485    0x9e  Code  Gb  tasks.o [12]
xTasksWaitingTermination
                        0x2000'617c    0x14  Data  Lc  tasks.o [12]
xTickCount              0x2000'61b8     0x4  Data  Lc  tasks.o [12]
xTimerCreateTimerTask    0x800'16d1    0x54  Code  Gb  timers.o [12]
xTimerGenericCommand     0x800'173b    0x4e  Code  Gb  timers.o [12]
xTimerQueue             0x2000'5fa4     0x4  Data  Lc  timers.o [12]
xTimerTaskHandle        0x2000'5fa8     0x4  Data  Lc  timers.o [12]
xYieldPending           0x2000'61c8     0x4  Data  Lc  tasks.o [12]


[1] = C:\UserData\z004k66m\OneDrive - Siemens AG\workspace_cloud\FI_FIRMWARE\EWARM\STM32F407_Debug_BareMetal\Obj\Application\EWARM
[2] = C:\UserData\z004k66m\OneDrive - Siemens AG\workspace_cloud\FI_FIRMWARE\EWARM\STM32F407_Debug_BareMetal\Obj\Application\User\Core\Packages\Debug\SerialWireDebug
[3] = C:\UserData\z004k66m\OneDrive - Siemens AG\workspace_cloud\FI_FIRMWARE\EWARM\STM32F407_Debug_BareMetal\Obj\Application\User\Core\Packages\Debug\SystemView\Config
[4] = C:\UserData\z004k66m\OneDrive - Siemens AG\workspace_cloud\FI_FIRMWARE\EWARM\STM32F407_Debug_BareMetal\Obj\Application\User\Core\Packages\Debug\SystemView\SEGGER
[5] = C:\UserData\z004k66m\OneDrive - Siemens AG\workspace_cloud\FI_FIRMWARE\EWARM\STM32F407_Debug_BareMetal\Obj\Application\User\Core\Packages\Debug\SystemView\SEGGER\Syscalls
[6] = C:\UserData\z004k66m\OneDrive - Siemens AG\workspace_cloud\FI_FIRMWARE\EWARM\STM32F407_Debug_BareMetal\Obj\Application\User\Core\Packages\Firmware
[7] = C:\UserData\z004k66m\OneDrive - Siemens AG\workspace_cloud\FI_FIRMWARE\EWARM\STM32F407_Debug_BareMetal\Obj\Application\User\Core\Packages\Firmware\Configuration
[8] = C:\UserData\z004k66m\OneDrive - Siemens AG\workspace_cloud\FI_FIRMWARE\EWARM\STM32F407_Debug_BareMetal\Obj\Application\User\Core\Packages\Firmware\Tasks
[9] = C:\UserData\z004k66m\OneDrive - Siemens AG\workspace_cloud\FI_FIRMWARE\EWARM\STM32F407_Debug_BareMetal\Obj\Application\User\Core\Packages\Firmware\arm_math
[10] = C:\UserData\z004k66m\OneDrive - Siemens AG\workspace_cloud\FI_FIRMWARE\EWARM\STM32F407_Debug_BareMetal\Obj\Application\User\Core\Packages\Stm32F4xx_BareMetal
[11] = C:\UserData\z004k66m\OneDrive - Siemens AG\workspace_cloud\FI_FIRMWARE\EWARM\STM32F407_Debug_BareMetal\Obj\Drivers\CMSIS
[12] = C:\UserData\z004k66m\OneDrive - Siemens AG\workspace_cloud\FI_FIRMWARE\EWARM\STM32F407_Debug_BareMetal\Obj\Middlewares\FreeRTOS
[13] = dl7M_tlf.a
[14] = m7M_tls.a
[15] = rt7M_tl.a
[16] = shb_l.a

  12'468 bytes of readonly  code memory
     368 bytes of readonly  data memory
  26'209 bytes of readwrite data memory

Errors: none
Warnings: none
