###############################################################################
#
# IAR ELF Linker V9.32.1.338/W64 for ARM                  27/Jan/2023  22:19:14
# Copyright 2007-2022 IAR Systems AB.
#
#    Output file  =
#        G:\Meine
#        Ablage\studium\Masterarbeit_files\FI_FIRMWARE\EWARM\STM32F7_Debug_500k_Sample_Data\Exe\FI_FIRMWARE.out
#    Map file     =
#        G:\Meine
#        Ablage\studium\Masterarbeit_files\FI_FIRMWARE\EWARM\STM32F7_Debug_500k_Sample_Data\List\FI_FIRMWARE.map
#    Command line =
#        -f "G:\Meine
#        Ablage\studium\Masterarbeit_files\FI_FIRMWARE\EWARM\STM32F7_Debug_500k_Sample_Data\Exe\FI_FIRMWARE.out.rsp"
#        ("G:\Meine
#        Ablage\studium\Masterarbeit_files\FI_FIRMWARE\EWARM\STM32F7_Debug_500k_Sample_Data\Obj\Application\User\Core\Packages\arm_math\arm_rms_q15.o"
#        "G:\Meine
#        Ablage\studium\Masterarbeit_files\FI_FIRMWARE\EWARM\STM32F7_Debug_500k_Sample_Data\Obj\Application\User\Core\Packages\arm_math\arm_sqrt_q15.o"
#        "G:\Meine
#        Ablage\studium\Masterarbeit_files\FI_FIRMWARE\EWARM\STM32F7_Debug_500k_Sample_Data\Obj\Application\User\Core\RTOS\Tasks\calculation.o"
#        "G:\Meine
#        Ablage\studium\Masterarbeit_files\FI_FIRMWARE\EWARM\STM32F7_Debug_500k_Sample_Data\Obj\Middlewares\FreeRTOS\FreeRTOS_10_2_1\cmsis_os2.o"
#        "G:\Meine
#        Ablage\studium\Masterarbeit_files\FI_FIRMWARE\EWARM\STM32F7_Debug_500k_Sample_Data\Obj\Application\User\Core\processors\STM32F7xx\Configuration\500k_Sample_Data\config.o"
#        "G:\Meine
#        Ablage\studium\Masterarbeit_files\FI_FIRMWARE\EWARM\STM32F7_Debug_500k_Sample_Data\Obj\Middlewares\FreeRTOS\FreeRTOS_10_2_1\croutine.o"
#        "G:\Meine
#        Ablage\studium\Masterarbeit_files\FI_FIRMWARE\EWARM\STM32F7_Debug_500k_Sample_Data\Obj\Application\User\Core\Packages\Debug\SerialWireDebug\DebugTest.o"
#        "G:\Meine
#        Ablage\studium\Masterarbeit_files\FI_FIRMWARE\EWARM\STM32F7_Debug_500k_Sample_Data\Obj\Application\User\Core\RTOS\Interrupt_Callback\DMA.o"
#        "G:\Meine
#        Ablage\studium\Masterarbeit_files\FI_FIRMWARE\EWARM\STM32F7_Debug_500k_Sample_Data\Obj\Middlewares\FreeRTOS\FreeRTOS_10_2_1\event_groups.o"
#        "G:\Meine
#        Ablage\studium\Masterarbeit_files\FI_FIRMWARE\EWARM\STM32F7_Debug_500k_Sample_Data\Obj\Middlewares\FreeRTOS\FreeRTOS_10_2_1\heap_4.o"
#        "G:\Meine
#        Ablage\studium\Masterarbeit_files\FI_FIRMWARE\EWARM\STM32F7_Debug_500k_Sample_Data\Obj\Application\User\Core\RTOS\Tasks\highPrio.o"
#        "G:\Meine
#        Ablage\studium\Masterarbeit_files\FI_FIRMWARE\EWARM\STM32F7_Debug_500k_Sample_Data\Obj\Application\User\Core\RTOS\Initialization\InitFreeRtos.o"
#        "G:\Meine
#        Ablage\studium\Masterarbeit_files\FI_FIRMWARE\EWARM\STM32F7_Debug_500k_Sample_Data\Obj\Application\User\Core\processors\STM32F7xx\initialize.o"
#        "G:\Meine
#        Ablage\studium\Masterarbeit_files\FI_FIRMWARE\EWARM\STM32F7_Debug_500k_Sample_Data\Obj\Middlewares\FreeRTOS\FreeRTOS_10_2_1\list.o"
#        "G:\Meine
#        Ablage\studium\Masterarbeit_files\FI_FIRMWARE\EWARM\STM32F7_Debug_500k_Sample_Data\Obj\Application\User\Core\main.o"
#        "G:\Meine
#        Ablage\studium\Masterarbeit_files\FI_FIRMWARE\EWARM\STM32F7_Debug_500k_Sample_Data\Obj\Application\User\Core\RTOS\Tasks\mediumPrio.o"
#        "G:\Meine
#        Ablage\studium\Masterarbeit_files\FI_FIRMWARE\EWARM\STM32F7_Debug_500k_Sample_Data\Obj\Middlewares\FreeRTOS\FreeRTOS_10_2_1\port.o"
#        "G:\Meine
#        Ablage\studium\Masterarbeit_files\FI_FIRMWARE\EWARM\STM32F7_Debug_500k_Sample_Data\Obj\Middlewares\FreeRTOS\FreeRTOS_10_2_1\portasm.o"
#        "G:\Meine
#        Ablage\studium\Masterarbeit_files\FI_FIRMWARE\EWARM\STM32F7_Debug_500k_Sample_Data\Obj\Middlewares\FreeRTOS\FreeRTOS_10_2_1\queue.o"
#        "G:\Meine
#        Ablage\studium\Masterarbeit_files\FI_FIRMWARE\EWARM\STM32F7_Debug_500k_Sample_Data\Obj\Application\User\Core\Packages\Debug\SystemView\SEGGER\SEGGER_RTT.o"
#        "G:\Meine
#        Ablage\studium\Masterarbeit_files\FI_FIRMWARE\EWARM\STM32F7_Debug_500k_Sample_Data\Obj\Application\User\Core\Packages\Debug\SystemView\SEGGER\SEGGER_RTT_ASM_ARMv7M.o"
#        "G:\Meine
#        Ablage\studium\Masterarbeit_files\FI_FIRMWARE\EWARM\STM32F7_Debug_500k_Sample_Data\Obj\Application\User\Core\Packages\Debug\SystemView\SEGGER\SEGGER_RTT_printf.o"
#        "G:\Meine
#        Ablage\studium\Masterarbeit_files\FI_FIRMWARE\EWARM\STM32F7_Debug_500k_Sample_Data\Obj\Application\User\Core\Packages\Debug\SystemView\SEGGER\Syscalls\SEGGER_RTT_Syscalls_IAR.o"
#        "G:\Meine
#        Ablage\studium\Masterarbeit_files\FI_FIRMWARE\EWARM\STM32F7_Debug_500k_Sample_Data\Obj\Application\User\Core\Packages\Debug\SystemView\SEGGER\SEGGER_SYSVIEW.o"
#        "G:\Meine
#        Ablage\studium\Masterarbeit_files\FI_FIRMWARE\EWARM\STM32F7_Debug_500k_Sample_Data\Obj\Application\User\Core\Packages\Debug\SystemView\Config\SEGGER_SYSVIEW_Config_FreeRTOS.o"
#        "G:\Meine
#        Ablage\studium\Masterarbeit_files\FI_FIRMWARE\EWARM\STM32F7_Debug_500k_Sample_Data\Obj\Application\User\Core\Packages\Debug\SystemView\Config\SEGGER_SYSVIEW_FreeRTOS.o"
#        "G:\Meine
#        Ablage\studium\Masterarbeit_files\FI_FIRMWARE\EWARM\STM32F7_Debug_500k_Sample_Data\Obj\Application\EWARM\startup_stm32f746xx.o"
#        "G:\Meine
#        Ablage\studium\Masterarbeit_files\FI_FIRMWARE\EWARM\STM32F7_Debug_500k_Sample_Data\Obj\Drivers\STM32F7xx_HAL_Driver\stm32f7xx_hal.o"
#        "G:\Meine
#        Ablage\studium\Masterarbeit_files\FI_FIRMWARE\EWARM\STM32F7_Debug_500k_Sample_Data\Obj\Drivers\STM32F7xx_HAL_Driver\stm32f7xx_hal_adc.o"
#        "G:\Meine
#        Ablage\studium\Masterarbeit_files\FI_FIRMWARE\EWARM\STM32F7_Debug_500k_Sample_Data\Obj\Drivers\STM32F7xx_HAL_Driver\stm32f7xx_hal_adc_ex.o"
#        "G:\Meine
#        Ablage\studium\Masterarbeit_files\FI_FIRMWARE\EWARM\STM32F7_Debug_500k_Sample_Data\Obj\Drivers\STM32F7xx_HAL_Driver\stm32f7xx_hal_cortex.o"
#        "G:\Meine
#        Ablage\studium\Masterarbeit_files\FI_FIRMWARE\EWARM\STM32F7_Debug_500k_Sample_Data\Obj\Drivers\STM32F7xx_HAL_Driver\stm32f7xx_hal_dma.o"
#        "G:\Meine
#        Ablage\studium\Masterarbeit_files\FI_FIRMWARE\EWARM\STM32F7_Debug_500k_Sample_Data\Obj\Drivers\STM32F7xx_HAL_Driver\stm32f7xx_hal_dma_ex.o"
#        "G:\Meine
#        Ablage\studium\Masterarbeit_files\FI_FIRMWARE\EWARM\STM32F7_Debug_500k_Sample_Data\Obj\Drivers\STM32F7xx_HAL_Driver\stm32f7xx_hal_exti.o"
#        "G:\Meine
#        Ablage\studium\Masterarbeit_files\FI_FIRMWARE\EWARM\STM32F7_Debug_500k_Sample_Data\Obj\Drivers\STM32F7xx_HAL_Driver\stm32f7xx_hal_flash.o"
#        "G:\Meine
#        Ablage\studium\Masterarbeit_files\FI_FIRMWARE\EWARM\STM32F7_Debug_500k_Sample_Data\Obj\Drivers\STM32F7xx_HAL_Driver\stm32f7xx_hal_flash_ex.o"
#        "G:\Meine
#        Ablage\studium\Masterarbeit_files\FI_FIRMWARE\EWARM\STM32F7_Debug_500k_Sample_Data\Obj\Drivers\STM32F7xx_HAL_Driver\stm32f7xx_hal_gpio.o"
#        "G:\Meine
#        Ablage\studium\Masterarbeit_files\FI_FIRMWARE\EWARM\STM32F7_Debug_500k_Sample_Data\Obj\Drivers\STM32F7xx_HAL_Driver\stm32f7xx_hal_i2c.o"
#        "G:\Meine
#        Ablage\studium\Masterarbeit_files\FI_FIRMWARE\EWARM\STM32F7_Debug_500k_Sample_Data\Obj\Drivers\STM32F7xx_HAL_Driver\stm32f7xx_hal_i2c_ex.o"
#        "G:\Meine
#        Ablage\studium\Masterarbeit_files\FI_FIRMWARE\EWARM\STM32F7_Debug_500k_Sample_Data\Obj\Application\User\Core\processors\STM32F7xx\stm32f7xx_hal_msp.o"
#        "G:\Meine
#        Ablage\studium\Masterarbeit_files\FI_FIRMWARE\EWARM\STM32F7_Debug_500k_Sample_Data\Obj\Drivers\STM32F7xx_HAL_Driver\stm32f7xx_hal_pwr.o"
#        "G:\Meine
#        Ablage\studium\Masterarbeit_files\FI_FIRMWARE\EWARM\STM32F7_Debug_500k_Sample_Data\Obj\Drivers\STM32F7xx_HAL_Driver\stm32f7xx_hal_pwr_ex.o"
#        "G:\Meine
#        Ablage\studium\Masterarbeit_files\FI_FIRMWARE\EWARM\STM32F7_Debug_500k_Sample_Data\Obj\Drivers\STM32F7xx_HAL_Driver\stm32f7xx_hal_rcc.o"
#        "G:\Meine
#        Ablage\studium\Masterarbeit_files\FI_FIRMWARE\EWARM\STM32F7_Debug_500k_Sample_Data\Obj\Drivers\STM32F7xx_HAL_Driver\stm32f7xx_hal_rcc_ex.o"
#        "G:\Meine
#        Ablage\studium\Masterarbeit_files\FI_FIRMWARE\EWARM\STM32F7_Debug_500k_Sample_Data\Obj\Drivers\STM32F7xx_HAL_Driver\stm32f7xx_hal_tim.o"
#        "G:\Meine
#        Ablage\studium\Masterarbeit_files\FI_FIRMWARE\EWARM\STM32F7_Debug_500k_Sample_Data\Obj\Drivers\STM32F7xx_HAL_Driver\stm32f7xx_hal_tim_ex.o"
#        "G:\Meine
#        Ablage\studium\Masterarbeit_files\FI_FIRMWARE\EWARM\STM32F7_Debug_500k_Sample_Data\Obj\Application\User\Core\processors\STM32F7xx\stm32f7xx_hal_timebase_tim.o"
#        "G:\Meine
#        Ablage\studium\Masterarbeit_files\FI_FIRMWARE\EWARM\STM32F7_Debug_500k_Sample_Data\Obj\Application\User\Core\processors\STM32F7xx\stm32f7xx_it.o"
#        "G:\Meine
#        Ablage\studium\Masterarbeit_files\FI_FIRMWARE\EWARM\STM32F7_Debug_500k_Sample_Data\Obj\Middlewares\FreeRTOS\FreeRTOS_10_2_1\stream_buffer.o"
#        "G:\Meine
#        Ablage\studium\Masterarbeit_files\FI_FIRMWARE\EWARM\STM32F7_Debug_500k_Sample_Data\Obj\Drivers\CMSIS\system_stm32f7xx.o"
#        "G:\Meine
#        Ablage\studium\Masterarbeit_files\FI_FIRMWARE\EWARM\STM32F7_Debug_500k_Sample_Data\Obj\Middlewares\FreeRTOS\FreeRTOS_10_2_1\tasks.o"
#        "G:\Meine
#        Ablage\studium\Masterarbeit_files\FI_FIRMWARE\EWARM\STM32F7_Debug_500k_Sample_Data\Obj\Middlewares\FreeRTOS\FreeRTOS_10_2_1\timers.o"
#        --no_out_extension -o "G:\Meine
#        Ablage\studium\Masterarbeit_files\FI_FIRMWARE\EWARM\STM32F7_Debug_500k_Sample_Data\Exe\FI_FIRMWARE.out"
#        --redirect _Printf=_PrintfFullNoMb --redirect _Scanf=_ScanfFullNoMb
#        --map "G:\Meine
#        Ablage\studium\Masterarbeit_files\FI_FIRMWARE\EWARM\STM32F7_Debug_500k_Sample_Data\List\FI_FIRMWARE.map"
#        --config "G:\Meine
#        Ablage\studium\Masterarbeit_files\FI_FIRMWARE\EWARM/stm32f746xx_ITCM_flash.icf"
#        --semihosting --entry __iar_program_start --vfe --text_out locale
#        --cpu=Cortex-M7 --fpu=VFPv5_sp)
#
###############################################################################

*******************************************************************************
*** RUNTIME MODEL ATTRIBUTES
***

CppFlavor       = *
__CPP_Runtime   = 1
__SystemLibrary = DLib
__dlib_version  = 6


*******************************************************************************
*** HEAP SELECTION
***

The basic heap was selected because --advanced_heap
was not specified and the application did not appear to
be primarily optimized for speed.


*******************************************************************************
*** PLACEMENT SUMMARY
***

"A0":  place at address 0x20'0000 { ro section .intvec };
"P1":  place in [from 0x20'0000 to 0x2f'ffff] { ro };
define block CSTACK with size = 1K, alignment = 8 { };
define block HEAP with size = 512, alignment = 8 { };
"P2":  place in [from 0x2000'0000 to 0x2004'ffff] {
          rw, block CSTACK, block HEAP };
initialize by copy { rw };

  Section            Kind         Address    Size  Object
  -------            ----         -------    ----  ------
"A0":                                       0x1c8
  .intvec            ro code    0x20'0000   0x1c8  startup_stm32f746xx.o [1]
                              - 0x20'01c8   0x1c8

"P1":                                      0x48b0
  .text              ro code    0x20'01c8   0x878  tasks.o [15]
  .text              ro code    0x20'0a40   0x1c4  heap_4.o [15]
  .text              ro code    0x20'0c04    0x3a  ABImemset48.o [18]
  .text              ro code    0x20'0c3e    0x94  list.o [15]
  .text              ro code    0x20'0cd2    0x2a  copy_init3.o [18]
  .text              ro code    0x20'0cfc   0x1c4  port.o [15]
  .text              ro code    0x20'0ec0   0x7a8  SEGGER_SYSVIEW.o [5]
  .text              ro code    0x20'1668    0xd8  SEGGER_SYSVIEW_FreeRTOS.o [4]
  .text              ro code    0x20'1740   0x32c  cmsis_os2.o [15]
  .text              ro code    0x20'1a6c   0x370  timers.o [15]
  .text              ro code    0x20'1ddc    0x1e  memcmp_small.o [18]
  .text              ro code    0x20'1dfc    0x2c  port.o [15]
  CODE               ro code    0x20'1e28    0xb4  portasm.o [15]
  .text              ro code    0x20'1edc   0x1f8  SEGGER_RTT.o [5]
  .text              ro code    0x20'20d4    0x94  SEGGER_RTT_ASM_ARMv7M.o [5]
  .text              ro code    0x20'2168     0x6  ABImemclr4.o [18]
  .text              ro code    0x20'2170   0x738  queue.o [15]
  .text              ro code    0x20'28a8    0x18  ABImemcpy_small.o [18]
  .text              ro code    0x20'28c0   0x4fc  stm32f7xx_hal_rcc.o [14]
  .text              ro code    0x20'2dbc     0xc  stm32f7xx_hal.o [14]
  .text              ro code    0x20'2dc8    0x9c  stm32f7xx_hal_timebase_tim.o [11]
  .text              ro code    0x20'2e64   0x14a  I64DivMod_small.o [18]
  .text              ro code    0x20'2fb0   0x46e  stm32f7xx_hal_tim.o [14]
  .text              ro code    0x20'3420    0x98  stm32f7xx_hal_cortex.o [14]
  .text              ro code    0x20'34b8     0x2  I64DivZer.o [18]
  .text              ro code    0x20'34bc    0xc4  stm32f7xx_hal_msp.o [11]
  .text              ro code    0x20'3580     0x2  stm32f7xx_hal_tim.o [14]
  .text              ro code    0x20'3582     0x2  stm32f7xx_hal_tim.o [14]
  .text              ro code    0x20'3584   0x238  initialize.o [11]
  .text              ro code    0x20'37bc     0x2  stm32f7xx_hal_tim_ex.o [14]
  .text              ro code    0x20'37be     0x2  stm32f7xx_hal_tim_ex.o [14]
  .text              ro code    0x20'37c0     0x2  stm32f7xx_hal_tim.o [14]
  .text              ro code    0x20'37c2     0x2  stm32f7xx_hal_tim_ex.o [14]
  .text              ro code    0x20'37c4     0x2  stm32f7xx_hal_tim.o [14]
  .text              ro code    0x20'37c8   0x374  stm32f7xx_hal_dma.o [14]
  .text              ro code    0x20'3b3c    0x2c  stm32f7xx_hal.o [14]
  .text              ro code    0x20'3b68    0x70  DebugTest.o [3]
  .text              ro code    0x20'3bd8   0x228  stm32f7xx_hal_gpio.o [14]
  .text              ro code    0x20'3e00   0x4e2  stm32f7xx_hal_adc.o [14]
  .text              ro code    0x20'42e4    0xa0  stm32f7xx_hal_tim_ex.o [14]
  .text              ro code    0x20'4384    0x60  SEGGER_SYSVIEW_Config_FreeRTOS.o [4]
  .text              ro code    0x20'43e4    0x74  InitFreeRtos.o [8]
  .text              ro code    0x20'4458    0x10  stm32f7xx_hal.o [14]
  .text              ro code    0x20'4468    0x34  DMA.o [9]
  .text              ro code    0x20'449c     0x2  stm32f7xx_hal_adc.o [14]
  .text              ro code    0x20'44a0    0xc4  arm_sqrt_q15.o [7]
  .rodata            const      0x20'4564    0x6c  InitFreeRtos.o [8]
  .text              ro code    0x20'45d0    0x56  arm_rms_q15.o [7]
  .rodata            const      0x20'4628    0x50  SEGGER_SYSVIEW_FreeRTOS.o [4]
  .text              ro code    0x20'4678    0x50  calculation.o [10]
  .text              ro code    0x20'46c8    0x38  zero_init3.o [18]
  .rodata            const      0x20'4700    0x34  SEGGER_SYSVIEW_Config_FreeRTOS.o [4]
  .text              ro code    0x20'4734    0x28  data_init.o [18]
  Initializer bytes  const      0x20'475c    0x24  <for P2-1>
  .text              ro code    0x20'4780    0x22  fpinit_M.o [17]
  .iar.init_table    const      0x20'47a4    0x24  - Linker created -
  .text              ro code    0x20'47c8    0x20  stm32f7xx_it.o [11]
  .text              ro code    0x20'47e8    0x20  system_stm32f7xx.o [13]
  .text              ro code    0x20'4808    0x1e  cmain.o [18]
  .text              ro code    0x20'4826     0x4  low_level_init.o [16]
  .text              ro code    0x20'482a     0xa  main.o [2]
  .text              ro code    0x20'4834     0x4  exit.o [16]
  .text              ro code    0x20'4838     0xa  cexit.o [18]
  .text              ro code    0x20'4844    0x14  exit.o [19]
  .text              ro code    0x20'4858    0x1c  cstartup_M.o [18]
  .text              ro code    0x20'4874    0x18  mediumPrio.o [10]
  .rodata            const      0x20'488c    0x14  InitFreeRtos.o [8]
  .text              ro code    0x20'48a0    0x14  highPrio.o [10]
  .rodata            const      0x20'48b4    0x10  InitFreeRtos.o [8]
  .text              ro code    0x20'48c4    0x10  startup_stm32f746xx.o [1]
  .rodata            const      0x20'48d4     0xc  InitFreeRtos.o [8]
  .rodata            const      0x20'48e0     0xc  InitFreeRtos.o [8]
  .rodata            const      0x20'48ec     0x8  SEGGER_SYSVIEW_FreeRTOS.o [4]
  .rodata            const      0x20'48f4     0x8  system_stm32f7xx.o [13]
  .text              ro code    0x20'48fc     0x4  startup_stm32f746xx.o [1]
  .text              ro code    0x20'4900     0x4  startup_stm32f746xx.o [1]
  .text              ro code    0x20'4904     0x4  startup_stm32f746xx.o [1]
  .text              ro code    0x20'4908     0x4  startup_stm32f746xx.o [1]
  .text              ro code    0x20'490c     0x4  startup_stm32f746xx.o [1]
  .text              ro code    0x20'4910     0x4  startup_stm32f746xx.o [1]
  .text              ro code    0x20'4914     0x4  startup_stm32f746xx.o [1]
  .text              ro code    0x20'4918     0x4  startup_stm32f746xx.o [1]
  .text              ro code    0x20'491c     0x4  startup_stm32f746xx.o [1]
  .text              ro code    0x20'4920     0x4  startup_stm32f746xx.o [1]
  .text              ro code    0x20'4924     0x4  startup_stm32f746xx.o [1]
  .text              ro code    0x20'4928     0x4  startup_stm32f746xx.o [1]
  .text              ro code    0x20'492c     0x4  startup_stm32f746xx.o [1]
  .text              ro code    0x20'4930     0x4  startup_stm32f746xx.o [1]
  .text              ro code    0x20'4934     0x4  startup_stm32f746xx.o [1]
  .text              ro code    0x20'4938     0x4  startup_stm32f746xx.o [1]
  .text              ro code    0x20'493c     0x4  startup_stm32f746xx.o [1]
  .text              ro code    0x20'4940     0x4  startup_stm32f746xx.o [1]
  .text              ro code    0x20'4944     0x4  startup_stm32f746xx.o [1]
  .text              ro code    0x20'4948     0x4  startup_stm32f746xx.o [1]
  .text              ro code    0x20'494c     0x4  startup_stm32f746xx.o [1]
  .text              ro code    0x20'4950     0x4  startup_stm32f746xx.o [1]
  .text              ro code    0x20'4954     0x4  startup_stm32f746xx.o [1]
  .text              ro code    0x20'4958     0x4  startup_stm32f746xx.o [1]
  .text              ro code    0x20'495c     0x4  startup_stm32f746xx.o [1]
  .text              ro code    0x20'4960     0x4  startup_stm32f746xx.o [1]
  .text              ro code    0x20'4964     0x4  startup_stm32f746xx.o [1]
  .text              ro code    0x20'4968     0x4  startup_stm32f746xx.o [1]
  .text              ro code    0x20'496c     0x4  startup_stm32f746xx.o [1]
  .text              ro code    0x20'4970     0x4  startup_stm32f746xx.o [1]
  .text              ro code    0x20'4974     0x4  startup_stm32f746xx.o [1]
  .text              ro code    0x20'4978     0x4  startup_stm32f746xx.o [1]
  .text              ro code    0x20'497c     0x4  startup_stm32f746xx.o [1]
  .text              ro code    0x20'4980     0x4  startup_stm32f746xx.o [1]
  .text              ro code    0x20'4984     0x4  startup_stm32f746xx.o [1]
  .text              ro code    0x20'4988     0x4  startup_stm32f746xx.o [1]
  .text              ro code    0x20'498c     0x4  startup_stm32f746xx.o [1]
  .text              ro code    0x20'4990     0x4  startup_stm32f746xx.o [1]
  .text              ro code    0x20'4994     0x4  startup_stm32f746xx.o [1]
  .text              ro code    0x20'4998     0x4  startup_stm32f746xx.o [1]
  .text              ro code    0x20'499c     0x4  startup_stm32f746xx.o [1]
  .text              ro code    0x20'49a0     0x4  startup_stm32f746xx.o [1]
  .text              ro code    0x20'49a4     0x4  startup_stm32f746xx.o [1]
  .text              ro code    0x20'49a8     0x4  startup_stm32f746xx.o [1]
  .text              ro code    0x20'49ac     0x4  startup_stm32f746xx.o [1]
  .text              ro code    0x20'49b0     0x4  startup_stm32f746xx.o [1]
  .text              ro code    0x20'49b4     0x4  startup_stm32f746xx.o [1]
  .text              ro code    0x20'49b8     0x4  startup_stm32f746xx.o [1]
  .text              ro code    0x20'49bc     0x4  startup_stm32f746xx.o [1]
  .text              ro code    0x20'49c0     0x4  startup_stm32f746xx.o [1]
  .text              ro code    0x20'49c4     0x4  startup_stm32f746xx.o [1]
  .text              ro code    0x20'49c8     0x4  startup_stm32f746xx.o [1]
  .text              ro code    0x20'49cc     0x4  startup_stm32f746xx.o [1]
  .text              ro code    0x20'49d0     0x4  startup_stm32f746xx.o [1]
  .text              ro code    0x20'49d4     0x4  startup_stm32f746xx.o [1]
  .text              ro code    0x20'49d8     0x4  startup_stm32f746xx.o [1]
  .text              ro code    0x20'49dc     0x4  startup_stm32f746xx.o [1]
  .text              ro code    0x20'49e0     0x4  startup_stm32f746xx.o [1]
  .text              ro code    0x20'49e4     0x4  startup_stm32f746xx.o [1]
  .text              ro code    0x20'49e8     0x4  startup_stm32f746xx.o [1]
  .text              ro code    0x20'49ec     0x4  startup_stm32f746xx.o [1]
  .text              ro code    0x20'49f0     0x4  startup_stm32f746xx.o [1]
  .text              ro code    0x20'49f4     0x4  startup_stm32f746xx.o [1]
  .text              ro code    0x20'49f8     0x4  startup_stm32f746xx.o [1]
  .text              ro code    0x20'49fc     0x4  startup_stm32f746xx.o [1]
  .text              ro code    0x20'4a00     0x4  startup_stm32f746xx.o [1]
  .text              ro code    0x20'4a04     0x4  startup_stm32f746xx.o [1]
  .text              ro code    0x20'4a08     0x4  startup_stm32f746xx.o [1]
  .text              ro code    0x20'4a0c     0x4  startup_stm32f746xx.o [1]
  .text              ro code    0x20'4a10     0x4  startup_stm32f746xx.o [1]
  .text              ro code    0x20'4a14     0x4  startup_stm32f746xx.o [1]
  .text              ro code    0x20'4a18     0x4  startup_stm32f746xx.o [1]
  .text              ro code    0x20'4a1c     0x4  startup_stm32f746xx.o [1]
  .text              ro code    0x20'4a20     0x4  startup_stm32f746xx.o [1]
  .text              ro code    0x20'4a24     0x4  startup_stm32f746xx.o [1]
  .text              ro code    0x20'4a28     0x4  startup_stm32f746xx.o [1]
  .text              ro code    0x20'4a2c     0x4  startup_stm32f746xx.o [1]
  .text              ro code    0x20'4a30     0x4  startup_stm32f746xx.o [1]
  .text              ro code    0x20'4a34     0x4  startup_stm32f746xx.o [1]
  .text              ro code    0x20'4a38     0x4  startup_stm32f746xx.o [1]
  .text              ro code    0x20'4a3c     0x4  startup_stm32f746xx.o [1]
  .text              ro code    0x20'4a40     0x4  startup_stm32f746xx.o [1]
  .text              ro code    0x20'4a44     0x4  startup_stm32f746xx.o [1]
  .text              ro code    0x20'4a48     0x4  startup_stm32f746xx.o [1]
  .text              ro code    0x20'4a4c     0x4  startup_stm32f746xx.o [1]
  .text              ro code    0x20'4a50     0x4  startup_stm32f746xx.o [1]
  .text              ro code    0x20'4a54     0x4  startup_stm32f746xx.o [1]
  .text              ro code    0x20'4a58     0x4  startup_stm32f746xx.o [1]
  .text              ro code    0x20'4a5c     0x4  startup_stm32f746xx.o [1]
  .text              ro code    0x20'4a60     0x4  startup_stm32f746xx.o [1]
  .text              ro code    0x20'4a64     0x4  startup_stm32f746xx.o [1]
  .text              ro code    0x20'4a68     0x4  startup_stm32f746xx.o [1]
  .text              ro code    0x20'4a6c     0x4  startup_stm32f746xx.o [1]
  .text              ro code    0x20'4a70     0x4  startup_stm32f746xx.o [1]
  .text              ro code    0x20'4a74     0x4  startup_stm32f746xx.o [1]
  .rodata            const      0x20'4a78     0x0  zero_init3.o [18]
  .rodata            const      0x20'4a78     0x0  copy_init3.o [18]
                              - 0x20'4a78  0x48b0

"P2", part 1 of 3:                           0x24
  P2-1                        0x2000'0000    0x24  <Init block>
    .data            inited   0x2000'0000     0x8  DebugTest.o [3]
    .data            inited   0x2000'0008     0xc  port.o [15]
    .data            inited   0x2000'0014     0xc  stm32f7xx_hal.o [14]
    .data            inited   0x2000'0020     0x4  system_stm32f7xx.o [13]
                            - 0x2000'0024    0x24

"P2", part 2 of 3:                         0x7450
  .bss               zero     0x2000'0024  0x3c18  heap_4.o [15]
  .bss               zero     0x2000'3c3c  0x1fd4  initialize.o [11]
  .bss               zero     0x2000'5c10   0x518  SEGGER_SYSVIEW.o [5]
  .bss               zero     0x2000'6128   0x4b8  SEGGER_RTT.o [5]
  .bss               zero     0x2000'65e0   0x460  tasks.o [15]
  .bss               zero     0x2000'6a40   0x45c  cmsis_os2.o [15]
  .bss               zero     0x2000'6e9c   0x25c  cmsis_os2.o [15]
  .bss               zero     0x2000'70f8   0x12c  timers.o [15]
  .bss               zero     0x2000'7224    0xa0  SEGGER_SYSVIEW_FreeRTOS.o [4]
  .bss               zero     0x2000'72c4    0xa0  tasks.o [15]
  .bss               zero     0x2000'7364    0x60  initialize.o [11]
  .bss               zero     0x2000'73c4    0x4c  stm32f7xx_hal_timebase_tim.o [11]
  .bss               zero     0x2000'7410    0x40  queue.o [15]
  .bss               zero     0x2000'7450    0x10  InitFreeRtos.o [8]
  .bss               zero     0x2000'7460     0x4  cmsis_os2.o [15]
  .bss               zero     0x2000'7464     0x4  DebugTest.o [3]
  .bss               zero     0x2000'7468     0x4  SEGGER_SYSVIEW_FreeRTOS.o [4]
  .bss               zero     0x2000'746c     0x2  calculation.o [10]
  .bss               zero     0x2000'746e     0x2  DMA.o [9]
  .bss               zero     0x2000'7470     0x1  SEGGER_SYSVIEW.o [5]
                            - 0x2000'7471  0x744d

"P2", part 3 of 3:                          0x400
  CSTACK                      0x2000'7478   0x400  <Block>
    CSTACK           uninit   0x2000'7478   0x400  <Block tail>
                            - 0x2000'7878   0x400

Unused ranges:

         From           To      Size
         ----           --      ----
    0x20'4a78    0x2f'ffff  0xf'b588
  0x2000'7474  0x2000'7477       0x4
  0x2000'7878  0x2004'ffff  0x4'8788


*******************************************************************************
*** INIT TABLE
***

          Address      Size
          -------      ----
Zero (__iar_zero_init3)
    1 destination range, total size 0x744d:
          0x2000'0024  0x744d

Copy (__iar_copy_init3)
    1 source range, total size 0x24:
            0x20'475c    0x24
    1 destination range, total size 0x24:
          0x2000'0000    0x24



*******************************************************************************
*** MODULE SUMMARY
***

    Module                            ro code  ro data  rw data
    ------                            -------  -------  -------
command line/config:
    -----------------------------------------------------------
    Total:

G:\Meine Ablage\studium\Masterarbeit_files\FI_FIRMWARE\EWARM\STM32F7_Debug_500k_Sample_Data\Obj\Application\EWARM: [1]
    startup_stm32f746xx.o                 852
    -----------------------------------------------------------
    Total:                                852

G:\Meine Ablage\studium\Masterarbeit_files\FI_FIRMWARE\EWARM\STM32F7_Debug_500k_Sample_Data\Obj\Application\User\Core: [2]
    main.o                                 10
    -----------------------------------------------------------
    Total:                                 10

G:\Meine Ablage\studium\Masterarbeit_files\FI_FIRMWARE\EWARM\STM32F7_Debug_500k_Sample_Data\Obj\Application\User\Core\Packages\Debug\SerialWireDebug: [3]
    DebugTest.o                           112        8       12
    -----------------------------------------------------------
    Total:                                112        8       12

G:\Meine Ablage\studium\Masterarbeit_files\FI_FIRMWARE\EWARM\STM32F7_Debug_500k_Sample_Data\Obj\Application\User\Core\Packages\Debug\SystemView\Config: [4]
    SEGGER_SYSVIEW_Config_FreeRTOS.o       96       52
    SEGGER_SYSVIEW_FreeRTOS.o             216       88      164
    -----------------------------------------------------------
    Total:                                312      140      164

G:\Meine Ablage\studium\Masterarbeit_files\FI_FIRMWARE\EWARM\STM32F7_Debug_500k_Sample_Data\Obj\Application\User\Core\Packages\Debug\SystemView\SEGGER: [5]
    SEGGER_RTT.o                          504             1'208
    SEGGER_RTT_ASM_ARMv7M.o               148
    SEGGER_SYSVIEW.o                    1'960             1'305
    -----------------------------------------------------------
    Total:                              2'612             2'513

G:\Meine Ablage\studium\Masterarbeit_files\FI_FIRMWARE\EWARM\STM32F7_Debug_500k_Sample_Data\Obj\Application\User\Core\Packages\Debug\SystemView\SEGGER\Syscalls: [6]
    -----------------------------------------------------------
    Total:

G:\Meine Ablage\studium\Masterarbeit_files\FI_FIRMWARE\EWARM\STM32F7_Debug_500k_Sample_Data\Obj\Application\User\Core\Packages\arm_math: [7]
    arm_rms_q15.o                          86
    arm_sqrt_q15.o                        196
    -----------------------------------------------------------
    Total:                                282

G:\Meine Ablage\studium\Masterarbeit_files\FI_FIRMWARE\EWARM\STM32F7_Debug_500k_Sample_Data\Obj\Application\User\Core\RTOS\Initialization: [8]
    InitFreeRtos.o                        116      168       16
    -----------------------------------------------------------
    Total:                                116      168       16

G:\Meine Ablage\studium\Masterarbeit_files\FI_FIRMWARE\EWARM\STM32F7_Debug_500k_Sample_Data\Obj\Application\User\Core\RTOS\Interrupt_Callback: [9]
    DMA.o                                  52                 2
    -----------------------------------------------------------
    Total:                                 52                 2

G:\Meine Ablage\studium\Masterarbeit_files\FI_FIRMWARE\EWARM\STM32F7_Debug_500k_Sample_Data\Obj\Application\User\Core\RTOS\Tasks: [10]
    calculation.o                          80                 2
    highPrio.o                             20
    mediumPrio.o                           24
    -----------------------------------------------------------
    Total:                                124                 2

G:\Meine Ablage\studium\Masterarbeit_files\FI_FIRMWARE\EWARM\STM32F7_Debug_500k_Sample_Data\Obj\Application\User\Core\processors\STM32F7xx: [11]
    initialize.o                          568             8'244
    stm32f7xx_hal_msp.o                   196
    stm32f7xx_hal_timebase_tim.o          156                76
    stm32f7xx_it.o                         32
    -----------------------------------------------------------
    Total:                                952             8'320

G:\Meine Ablage\studium\Masterarbeit_files\FI_FIRMWARE\EWARM\STM32F7_Debug_500k_Sample_Data\Obj\Application\User\Core\processors\STM32F7xx\Configuration\500k_Sample_Data: [12]
    -----------------------------------------------------------
    Total:

G:\Meine Ablage\studium\Masterarbeit_files\FI_FIRMWARE\EWARM\STM32F7_Debug_500k_Sample_Data\Obj\Drivers\CMSIS: [13]
    system_stm32f7xx.o                     32       12        4
    -----------------------------------------------------------
    Total:                                 32       12        4

G:\Meine Ablage\studium\Masterarbeit_files\FI_FIRMWARE\EWARM\STM32F7_Debug_500k_Sample_Data\Obj\Drivers\STM32F7xx_HAL_Driver: [14]
    stm32f7xx_hal.o                        72       12       12
    stm32f7xx_hal_adc.o                 1'252
    stm32f7xx_hal_cortex.o                152
    stm32f7xx_hal_dma.o                   884
    stm32f7xx_hal_gpio.o                  552
    stm32f7xx_hal_rcc.o                 1'276
    stm32f7xx_hal_tim.o                 1'142
    stm32f7xx_hal_tim_ex.o                166
    -----------------------------------------------------------
    Total:                              5'496       12       12

G:\Meine Ablage\studium\Masterarbeit_files\FI_FIRMWARE\EWARM\STM32F7_Debug_500k_Sample_Data\Obj\Middlewares\FreeRTOS\FreeRTOS_10_2_1: [15]
    cmsis_os2.o                           812             1'724
    heap_4.o                              452            15'384
    list.o                                148
    port.o                                496       12       12
    portasm.o                             180
    queue.o                             1'848                64
    tasks.o                             2'168             1'280
    timers.o                              880               300
    -----------------------------------------------------------
    Total:                              6'984       12   18'764

dl7M_tlf.a: [16]
    exit.o                                  4
    low_level_init.o                        4
    -----------------------------------------------------------
    Total:                                  8

m7M_tls.a: [17]
    fpinit_M.o                             34
    -----------------------------------------------------------
    Total:                                 34

rt7M_tl.a: [18]
    ABImemclr4.o                            6
    ABImemcpy_small.o                      24
    ABImemset48.o                          58
    I64DivMod_small.o                     330
    I64DivZer.o                             2
    cexit.o                                10
    cmain.o                                30
    copy_init3.o                           42
    cstartup_M.o                           28
    data_init.o                            40
    memcmp_small.o                         30
    zero_init3.o                           56
    -----------------------------------------------------------
    Total:                                656

shb_l.a: [19]
    exit.o                                 20
    -----------------------------------------------------------
    Total:                                 20

    Gaps                                   18        4
    Linker created                                  36    1'024
---------------------------------------------------------------
    Grand Total:                       18'672      392   30'833


*******************************************************************************
*** ENTRY LIST
***

Entry                       Address    Size  Type      Object
-----                       -------    ----  ----      ------
.iar.init_table$$Base     0x20'47a4           --   Gb  - Linker created -
.iar.init_table$$Limit    0x20'47c8           --   Gb  - Linker created -
?main                     0x20'4809          Code  Gb  cmain.o [18]
ACCalculationTask         0x20'4679    0x50  Code  Gb  calculation.o [10]
ACCalculationTask::AC_VALUE
                        0x2000'746c     0x2  Data  Lc  calculation.o [10]
AC_CalculationTHandle   0x2000'7454     0x4  Data  Gb  InitFreeRtos.o [8]
AC_CalculationT_attributes
                          0x20'4588    0x24  Data  Gb  InitFreeRtos.o [8]
ADC_DMAConvCplt           0x20'4255    0x74  Code  Lc  stm32f7xx_hal_adc.o [14]
ADC_DMAError              0x20'42d1    0x12  Code  Lc  stm32f7xx_hal_adc.o [14]
ADC_DMAHalfConvCplt       0x20'42c9     0x6  Code  Lc  stm32f7xx_hal_adc.o [14]
ADC_IRQHandler            0x20'4945          Code  Wk  startup_stm32f746xx.o [1]
AHBPrescTable             0x20'47f8    0x10  Data  Gb  system_stm32f7xx.o [13]
APBPrescTable             0x20'48f4     0x8  Data  Gb  system_stm32f7xx.o [13]
BusFault_Handler          0x20'47cf     0x2  Code  Gb  stm32f7xx_it.o [11]
CAN1_RX0_IRQHandler       0x20'494d          Code  Wk  startup_stm32f746xx.o [1]
CAN1_RX1_IRQHandler       0x20'4951          Code  Wk  startup_stm32f746xx.o [1]
CAN1_SCE_IRQHandler       0x20'4955          Code  Wk  startup_stm32f746xx.o [1]
CAN1_TX_IRQHandler        0x20'4949          Code  Wk  startup_stm32f746xx.o [1]
CAN2_RX0_IRQHandler       0x20'49f5          Code  Wk  startup_stm32f746xx.o [1]
CAN2_RX1_IRQHandler       0x20'49f9          Code  Wk  startup_stm32f746xx.o [1]
CAN2_SCE_IRQHandler       0x20'49fd          Code  Wk  startup_stm32f746xx.o [1]
CAN2_TX_IRQHandler        0x20'49f1          Code  Wk  startup_stm32f746xx.o [1]
CEC_IRQHandler            0x20'4a69          Code  Wk  startup_stm32f746xx.o [1]
CSTACK$$Base            0x2000'7478           --   Gb  - Linker created -
CSTACK$$Limit           0x2000'7878           --   Gb  - Linker created -
CalculationNotifyHandle
                        0x2000'745c     0x4  Data  Gb  InitFreeRtos.o [8]
CalculationNotify_attributes
                          0x20'4440    0x18  Data  Gb  InitFreeRtos.o [8]
DCMI_IRQHandler           0x20'4a2d          Code  Wk  startup_stm32f746xx.o [1]
DEBUG_GPIO_INIT           0x20'3b69    0x42  Code  Gb  DebugTest.o [3]
DEBUG_PIN1_NUMBER       0x2000'0000     0x2  Data  Gb  DebugTest.o [3]
DEBUG_PIN1_PORT         0x2000'0004     0x4  Data  Gb  DebugTest.o [3]
DMA1_Stream0_IRQHandler
                          0x20'4929          Code  Wk  startup_stm32f746xx.o [1]
DMA1_Stream1_IRQHandler
                          0x20'492d          Code  Wk  startup_stm32f746xx.o [1]
DMA1_Stream2_IRQHandler
                          0x20'4931          Code  Wk  startup_stm32f746xx.o [1]
DMA1_Stream3_IRQHandler
                          0x20'4935          Code  Wk  startup_stm32f746xx.o [1]
DMA1_Stream4_IRQHandler
                          0x20'4939          Code  Wk  startup_stm32f746xx.o [1]
DMA1_Stream5_IRQHandler
                          0x20'493d          Code  Wk  startup_stm32f746xx.o [1]
DMA1_Stream6_IRQHandler
                          0x20'4941          Code  Wk  startup_stm32f746xx.o [1]
DMA1_Stream7_IRQHandler
                          0x20'49b5          Code  Wk  startup_stm32f746xx.o [1]
DMA2D_IRQHandler          0x20'4a59          Code  Wk  startup_stm32f746xx.o [1]
DMA2_Stream0_IRQHandler
                          0x20'47db     0x6  Code  Gb  stm32f7xx_it.o [11]
DMA2_Stream1_IRQHandler
                          0x20'49d9          Code  Wk  startup_stm32f746xx.o [1]
DMA2_Stream2_IRQHandler
                          0x20'49dd          Code  Wk  startup_stm32f746xx.o [1]
DMA2_Stream3_IRQHandler
                          0x20'49e1          Code  Wk  startup_stm32f746xx.o [1]
DMA2_Stream4_IRQHandler
                          0x20'49e5          Code  Wk  startup_stm32f746xx.o [1]
DMA2_Stream5_IRQHandler
                          0x20'4a05          Code  Wk  startup_stm32f746xx.o [1]
DMA2_Stream6_IRQHandler
                          0x20'4a09          Code  Wk  startup_stm32f746xx.o [1]
DMA2_Stream7_IRQHandler
                          0x20'4a0d          Code  Wk  startup_stm32f746xx.o [1]
DMA_CalcBaseAndBitshift
                          0x20'3b0d    0x26  Code  Lc  stm32f7xx_hal_dma.o [14]
DMA_CalcBaseAndBitshift::flagBitshiftOffset
                          0x20'3b34     0x8  Data  Lc  stm32f7xx_hal_dma.o [14]
DMA_SetConfig             0x20'3aed    0x20  Code  Lc  stm32f7xx_hal_dma.o [14]
DebugMon_Handler          0x20'47d3     0x2  Code  Gb  stm32f7xx_it.o [11]
DebugPinControl           0x20'3bc1     0xc  Code  Gb  DebugTest.o [3]
ETH_IRQHandler            0x20'49e9          Code  Wk  startup_stm32f746xx.o [1]
ETH_WKUP_IRQHandler       0x20'49ed          Code  Wk  startup_stm32f746xx.o [1]
EXTI0_IRQHandler          0x20'4915          Code  Wk  startup_stm32f746xx.o [1]
EXTI15_10_IRQHandler      0x20'4999          Code  Wk  startup_stm32f746xx.o [1]
EXTI1_IRQHandler          0x20'4919          Code  Wk  startup_stm32f746xx.o [1]
EXTI2_IRQHandler          0x20'491d          Code  Wk  startup_stm32f746xx.o [1]
EXTI3_IRQHandler          0x20'4921          Code  Wk  startup_stm32f746xx.o [1]
EXTI4_IRQHandler          0x20'4925          Code  Wk  startup_stm32f746xx.o [1]
EXTI9_5_IRQHandler        0x20'4959          Code  Wk  startup_stm32f746xx.o [1]
Error_Handler             0x20'37b9     0x4  Code  Gb  initialize.o [11]
FLASH_IRQHandler          0x20'490d          Code  Wk  startup_stm32f746xx.o [1]
FMC_IRQHandler            0x20'49b9          Code  Wk  startup_stm32f746xx.o [1]
FPU_IRQHandler            0x20'4a35          Code  Wk  startup_stm32f746xx.o [1]
HAL_ADC_ConfigChannel     0x20'40c3   0x152  Code  Gb  stm32f7xx_hal_adc.o [14]
HAL_ADC_ConvCpltCallback
                          0x20'4475     0xa  Code  Gb  DMA.o [9]
HAL_ADC_ConvHalfCpltCallback
                          0x20'4469     0xc  Code  Gb  DMA.o [9]
HAL_ADC_ErrorCallback     0x20'449d     0x2  Code  Wk  stm32f7xx_hal_adc.o [14]
HAL_ADC_Init              0x20'3e01   0x172  Code  Gb  stm32f7xx_hal_adc.o [14]
HAL_ADC_MspInit           0x20'34f3    0x52  Code  Gb  stm32f7xx_hal_msp.o [11]
HAL_ADC_Start_DMA         0x20'3f85   0x13e  Code  Gb  stm32f7xx_hal_adc.o [14]
HAL_DMA_IRQHandler        0x20'3933   0x19c  Code  Gb  stm32f7xx_hal_dma.o [14]
HAL_DMA_Init              0x20'37c9    0xe8  Code  Gb  stm32f7xx_hal_dma.o [14]
HAL_DMA_Start_IT          0x20'38b1    0x76  Code  Gb  stm32f7xx_hal_dma.o [14]
HAL_GPIO_Init             0x20'3bd9   0x1ea  Code  Gb  stm32f7xx_hal_gpio.o [14]
HAL_GPIO_WritePin         0x20'3dc3     0x8  Code  Gb  stm32f7xx_hal_gpio.o [14]
HAL_GetTick               0x20'2dbd     0xc  Code  Wk  stm32f7xx_hal.o [14]
HAL_IncTick               0x20'4459    0x10  Code  Wk  stm32f7xx_hal.o [14]
HAL_Init                  0x20'3b3d    0x28  Code  Gb  stm32f7xx_hal.o [14]
HAL_InitTick              0x20'2dc9    0x86  Code  Gb  stm32f7xx_hal_timebase_tim.o [11]
HAL_MspInit               0x20'34bd    0x36  Code  Gb  stm32f7xx_hal_msp.o [11]
HAL_NVIC_EnableIRQ        0x20'348f    0x16  Code  Gb  stm32f7xx_hal_cortex.o [14]
HAL_NVIC_SetPriority      0x20'3455    0x3a  Code  Gb  stm32f7xx_hal_cortex.o [14]
HAL_NVIC_SetPriorityGrouping
                          0x20'343b    0x1a  Code  Gb  stm32f7xx_hal_cortex.o [14]
HAL_RCC_ClockConfig       0x20'2be9    0xfa  Code  Gb  stm32f7xx_hal_rcc.o [14]
HAL_RCC_GetClockConfig    0x20'2d59    0x36  Code  Gb  stm32f7xx_hal_rcc.o [14]
HAL_RCC_GetPCLK1Freq      0x20'2d43    0x10  Code  Gb  stm32f7xx_hal_rcc.o [14]
HAL_RCC_GetSysClockFreq
                          0x20'2cf7    0x4c  Code  Gb  stm32f7xx_hal_rcc.o [14]
HAL_RCC_OscConfig         0x20'28c1   0x328  Code  Gb  stm32f7xx_hal_rcc.o [14]
HAL_TIMEx_Break2Callback
                          0x20'37bf     0x2  Code  Wk  stm32f7xx_hal_tim_ex.o [14]
HAL_TIMEx_BreakCallback
                          0x20'37bd     0x2  Code  Wk  stm32f7xx_hal_tim_ex.o [14]
HAL_TIMEx_CommutCallback
                          0x20'37c3     0x2  Code  Wk  stm32f7xx_hal_tim_ex.o [14]
HAL_TIMEx_MasterConfigSynchronization
                          0x20'42e5    0x84  Code  Gb  stm32f7xx_hal_tim_ex.o [14]
HAL_TIM_Base_Init         0x20'2fb1    0x1a  Code  Gb  stm32f7xx_hal_tim.o [14]
HAL_TIM_Base_MspInit      0x20'3545    0x22  Code  Gb  stm32f7xx_hal_msp.o [11]
HAL_TIM_Base_Start_IT     0x20'2fcb    0x7e  Code  Gb  stm32f7xx_hal_tim.o [14]
HAL_TIM_ConfigClockSource
                          0x20'3223    0xac  Code  Gb  stm32f7xx_hal_tim.o [14]
HAL_TIM_IC_CaptureCallback
                          0x20'3581     0x2  Code  Wk  stm32f7xx_hal_tim.o [14]
HAL_TIM_IRQHandler        0x20'30c1   0x15c  Code  Gb  stm32f7xx_hal_tim.o [14]
HAL_TIM_OC_DelayElapsedCallback
                          0x20'3583     0x2  Code  Wk  stm32f7xx_hal_tim.o [14]
HAL_TIM_PWM_PulseFinishedCallback
                          0x20'37c5     0x2  Code  Wk  stm32f7xx_hal_tim.o [14]
HAL_TIM_PeriodElapsedCallback
                          0x20'3787     0xe  Code  Gb  initialize.o [11]
HAL_TIM_TriggerCallback
                          0x20'37c1     0x2  Code  Wk  stm32f7xx_hal_tim.o [14]
HardFault_Handler         0x20'47cb     0x2  Code  Gb  stm32f7xx_it.o [11]
I2C1_ER_IRQHandler        0x20'4979          Code  Wk  startup_stm32f746xx.o [1]
I2C1_EV_IRQHandler        0x20'4975          Code  Wk  startup_stm32f746xx.o [1]
I2C2_ER_IRQHandler        0x20'4981          Code  Wk  startup_stm32f746xx.o [1]
I2C2_EV_IRQHandler        0x20'497d          Code  Wk  startup_stm32f746xx.o [1]
I2C3_ER_IRQHandler        0x20'4a19          Code  Wk  startup_stm32f746xx.o [1]
I2C3_EV_IRQHandler        0x20'4a15          Code  Wk  startup_stm32f746xx.o [1]
I2C4_ER_IRQHandler        0x20'4a71          Code  Wk  startup_stm32f746xx.o [1]
I2C4_EV_IRQHandler        0x20'4a6d          Code  Wk  startup_stm32f746xx.o [1]
Idle_Stack              0x2000'6ef8   0x200  Data  Lc  cmsis_os2.o [15]
Idle_TCB                0x2000'6e9c    0x5c  Data  Lc  cmsis_os2.o [15]
KernelState             0x2000'7460     0x4  Data  Lc  cmsis_os2.o [15]
LPTIM1_IRQHandler         0x20'4a65          Code  Wk  startup_stm32f746xx.o [1]
LTDC_ER_IRQHandler        0x20'4a55          Code  Wk  startup_stm32f746xx.o [1]
LTDC_IRQHandler           0x20'4a51          Code  Wk  startup_stm32f746xx.o [1]
MemManage_Handler         0x20'47cd     0x2  Code  Gb  stm32f7xx_it.o [11]
NMI_Handler               0x20'47c9     0x2  Code  Gb  stm32f7xx_it.o [11]
OTG_FS_IRQHandler         0x20'4a01          Code  Wk  startup_stm32f746xx.o [1]
OTG_FS_WKUP_IRQHandler    0x20'49a1          Code  Wk  startup_stm32f746xx.o [1]
OTG_HS_EP1_IN_IRQHandler
                          0x20'4a21          Code  Wk  startup_stm32f746xx.o [1]
OTG_HS_EP1_OUT_IRQHandler
                          0x20'4a1d          Code  Wk  startup_stm32f746xx.o [1]
OTG_HS_IRQHandler         0x20'4a29          Code  Wk  startup_stm32f746xx.o [1]
OTG_HS_WKUP_IRQHandler    0x20'4a25          Code  Wk  startup_stm32f746xx.o [1]
PVD_IRQHandler            0x20'4901          Code  Wk  startup_stm32f746xx.o [1]
PendSV_Handler            0x20'1e29          Code  Gb  portasm.o [15]
QUADSPI_IRQHandler        0x20'4a61          Code  Wk  startup_stm32f746xx.o [1]
QUEUE_msg               0x2000'746e     0x2  Data  Gb  DMA.o [9]
RCC_IRQHandler            0x20'4911          Code  Wk  startup_stm32f746xx.o [1]
RNG_IRQHandler            0x20'4a31          Code  Wk  startup_stm32f746xx.o [1]
RTC_Alarm_IRQHandler      0x20'499d          Code  Wk  startup_stm32f746xx.o [1]
RTC_WKUP_IRQHandler       0x20'4909          Code  Wk  startup_stm32f746xx.o [1]
Region$$Table$$Base       0x20'47a4           --   Gb  - Linker created -
Region$$Table$$Limit      0x20'47c8           --   Gb  - Linker created -
Reset_Handler             0x20'48c5          Code  Wk  startup_stm32f746xx.o [1]
SAI1_IRQHandler           0x20'4a4d          Code  Wk  startup_stm32f746xx.o [1]
SAI2_IRQHandler           0x20'4a5d          Code  Wk  startup_stm32f746xx.o [1]
SDMMC1_IRQHandler         0x20'49bd          Code  Wk  startup_stm32f746xx.o [1]
SEGGER_RTT_ASM_WriteSkipNoLock
                          0x20'20d5          Code  Gb  SEGGER_RTT_ASM_ARMv7M.o [5]
SEGGER_RTT_AllocUpBuffer
                          0x20'1fc1    0x50  Code  Gb  SEGGER_RTT.o [5]
SEGGER_RTT_ConfigDownBuffer
                          0x20'2045    0x38  Code  Gb  SEGGER_RTT.o [5]
SEGGER_RTT_ReadNoLock     0x20'1f55    0x44  Code  Gb  SEGGER_RTT.o [5]
SEGGER_SYSVIEW_Conf       0x20'4397    0x1c  Code  Gb  SEGGER_SYSVIEW_Config_FreeRTOS.o [4]
SEGGER_SYSVIEW_GetSysDesc
                          0x20'12d9    0x3c  Code  Gb  SEGGER_SYSVIEW.o [5]
SEGGER_SYSVIEW_Init       0x20'10e9    0x56  Code  Gb  SEGGER_SYSVIEW.o [5]
SEGGER_SYSVIEW_OnIdle     0x20'146b     0xa  Code  Gb  SEGGER_SYSVIEW.o [5]
SEGGER_SYSVIEW_OnTaskCreate
                          0x20'1475     0xa  Code  Gb  SEGGER_SYSVIEW.o [5]
SEGGER_SYSVIEW_OnTaskStartExec
                          0x20'14af     0xa  Code  Gb  SEGGER_SYSVIEW.o [5]
SEGGER_SYSVIEW_OnTaskStartReady
                          0x20'14b9     0xa  Code  Gb  SEGGER_SYSVIEW.o [5]
SEGGER_SYSVIEW_OnTaskStopReady
                          0x20'14c3    0x40  Code  Gb  SEGGER_SYSVIEW.o [5]
SEGGER_SYSVIEW_RecordEnterISR
                          0x20'13f9    0x1e  Code  Gb  SEGGER_SYSVIEW.o [5]
SEGGER_SYSVIEW_RecordExitISR
                          0x20'142d     0x8  Code  Gb  SEGGER_SYSVIEW.o [5]
SEGGER_SYSVIEW_RecordExitISRToScheduler
                          0x20'1441     0xa  Code  Gb  SEGGER_SYSVIEW.o [5]
SEGGER_SYSVIEW_RecordSystime
                          0x20'13cf    0x2a  Code  Gb  SEGGER_SYSVIEW.o [5]
SEGGER_SYSVIEW_RecordU32
                          0x20'1151    0x24  Code  Gb  SEGGER_SYSVIEW.o [5]
SEGGER_SYSVIEW_RecordU32x2
                          0x20'1175    0x38  Code  Gb  SEGGER_SYSVIEW.o [5]
SEGGER_SYSVIEW_RecordU32x3
                          0x20'11ad     0xc  Code  Gb  SEGGER_SYSVIEW.o [5]
SEGGER_SYSVIEW_RecordU32x4
                          0x20'11b9    0x22  Code  Gb  SEGGER_SYSVIEW.o [5]
SEGGER_SYSVIEW_RecordVoid
                          0x20'1147     0xa  Code  Gb  SEGGER_SYSVIEW.o [5]
SEGGER_SYSVIEW_SendModule
                          0x20'1539    0x5c  Code  Gb  SEGGER_SYSVIEW.o [5]
SEGGER_SYSVIEW_SendModuleDescription
                          0x20'15ab    0x16  Code  Gb  SEGGER_SYSVIEW.o [5]
SEGGER_SYSVIEW_SendNumModules
                          0x20'15c1    0x14  Code  Gb  SEGGER_SYSVIEW.o [5]
SEGGER_SYSVIEW_SendSysDesc
                          0x20'13c3     0xc  Code  Gb  SEGGER_SYSVIEW.o [5]
SEGGER_SYSVIEW_SendTaskInfo
                          0x20'1315    0x64  Code  Gb  SEGGER_SYSVIEW.o [5]
SEGGER_SYSVIEW_SendTaskList
                          0x20'13b3    0x10  Code  Gb  SEGGER_SYSVIEW.o [5]
SEGGER_SYSVIEW_SetRAMBase
                          0x20'113f     0x8  Code  Gb  SEGGER_SYSVIEW.o [5]
SEGGER_SYSVIEW_ShrinkId
                          0x20'1525     0x8  Code  Gb  SEGGER_SYSVIEW.o [5]
SEGGER_SYSVIEW_Start      0x20'1243    0x6c  Code  Gb  SEGGER_SYSVIEW.o [5]
SEGGER_SYSVIEW_Stop       0x20'12af    0x1e  Code  Gb  SEGGER_SYSVIEW.o [5]
SEGGER_SYSVIEW_Warn       0x20'15f7     0xa  Code  Gb  SEGGER_SYSVIEW.o [5]
SPDIF_RX_IRQHandler       0x20'4a75          Code  Wk  startup_stm32f746xx.o [1]
SPI1_IRQHandler           0x20'4985          Code  Wk  startup_stm32f746xx.o [1]
SPI2_IRQHandler           0x20'4989          Code  Wk  startup_stm32f746xx.o [1]
SPI3_IRQHandler           0x20'49c5          Code  Wk  startup_stm32f746xx.o [1]
SPI4_IRQHandler           0x20'4a41          Code  Wk  startup_stm32f746xx.o [1]
SPI5_IRQHandler           0x20'4a45          Code  Wk  startup_stm32f746xx.o [1]
SPI6_IRQHandler           0x20'4a49          Code  Wk  startup_stm32f746xx.o [1]
SVC_Handler               0x20'1e85          Code  Gb  portasm.o [15]
SYSVIEW_AddTask           0x20'16a9    0x54  Code  Gb  SEGGER_SYSVIEW_FreeRTOS.o [4]
SYSVIEW_SendTaskInfo      0x20'1709    0x30  Code  Gb  SEGGER_SYSVIEW_FreeRTOS.o [4]
SYSVIEW_X_OS_TraceAPI     0x20'48ec     0x8  Data  Gb  SEGGER_SYSVIEW_FreeRTOS.o [4]
SysTick_Handler           0x20'0e3b    0x2a  Code  Gb  port.o [15]
SystemClock_Config        0x20'36f5    0x92  Code  Gb  initialize.o [11]
SystemCoreClock         0x2000'0020     0x4  Data  Gb  system_stm32f7xx.o [13]
SystemInit                0x20'47e9     0xc  Code  Gb  system_stm32f7xx.o [13]
TAMP_STAMP_IRQHandler     0x20'4905          Code  Wk  startup_stm32f746xx.o [1]
TIM1_BRK_TIM9_IRQHandler
                          0x20'495d          Code  Wk  startup_stm32f746xx.o [1]
TIM1_CC_IRQHandler        0x20'4969          Code  Wk  startup_stm32f746xx.o [1]
TIM1_TRG_COM_TIM11_IRQHandler
                          0x20'4965          Code  Wk  startup_stm32f746xx.o [1]
TIM1_UP_TIM10_IRQHandler
                          0x20'4961          Code  Wk  startup_stm32f746xx.o [1]
TIM2_IRQHandler           0x20'496d          Code  Wk  startup_stm32f746xx.o [1]
TIM3_IRQHandler           0x20'4971          Code  Wk  startup_stm32f746xx.o [1]
TIM4_IRQHandler           0x20'47d5     0x6  Code  Gb  stm32f7xx_it.o [11]
TIM5_IRQHandler           0x20'49c1          Code  Wk  startup_stm32f746xx.o [1]
TIM6_DAC_IRQHandler       0x20'49d1          Code  Wk  startup_stm32f746xx.o [1]
TIM7_IRQHandler           0x20'49d5          Code  Wk  startup_stm32f746xx.o [1]
TIM8_BRK_TIM12_IRQHandler
                          0x20'49a5          Code  Wk  startup_stm32f746xx.o [1]
TIM8_CC_IRQHandler        0x20'49b1          Code  Wk  startup_stm32f746xx.o [1]
TIM8_TRG_COM_TIM14_IRQHandler
                          0x20'49ad          Code  Wk  startup_stm32f746xx.o [1]
TIM8_UP_TIM13_IRQHandler
                          0x20'49a9          Code  Wk  startup_stm32f746xx.o [1]
TIM_Base_SetConfig        0x20'32e1    0xa4  Code  Gb  stm32f7xx_hal_tim.o [14]
TIM_ETR_SetConfig         0x20'340b    0x14  Code  Gb  stm32f7xx_hal_tim.o [14]
TIM_ITRx_SetConfig        0x20'33fb    0x10  Code  Lc  stm32f7xx_hal_tim.o [14]
TIM_TI1_ConfigInputStage
                          0x20'33b5    0x22  Code  Lc  stm32f7xx_hal_tim.o [14]
TIM_TI2_ConfigInputStage
                          0x20'33d7    0x24  Code  Lc  stm32f7xx_hal_tim.o [14]
TaskActivatedTest         0x20'3bab     0xc  Code  Gb  DebugTest.o [3]
Timer_Stack             0x2000'6a9c   0x400  Data  Lc  cmsis_os2.o [15]
Timer_TCB               0x2000'6a40    0x5c  Data  Lc  cmsis_os2.o [15]
UART4_IRQHandler          0x20'49c9          Code  Wk  startup_stm32f746xx.o [1]
UART5_IRQHandler          0x20'49cd          Code  Wk  startup_stm32f746xx.o [1]
UART7_IRQHandler          0x20'4a39          Code  Wk  startup_stm32f746xx.o [1]
UART8_IRQHandler          0x20'4a3d          Code  Wk  startup_stm32f746xx.o [1]
USART1_IRQHandler         0x20'498d          Code  Wk  startup_stm32f746xx.o [1]
USART2_IRQHandler         0x20'4991          Code  Wk  startup_stm32f746xx.o [1]
USART3_IRQHandler         0x20'4995          Code  Wk  startup_stm32f746xx.o [1]
USART6_IRQHandler         0x20'4a11          Code  Wk  startup_stm32f746xx.o [1]
UsageFault_Handler        0x20'47d1     0x2  Code  Gb  stm32f7xx_it.o [11]
WWDG_IRQHandler           0x20'48fd          Code  Wk  startup_stm32f746xx.o [1]
_DoInit                   0x20'1edd    0x66  Code  Lc  SEGGER_RTT.o [5]
_DoInit::_aInitStr        0x20'20c0    0x14  Data  Lc  SEGGER_RTT.o [5]
_DownBuffer             0x2000'603c     0x8  Data  Lc  SEGGER_SYSVIEW.o [5]
_EncodeStr                0x20'0ec1    0x42  Code  Lc  SEGGER_SYSVIEW.o [5]
_HandleIncomingPacket     0x20'0f03    0x80  Code  Lc  SEGGER_SYSVIEW.o [5]
_NumModules             0x2000'7470     0x1  Data  Lc  SEGGER_SYSVIEW.o [5]
_NumTasks               0x2000'7468     0x4  Data  Lc  SEGGER_SYSVIEW_FreeRTOS.o [4]
_SEGGER_RTT             0x2000'6128    0xa8  Data  Gb  SEGGER_RTT.o [5]
_SYSVIEW_Globals        0x2000'5c10    0x28  Data  Lc  SEGGER_SYSVIEW.o [5]
_SendPacket               0x20'0f8d   0x146  Code  Lc  SEGGER_SYSVIEW.o [5]
_UpBuffer               0x2000'5c3c   0x400  Data  Lc  SEGGER_SYSVIEW.o [5]
__NVIC_SetPriority        0x20'3421    0x1a  Code  Lc  stm32f7xx_hal_cortex.o [14]
__aeabi_ldiv0             0x20'34b9          Code  Gb  I64DivZer.o [18]
__aeabi_memclr4           0x20'2169          Code  Gb  ABImemclr4.o [18]
__aeabi_memset4           0x20'0c05          Code  Gb  ABImemset48.o [18]
__aeabi_memset8           0x20'0c05          Code  Gb  ABImemset48.o [18]
__cmain                   0x20'4809          Code  Gb  cmain.o [18]
__exit                    0x20'4845    0x14  Code  Gb  exit.o [19]
__iar_Memset4_word        0x20'0c0d          Code  Gb  ABImemset48.o [18]
__iar_Memset8_word        0x20'0c0d          Code  Gb  ABImemset48.o [18]
__iar_copy_init3          0x20'0cd3    0x2a  Code  Gb  copy_init3.o [18]
__iar_data_init3          0x20'4735    0x28  Code  Gb  data_init.o [18]
__iar_init_vfp            0x20'4781          Code  Gb  fpinit_M.o [17]
__iar_program_start       0x20'4859          Code  Gb  cstartup_M.o [18]
__iar_small_Memcpy        0x20'28ad          Code  Gb  ABImemcpy_small.o [18]
__iar_small_ldivmod       0x20'2e65          Code  Gb  I64DivMod_small.o [18]
__iar_small_memcmp        0x20'1ddd          Code  Gb  memcmp_small.o [18]
__iar_small_memcpy        0x20'28a9          Code  Gb  ABImemcpy_small.o [18]
__iar_small_memcpy4       0x20'28a9          Code  Gb  ABImemcpy_small.o [18]
__iar_small_memcpy8       0x20'28a9          Code  Gb  ABImemcpy_small.o [18]
__iar_small_uldivmod      0x20'2ea9          Code  Gb  I64DivMod_small.o [18]
__iar_zero_init3          0x20'46c9    0x38  Code  Gb  zero_init3.o [18]
__low_level_init          0x20'4827     0x4  Code  Gb  low_level_init.o [16]
__vector_table            0x20'0000          Data  Gb  startup_stm32f746xx.o [1]
_aPacket                0x2000'6044    0xe4  Data  Lc  SEGGER_SYSVIEW.o [5]
_aTasks                 0x2000'7224    0xa0  Data  Lc  SEGGER_SYSVIEW_FreeRTOS.o [4]
_abSync                   0x20'165c     0xc  Data  Lc  SEGGER_SYSVIEW.o [5]
_acDownBuffer           0x2000'65d0    0x10  Data  Lc  SEGGER_RTT.o [5]
_acUpBuffer             0x2000'61d0   0x400  Data  Lc  SEGGER_RTT.o [5]
_call_main                0x20'4815          Code  Gb  cmain.o [18]
_cbGetTime                0x20'1699    0x10  Code  Lc  SEGGER_SYSVIEW_FreeRTOS.o [4]
_cbSendSystemDesc         0x20'4385    0x12  Code  Lc  SEGGER_SYSVIEW_Config_FreeRTOS.o [4]
_cbSendTaskList           0x20'1669    0x30  Code  Lc  SEGGER_SYSVIEW_FreeRTOS.o [4]
_exit                     0x20'4839          Code  Gb  cexit.o [18]
_pFirstModule           0x2000'5c38     0x4  Data  Lc  SEGGER_SYSVIEW.o [5]
arm_rms_q15               0x20'45d1    0x56  Code  Gb  arm_rms_q15.o [7]
arm_sqrt_q15              0x20'44a1    0xc4  Code  Gb  arm_sqrt_q15.o [7]
counter                 0x2000'7464     0x4  Data  Gb  DebugTest.o [3]
countup                   0x20'3bb7     0xa  Code  Gb  DebugTest.o [3]
dmabuffer               0x2000'3cd0  0x1f40  Data  Gb  initialize.o [11]
exit                      0x20'4835     0x4  Code  Gb  exit.o [16]
hadc3                   0x2000'3c3c    0x48  Data  Gb  initialize.o [11]
hdma_adc3               0x2000'7364    0x60  Data  Gb  initialize.o [11]
highPrioTask              0x20'48a1    0x14  Code  Gb  highPrio.o [10]
highPrioTaskHandle      0x2000'7450     0x4  Data  Gb  InitFreeRtos.o [8]
highPrio_attributes       0x20'4564    0x24  Data  Gb  InitFreeRtos.o [8]
htim1                   0x2000'3c84    0x4c  Data  Gb  initialize.o [11]
htim4                   0x2000'73c4    0x4c  Data  Gb  stm32f7xx_hal_timebase_tim.o [11]
init_os                   0x20'43e5    0x42  Code  Gb  InitFreeRtos.o [8]
initialize                0x20'3585   0x170  Code  Gb  initialize.o [11]
main                      0x20'482b     0xa  Code  Gb  main.o [2]
mediumPrioTask            0x20'4875    0x18  Code  Gb  mediumPrio.o [10]
mediumPrio_TaskHandle   0x2000'7458     0x4  Data  Gb  InitFreeRtos.o [8]
mediumPrio_attributes     0x20'45ac    0x24  Data  Gb  InitFreeRtos.o [8]
osDelay                   0x20'1871    0x2e  Code  Gb  cmsis_os2.o [15]
osKernelInitialize        0x20'1741    0x2c  Code  Gb  cmsis_os2.o [15]
osKernelStart             0x20'1775    0x36  Code  Gb  cmsis_os2.o [15]
osMessageQueueGet         0x20'19c3    0x6c  Code  Gb  cmsis_os2.o [15]
osMessageQueueNew         0x20'18cd    0x76  Code  Gb  cmsis_os2.o [15]
osMessageQueuePut         0x20'1953    0x70  Code  Gb  cmsis_os2.o [15]
osThreadNew               0x20'17b7    0xac  Code  Gb  cmsis_os2.o [15]
prvAddCurrentTaskToDelayedList
                          0x20'09cf    0x60  Code  Lc  tasks.o [15]
prvAddNewTaskToReadyList
                          0x20'031b    0xd0  Code  Lc  tasks.o [15]
prvCheckForValidListAndQueue
                          0x20'1d75    0x4e  Code  Lc  timers.o [15]
prvCheckForValidListAndQueue{1}{2}{3}{4}::ucStaticTimerQueueStorage
                        0x2000'7184    0xa0  Data  Lc  timers.o [15]
prvCheckForValidListAndQueue{1}{2}{3}{4}::xStaticTimerQueue
                        0x2000'7134    0x50  Data  Lc  timers.o [15]
prvCopyDataFromQueue      0x20'277d    0x26  Code  Lc  queue.o [15]
prvCopyDataToQueue        0x20'2715    0x68  Code  Lc  queue.o [15]
prvDeleteTCB              0x20'08cd    0x2a  Code  Lc  tasks.o [15]
prvIdleTask               0x20'0861    0x46  Code  Lc  tasks.o [15]
prvInitialiseNewQueue     0x20'2281    0x32  Code  Lc  queue.o [15]
prvInitialiseNewTask      0x20'028d    0x8e  Code  Lc  tasks.o [15]
prvInsertBlockIntoFreeList
                          0x20'0bb7    0x46  Code  Lc  heap_4.o [15]
prvInsertTimerInActiveList
                          0x20'1d41    0x34  Code  Lc  timers.o [15]
prvIsQueueEmpty           0x20'280b    0x16  Code  Lc  queue.o [15]
prvResetNextTaskUnblockTime
                          0x20'08f7    0x1c  Code  Lc  tasks.o [15]
prvSampleTimeNow          0x20'1ca7    0x86  Code  Lc  timers.o [15]
prvSampleTimeNow::xLastTime
                        0x2000'7108     0x4  Data  Lc  timers.o [15]
prvTaskCheckFreeStackSpace
                          0x20'08a7    0x16  Code  Lc  tasks.o [15]
prvTaskExitError          0x20'0d25    0x20  Code  Lc  port.o [15]
prvTimerTask              0x20'1b19   0x18e  Code  Lc  timers.o [15]
prvUnlockQueue            0x20'27a3    0x68  Code  Lc  queue.o [15]
pvPortMalloc              0x20'0a41   0x112  Code  Gb  heap_4.o [15]
pxCurrentTCB            0x2000'72ec     0x4  Data  Gb  tasks.o [15]
pxCurrentTimerList      0x2000'70f8     0x4  Data  Lc  timers.o [15]
pxDelayedTaskList       0x2000'72f0     0x4  Data  Lc  tasks.o [15]
pxEnd                   0x2000'002c     0x4  Data  Lc  heap_4.o [15]
pxOverflowDelayedTaskList
                        0x2000'72f4     0x4  Data  Lc  tasks.o [15]
pxOverflowTimerList     0x2000'70fc     0x4  Data  Lc  timers.o [15]
pxPortInitialiseStack     0x20'0cfd    0x26  Code  Gb  port.o [15]
pxReadyTasksLists       0x2000'65e0   0x460  Data  Lc  tasks.o [15]
startsheduler             0x20'443d     0x4  Code  Gb  InitFreeRtos.o [8]
ucHeap                  0x2000'003c  0x3c00  Data  Lc  heap_4.o [15]
ucMaxSysCallPriority    0x2000'0008     0x1  Data  Lc  port.o [15]
ulMaxPRIGROUPValue      0x2000'0010     0x4  Data  Lc  port.o [15]
uwTick                  0x2000'0018     0x4  Data  Gb  stm32f7xx_hal.o [14]
uwTickFreq              0x2000'0014     0x1  Data  Gb  stm32f7xx_hal.o [14]
uwTickPrio              0x2000'001c     0x4  Data  Gb  stm32f7xx_hal.o [14]
uxCriticalNesting       0x2000'000c     0x4  Data  Lc  port.o [15]
uxCurrentNumberOfTasks  0x2000'7310     0x4  Data  Lc  tasks.o [15]
uxDeletedTasksWaitingCleanUp
                        0x2000'72f8     0x4  Data  Lc  tasks.o [15]
uxListRemove              0x20'0cab    0x28  Code  Gb  list.o [15]
uxPendedTicks           0x2000'7320     0x4  Data  Lc  tasks.o [15]
uxSchedulerSuspended    0x2000'7338     0x4  Data  Lc  tasks.o [15]
uxTaskGetStackHighWaterMark
                          0x20'08bd     0xc  Code  Gb  tasks.o [15]
uxTaskNumber            0x2000'732c     0x4  Data  Lc  tasks.o [15]
uxTopReadyPriority      0x2000'7318     0x4  Data  Lc  tasks.o [15]
vApplicationGetIdleTaskMemory
                          0x20'1a3d    0x10  Code  Gb  cmsis_os2.o [15]
vApplicationGetTimerTaskMemory
                          0x20'1a4d    0x12  Code  Gb  cmsis_os2.o [15]
vListInitialise           0x20'0c3f    0x1a  Code  Gb  list.o [15]
vListInitialiseItem       0x20'0c59     0x6  Code  Gb  list.o [15]
vListInsert               0x20'0c79    0x32  Code  Gb  list.o [15]
vListInsertEnd            0x20'0c5f    0x1a  Code  Gb  list.o [15]
vPortEnableVFP            0x20'1ec1          Code  Gb  portasm.o [15]
vPortEnterCritical        0x20'0ddb    0x3a  Code  Gb  port.o [15]
vPortExitCritical         0x20'0e15    0x26  Code  Gb  port.o [15]
vPortFree                 0x20'0b65    0x52  Code  Gb  heap_4.o [15]
vPortSetupTimerInterrupt
                          0x20'1dfd    0x2c  Code  Wk  port.o [15]
vPortStartFirstTask       0x20'1ea1          Code  Gb  portasm.o [15]
vPortValidateInterruptPriority
                          0x20'0e65    0x40  Code  Gb  port.o [15]
vQueueAddToRegistry       0x20'2821    0x32  Code  Gb  queue.o [15]
vQueueWaitForMessageRestricted
                          0x20'2861    0x48  Code  Gb  queue.o [15]
vTaskDelay                0x20'0409    0x36  Code  Gb  tasks.o [15]
vTaskInternalSetTimeOutState
                          0x20'07d9     0xe  Code  Gb  tasks.o [15]
vTaskMissedYield          0x20'0857     0xa  Code  Gb  tasks.o [15]
vTaskPlaceOnEventList     0x20'06f9    0x20  Code  Gb  tasks.o [15]
vTaskPlaceOnEventListRestricted
                          0x20'0719    0x26  Code  Gb  tasks.o [15]
vTaskStartScheduler       0x20'0467    0x84  Code  Gb  tasks.o [15]
vTaskSuspendAll           0x20'04eb     0xc  Code  Gb  tasks.o [15]
vTaskSwitchContext        0x20'0681    0x6e  Code  Gb  tasks.o [15]
xActiveTimerList1       0x2000'710c    0x14  Data  Lc  timers.o [15]
xActiveTimerList2       0x2000'7120    0x14  Data  Lc  timers.o [15]
xBlockAllocatedBit      0x2000'0038     0x4  Data  Lc  heap_4.o [15]
xDelayedTaskList1       0x2000'733c    0x14  Data  Lc  tasks.o [15]
xDelayedTaskList2       0x2000'7350    0x14  Data  Lc  tasks.o [15]
xFreeBytesRemaining     0x2000'0030     0x4  Data  Lc  heap_4.o [15]
xIdleTaskHandle         0x2000'7334     0x4  Data  Lc  tasks.o [15]
xMinimumEverFreeBytesRemaining
                        0x2000'0034     0x4  Data  Lc  heap_4.o [15]
xNextTaskUnblockTime    0x2000'7330     0x4  Data  Lc  tasks.o [15]
xNumOfOverflows         0x2000'7328     0x4  Data  Lc  tasks.o [15]
xPendingReadyList       0x2000'72c4    0x14  Data  Lc  tasks.o [15]
xPortStartScheduler       0x20'0d45    0x82  Code  Gb  port.o [15]
xQueueGenericCreate       0x20'2243    0x3e  Code  Gb  queue.o [15]
xQueueGenericCreateStatic
                          0x20'21e3    0x4e  Code  Gb  queue.o [15]
xQueueGenericReset        0x20'2171    0x72  Code  Gb  queue.o [15]
xQueueGenericSend         0x20'22c7   0x138  Code  Gb  queue.o [15]
xQueueGenericSendFromISR
                          0x20'2421    0xa6  Code  Gb  queue.o [15]
xQueueReceive             0x20'24e3   0x10a  Code  Gb  queue.o [15]
xQueueReceiveFromISR      0x20'2655    0xae  Code  Gb  queue.o [15]
xQueueRegistry          0x2000'7410    0x40  Data  Gb  queue.o [15]
xSchedulerRunning       0x2000'731c     0x4  Data  Lc  tasks.o [15]
xStart                  0x2000'0024     0x8  Data  Lc  heap_4.o [15]
xSuspendedTaskList      0x2000'72fc    0x14  Data  Lc  tasks.o [15]
xTaskCheckForTimeOut      0x20'07e7    0x5e  Code  Gb  tasks.o [15]
xTaskCreate               0x20'0231    0x5c  Code  Gb  tasks.o [15]
xTaskCreateStatic         0x20'01c9    0x56  Code  Gb  tasks.o [15]
xTaskGetSchedulerState    0x20'0913    0x18  Code  Gb  tasks.o [15]
xTaskGetTickCount         0x20'05a7     0x8  Code  Gb  tasks.o [15]
xTaskGetTickCountFromISR
                          0x20'05af     0xe  Code  Gb  tasks.o [15]
xTaskIncrementTick        0x20'05bd    0xc2  Code  Gb  tasks.o [15]
xTaskPriorityDisinherit
                          0x20'092b    0x60  Code  Gb  tasks.o [15]
xTaskRemoveFromEventList
                          0x20'0753    0x54  Code  Gb  tasks.o [15]
xTaskResumeAll            0x20'04f7    0x9c  Code  Gb  tasks.o [15]
xTasksWaitingTermination
                        0x2000'72d8    0x14  Data  Lc  tasks.o [15]
xTickCount              0x2000'7314     0x4  Data  Lc  tasks.o [15]
xTimerCreateTimerTask     0x20'1a6d    0x5c  Code  Gb  timers.o [15]
xTimerGenericCommand      0x20'1ac9    0x4e  Code  Gb  timers.o [15]
xTimerQueue             0x2000'7100     0x4  Data  Lc  timers.o [15]
xTimerTaskHandle        0x2000'7104     0x4  Data  Lc  timers.o [15]
xYieldPending           0x2000'7324     0x4  Data  Lc  tasks.o [15]


[1] = G:\Meine Ablage\studium\Masterarbeit_files\FI_FIRMWARE\EWARM\STM32F7_Debug_500k_Sample_Data\Obj\Application\EWARM
[2] = G:\Meine Ablage\studium\Masterarbeit_files\FI_FIRMWARE\EWARM\STM32F7_Debug_500k_Sample_Data\Obj\Application\User\Core
[3] = G:\Meine Ablage\studium\Masterarbeit_files\FI_FIRMWARE\EWARM\STM32F7_Debug_500k_Sample_Data\Obj\Application\User\Core\Packages\Debug\SerialWireDebug
[4] = G:\Meine Ablage\studium\Masterarbeit_files\FI_FIRMWARE\EWARM\STM32F7_Debug_500k_Sample_Data\Obj\Application\User\Core\Packages\Debug\SystemView\Config
[5] = G:\Meine Ablage\studium\Masterarbeit_files\FI_FIRMWARE\EWARM\STM32F7_Debug_500k_Sample_Data\Obj\Application\User\Core\Packages\Debug\SystemView\SEGGER
[6] = G:\Meine Ablage\studium\Masterarbeit_files\FI_FIRMWARE\EWARM\STM32F7_Debug_500k_Sample_Data\Obj\Application\User\Core\Packages\Debug\SystemView\SEGGER\Syscalls
[7] = G:\Meine Ablage\studium\Masterarbeit_files\FI_FIRMWARE\EWARM\STM32F7_Debug_500k_Sample_Data\Obj\Application\User\Core\Packages\arm_math
[8] = G:\Meine Ablage\studium\Masterarbeit_files\FI_FIRMWARE\EWARM\STM32F7_Debug_500k_Sample_Data\Obj\Application\User\Core\RTOS\Initialization
[9] = G:\Meine Ablage\studium\Masterarbeit_files\FI_FIRMWARE\EWARM\STM32F7_Debug_500k_Sample_Data\Obj\Application\User\Core\RTOS\Interrupt_Callback
[10] = G:\Meine Ablage\studium\Masterarbeit_files\FI_FIRMWARE\EWARM\STM32F7_Debug_500k_Sample_Data\Obj\Application\User\Core\RTOS\Tasks
[11] = G:\Meine Ablage\studium\Masterarbeit_files\FI_FIRMWARE\EWARM\STM32F7_Debug_500k_Sample_Data\Obj\Application\User\Core\processors\STM32F7xx
[12] = G:\Meine Ablage\studium\Masterarbeit_files\FI_FIRMWARE\EWARM\STM32F7_Debug_500k_Sample_Data\Obj\Application\User\Core\processors\STM32F7xx\Configuration\500k_Sample_Data
[13] = G:\Meine Ablage\studium\Masterarbeit_files\FI_FIRMWARE\EWARM\STM32F7_Debug_500k_Sample_Data\Obj\Drivers\CMSIS
[14] = G:\Meine Ablage\studium\Masterarbeit_files\FI_FIRMWARE\EWARM\STM32F7_Debug_500k_Sample_Data\Obj\Drivers\STM32F7xx_HAL_Driver
[15] = G:\Meine Ablage\studium\Masterarbeit_files\FI_FIRMWARE\EWARM\STM32F7_Debug_500k_Sample_Data\Obj\Middlewares\FreeRTOS\FreeRTOS_10_2_1
[16] = dl7M_tlf.a
[17] = m7M_tls.a
[18] = rt7M_tl.a
[19] = shb_l.a

  18'672 bytes of readonly  code memory
     392 bytes of readonly  data memory
  30'833 bytes of readwrite data memory

Errors: none
Warnings: none
